2026-06-28 13:25:22.122 28304-28404 Codec2Client            com.tapman104.mpvplayer              W  query -- param skipped: index = 1342179345.
2026-06-28 13:25:22.122 28304-28404 Codec2Client            com.tapman104.mpvplayer              W  query -- param skipped: index = 2415921170.
2026-06-28 13:25:22.122 28304-28404 Codec2Client            com.tapman104.mpvplayer              W  query -- param skipped: index = 1610614798.
2026-06-28 13:25:22.129 28304-28404 MediaCodec              com.tapman104.mpvplayer              D  [0xb4000075377d8920] setState: 7
2026-06-28 13:25:22.142 28304-28404 MediaCodec              com.tapman104.mpvplayer              D  [0xb4000075377d8920] setState: 6
2026-06-28 13:25:22.142 28304-28404 CCodecConfig            com.tapman104.mpvplayer              I  query failed after returning 19 values (BAD_INDEX)
2026-06-28 13:25:22.143 28304-28404 Codec2Client            com.tapman104.mpvplayer              W  query -- param skipped: index = 1342179345.
2026-06-28 13:25:22.143 28304-28404 Codec2Client            com.tapman104.mpvplayer              W  query -- param skipped: index = 2415921170.
2026-06-28 13:25:22.143 28304-28404 Codec2Client            com.tapman104.mpvplayer              W  query -- param skipped: index = 1610614798.
2026-06-28 13:25:22.145 28304-28395 mpv                     com.tapman104.mpvplayer              V  [cplayer:v] hr-seek, skipping to 1155.189000
2026-06-28 13:25:22.149 28304-28395 mpv                     com.tapman104.mpvplayer              V  event: seek
2026-06-28 13:25:22.149 28304-28395 MpvEventDispatcher      com.tapman104.mpvplayer              D  Received MPV event: 20
2026-06-28 13:25:22.150 28304-28395 mpv                     com.tapman104.mpvplayer              V  [mkv:v] EOF reached.
2026-06-28 13:25:22.155 28304-28405 CCodecBufferChannel     com.tapman104.mpvplayer              D  [c2.mtk.avc.decoder#290] Discard frames from previous generation.
2026-06-28 13:25:22.155 28304-28405 Codec2-Out...ufferQueue com.tapman104.mpvplayer              D  set max dequeue count 19 from update
2026-06-28 13:25:22.155 28304-28404 CCodecBufferChannel     com.tapman104.mpvplayer              D  [c2.mtk.avc.decoder#290] send inputSlots num:8 to codec
2026-06-28 13:25:22.159 28304-28409 CCodecBufferChannel     com.tapman104.mpvplayer              D  [c2.mtk.avc.decoder#290] Ignoring stale input buffer done callback: last flush index = 1744, frameIndex = 1744
2026-06-28 13:25:22.199 28304-28395 mpv                     com.tapman104.mpvplayer              V  [vd:v] Decoder format: 1920x1080 [0:1] yuv420p auto/auto/auto/limited/auto CL=unknown crop=1920x1080+0+0 A=none
2026-06-28 13:25:22.200 28304-28395 mpv                     com.tapman104.mpvplayer              V  [vd:v] Using container aspect ratio.
2026-06-28 13:25:22.352 28304-28395 mpv                     com.tapman104.mpvplayer              V  [cplayer:v] first video frame after restart shown
2026-06-28 13:25:22.353 28304-28395 mpv                     com.tapman104.mpvplayer              V  [cplayer:v] audio ready
2026-06-28 13:25:22.354 28304-28386 AudioTrack              com.tapman104.mpvplayer              D  start(78): 0xb400007457778470, prior state:STATE_FLUSHED, packageName: com.tapman104.mpvplayer
2026-06-28 13:25:22.355  1044-1044  BufferQueueProducer     surfaceflinger                       I  [75af9c3 SurfaceView[com.tapman104.mpvplayer/com.tapman104.mpvplayer.PlayerActivity](BLAST)#4554](this:0xb40000770ea976f8,id:-1,api:0,p:-1,c:1044) queueBuffer: fps=19.76 dur=1012.24 max=225.61 min=33.34
2026-06-28 13:25:22.356 28304-28395 mpv                     com.tapman104.mpvplayer              V  [cplayer:v] starting audio playback
2026-06-28 13:25:22.362  1626-2515  AppOps                  system_server                        E  attributionTag  not declared in manifest of com.tapman104.mpvplayer
2026-06-28 13:25:22.363  1626-2515  AppOps                  system_server                        E  attributionTag  not declared in manifest of com.tapman104.mpvplayer
2026-06-28 13:25:22.365 28304-28395 mpv                     com.tapman104.mpvplayer              V  event: playback-restart
2026-06-28 13:25:22.365 28304-28395 MpvEventDispatcher      com.tapman104.mpvplayer              D  Received MPV event: 21
2026-06-28 13:25:22.366 28304-28395 mpv                     com.tapman104.mpvplayer              V  [cplayer:v] playback restart complete @ 1155.203000, audio=playing, video=playing
2026-06-28 13:25:22.367 28304-28395 mpv                     com.tapman104.mpvplayer              V  [cplayer:warn] Audio device underrun detected.
2026-06-28 13:25:22.368 28304-28395 mpv                     com.tapman104.mpvplayer              V  [cplayer:v] restarting audio after underrun
2026-06-28 13:25:22.467  2736-30654 DetectSceneService      com.nothing.audioeffect              D  pid = 28304 processName = com.tapman104.mpvplayer
2026-06-28 13:25:22.489  1626-2420  NtAudioGlyphServiceImpl system_server                        D  onAudioTrackStop request:AudioLightRequest@d6690ca{Id:107,uid:10273,pid:28304,noAudio:false,csvId:-1,pkg:com.tapman104.mpvplayer,session:969,addby:2}
2026-06-28 13:25:22.489  1626-2420  NtAudioGlyphServiceImpl system_server                        D  AudioLightRequests[0]- AudioLightRequest@d6690ca{Id:107,uid:10273,pid:28304,noAudio:false,csvId:-1,pkg:com.tapman104.mpvplayer,session:969,addby:2}
2026-06-28 13:25:22.492  1626-2420  NtAudioGlyphServiceImpl system_server                        D  onAudioTrackStop request:AudioLightRequest@d6690ca{Id:107,uid:10273,pid:28304,noAudio:false,csvId:-1,pkg:com.tapman104.mpvplayer,session:969,addby:2}
2026-06-28 13:25:22.492  1626-2420  NtAudioGlyphServiceImpl system_server                        D  AudioLightRequests[0]- AudioLightRequest@d6690ca{Id:107,uid:10273,pid:28304,noAudio:false,csvId:-1,pkg:com.tapman104.mpvplayer,session:969,addby:2}
2026-06-28 13:25:22.526 28304-29686 AudioTrack              com.tapman104.mpvplayer              D  updateStateToService: AudioTrackStatus state:0
2026-06-28 13:25:22.526  1626-2521  AS.AudioService         system_server                        D  AudioTrackStatus: pid = 28304; uid = 10273; sessionId = 969; streamType = 3; state = 0; pkgName = com.tapman104.mpvplayer
2026-06-28 13:25:22.526  1626-2521  NtAudioGlyphServiceImpl system_server                        D  addAudioLightRequest for uid:10273 pid:28304 pkgName:com.tapman104.mpvplayer audioType:3 addby: 2 sessionId:969 with lightId:107 csvId:-1 noAudio:false
2026-06-28 13:25:22.527  1626-2521  NtAudioGlyphServiceImpl system_server                        D  AudioLightRequests[1]+ AudioLightRequest@bb7e779{Id:107,uid:10273,pid:28304,noAudio:false,csvId:-1,pkg:com.tapman104.mpvplayer,session:-1,addby:2}
2026-06-28 13:25:22.527  1626-2521  AS.AudioService         system_server                        D  [reportAudioTrackStatusChanged]start broadcast, pid = 28304, uid = 10273, status = 0, streamType = 3, pkgName = com.tapman104.mpvplayer, sessionId = 969
2026-06-28 13:25:22.822 28304-28360 PowerHalMgrImpl         com.tapman104.mpvplayer              I  hdl:4755, pid:28304 
2026-06-28 13:25:22.864  1044-1044  BufferQueueProducer     surfaceflinger                       I  [com.tapman104.mpvplayer/com.tapman104.mpvplayer.PlayerActivity#4549](this:0xb40000770e9fad08,id:-1,api:0,p:-1,c:1044) queueBuffer: fps=43.84 dur=1003.75 max=292.76 min=7.62
2026-06-28 13:25:23.228 28304-28304 ScrollIdentify          com.tapman104.mpvplayer              I  on fling
2026-06-28 13:25:23.229 28304-28395 mpv                     com.tapman104.mpvplayer              V  [mkv:v] queuing seek to 479.735000
2026-06-28 13:25:23.230 28304-28386 AudioTrack              com.tapman104.mpvplayer              D  pause(78): 0xb400007457778470, prior state:STATE_ACTIVE, packageName: com.tapman104.mpvplayer
2026-06-28 13:25:23.230 28304-28386 AudioTrackShared        com.tapman104.mpvplayer              D  this(0xb400007467a279f0), mCblk(0x72f47ff000), front(1992480), mIsOut 1, interrupt() FUTEX_WAKE
2026-06-28 13:25:23.230 28304-28395 mpv                     com.tapman104.mpvplayer              V  [mkv:v] cached range 0: 0.000000 <-> 1430.053500 (bof=1, eof=1)
2026-06-28 13:25:23.230  1626-1800  AppOps                  system_server                        E  attributionTag  not declared in manifest of com.tapman104.mpvplayer
2026-06-28 13:25:23.230 28304-28395 mpv                     com.tapman104.mpvplayer              V  [mkv:v] ...using this range for in-cache seek.
2026-06-28 13:25:23.231  1626-1800  AppOps                  system_server                        E  attributionTag  not declared in manifest of com.tapman104.mpvplayer
2026-06-28 13:25:23.231 28304-28395 mpv                     com.tapman104.mpvplayer              V  [mkv:v] seeking stream 0 (video) to packet 479.319000/-9223372036854775808.000000
2026-06-28 13:25:23.231 28304-28386 AudioTrack              com.tapman104.mpvplayer              D  updateStateToService: AudioTrackStatus state:2
2026-06-28 13:25:23.231 28304-28395 mpv                     com.tapman104.mpvplayer              V  [mkv:v] seeking stream 1 (audio) to packet 479.713500/-9223372036854775808.000000
2026-06-28 13:25:23.231  1626-1800  AS.AudioService         system_server                        D  AudioTrackStatus: pid = 28304; uid = 10273; sessionId = 969; streamType = 3; state = 2; pkgName = com.tapman104.mpvplayer
2026-06-28 13:25:23.231 28304-28386 AudioTrack              com.tapman104.mpvplayer              D  flush(78): 0xb400007457778470, prior state:STATE_PAUSED, packageName: com.tapman104.mpvplayer
2026-06-28 13:25:23.231 28304-28395 mpv                     com.tapman104.mpvplayer              V  [mkv:v] seeking stream 2 (sub) to packet 479.297000/-9223372036854775808.000000
2026-06-28 13:25:23.232 28304-28386 AudioTrack              com.tapman104.mpvplayer              D  updateStateToService: AudioTrackStatus state:4
2026-06-28 13:25:23.232  1626-1800  AS.AudioService         system_server                        D  AudioTrackStatus: pid = 28304; uid = 10273; sessionId = 969; streamType = 3; state = 4; pkgName = com.tapman104.mpvplayer
2026-06-28 13:25:23.232 28304-28404 MediaCodec              com.tapman104.mpvplayer              D  [0xb4000075377d8920] setState: 7
2026-06-28 13:25:23.241 28304-28404 MediaCodec              com.tapman104.mpvplayer              D  [0xb4000075377d8920] setState: 6
2026-06-28 13:25:23.241 28304-28404 CCodecConfig            com.tapman104.mpvplayer              I  query failed after returning 19 values (BAD_INDEX)
2026-06-28 13:25:23.242 28304-28404 Codec2Client            com.tapman104.mpvplayer              W  query -- param skipped: index = 1342179345.
2026-06-28 13:25:23.242 28304-28404 Codec2Client            com.tapman104.mpvplayer              W  query -- param skipped: index = 2415921170.
2026-06-28 13:25:23.242 28304-28404 Codec2Client            com.tapman104.mpvplayer              W  query -- param skipped: index = 1610614798.
2026-06-28 13:25:23.242 28304-28404 MediaCodec              com.tapman104.mpvplayer              D  [0xb4000075377d8920] setState: 7
2026-06-28 13:25:23.247 28304-28404 MediaCodec              com.tapman104.mpvplayer              D  [0xb4000075377d8920] setState: 6
2026-06-28 13:25:23.248 28304-28404 CCodecConfig            com.tapman104.mpvplayer              I  query failed after returning 19 values (BAD_INDEX)
2026-06-28 13:25:23.248 28304-28404 Codec2Client            com.tapman104.mpvplayer              W  query -- param skipped: index = 1342179345.
2026-06-28 13:25:23.248 28304-28404 Codec2Client            com.tapman104.mpvplayer              W  query -- param skipped: index = 2415921170.
2026-06-28 13:25:23.248 28304-28404 Codec2Client            com.tapman104.mpvplayer              W  query -- param skipped: index = 1610614798.
2026-06-28 13:25:23.249 28304-28395 mpv                     com.tapman104.mpvplayer              V  event: seek
2026-06-28 13:25:23.249 28304-28395 MpvEventDispatcher      com.tapman104.mpvplayer              D  Received MPV event: 20
2026-06-28 13:25:23.251 28304-28395 mpv                     com.tapman104.mpvplayer              V  [cplayer:v] hr-seek, skipping to 479.735000
2026-06-28 13:25:23.251 28304-28395 mpv                     com.tapman104.mpvplayer              V  [mkv:v] EOF reached.
2026-06-28 13:25:23.252 28304-28405 CCodecBufferChannel     com.tapman104.mpvplayer              D  [c2.mtk.avc.decoder#290] Discard frames from previous generation.
2026-06-28 13:25:23.252 28304-28405 Codec2-Out...ufferQueue com.tapman104.mpvplayer              D  set max dequeue count 19 from update
2026-06-28 13:25:23.254 28304-28404 CCodecBufferChannel     com.tapman104.mpvplayer              D  [c2.mtk.avc.decoder#290] send inputSlots num:8 to codec
2026-06-28 13:25:23.257 28304-28409 CCodecBufferChannel     com.tapman104.mpvplayer              D  [c2.mtk.avc.decoder#290] Ignoring stale input buffer done callback: last flush index = 1802, frameIndex = 1802
2026-06-28 13:25:23.294 28304-28395 mpv                     com.tapman104.mpvplayer              V  [vd:v] Decoder format: 1920x1080 [0:1] yuv420p auto/auto/auto/limited/auto CL=unknown crop=1920x1080+0+0 A=none
2026-06-28 13:25:23.295 28304-28395 mpv                     com.tapman104.mpvplayer              V  [vd:v] Using container aspect ratio.
2026-06-28 13:25:23.378 28304-28395 mpv                     com.tapman104.mpvplayer              V  [cplayer:v] first video frame after restart shown
2026-06-28 13:25:23.380 28304-28395 mpv                     com.tapman104.mpvplayer              V  [cplayer:v] audio ready
2026-06-28 13:25:23.384  1044-1044  BufferQueueProducer     surfaceflinger                       I  [75af9c3 SurfaceView[com.tapman104.mpvplayer/com.tapman104.mpvplayer.PlayerActivity](BLAST)#4554](this:0xb40000770ea976f8,id:-1,api:0,p:-1,c:1044) queueBuffer: fps=18.46 dur=1029.35 max=133.51 min=41.39
2026-06-28 13:25:23.384 28304-28386 AudioTrack              com.tapman104.mpvplayer              D  start(78): 0xb400007457778470, prior state:STATE_FLUSHED, packageName: com.tapman104.mpvplayer
2026-06-28 13:25:23.386 28304-28395 mpv                     com.tapman104.mpvplayer              V  [cplayer:v] starting audio playback
2026-06-28 13:25:23.405  1626-1800  AppOps                  system_server                        E  attributionTag  not declared in manifest of com.tapman104.mpvplayer
2026-06-28 13:25:23.405  1626-1800  AppOps                  system_server                        E  attributionTag  not declared in manifest of com.tapman104.mpvplayer
2026-06-28 13:25:23.406 28304-28395 mpv                     com.tapman104.mpvplayer              V  event: playback-restart
2026-06-28 13:25:23.407 28304-28395 MpvEventDispatcher      com.tapman104.mpvplayer              D  Received MPV event: 21
2026-06-28 13:25:23.407 28304-28395 mpv                     com.tapman104.mpvplayer              V  [cplayer:v] playback restart complete @ 479.736000, audio=playing, video=playing
2026-06-28 13:25:23.407 28304-28395 mpv                     com.tapman104.mpvplayer              V  [cplayer:warn] Audio device underrun detected.
2026-06-28 13:25:23.408 28304-28395 mpv                     com.tapman104.mpvplayer              V  [cplayer:v] restarting audio after underrun
2026-06-28 13:25:23.502  1004-1063  MTK_APPList             ven...ower_applist-service.mediatek  I  [notifyAPPstate] com.tapman104.mpvplayer/com.tapman104.mpvplayer.PlayerActivity, pid=28304, uid=10273, state:FPS_UPDATED, fps:120, win:1
2026-06-28 13:25:23.502  1004-1063  MTK_APPList             ven...ower_applist-service.mediatek  I  [notifyAPPstate] multi_resumed_app_info[1] com.tapman104.mpvplayer/com.tapman104.mpvplayer.PlayerActivity, pid:28304, fps:120, isMultiWindow:1
2026-06-28 13:25:23.513  2736-31548 DetectSceneService      com.nothing.audioeffect              D  pid = 28304 processName = com.tapman104.mpvplayer
2026-06-28 13:25:23.549 28304-29688 AudioTrack              com.tapman104.mpvplayer              D  updateStateToService: AudioTrackStatus state:0
2026-06-28 13:25:23.550  1626-3652  AS.AudioService         system_server                        D  AudioTrackStatus: pid = 28304; uid = 10273; sessionId = 969; streamType = 3; state = 0; pkgName = com.tapman104.mpvplayer
2026-06-28 13:25:23.550  1626-3652  AS.AudioService         system_server                        D  [reportAudioTrackStatusChanged]start broadcast, pid = 28304, uid = 10273, status = 0, streamType = 3, pkgName = com.tapman104.mpvplayer, sessionId = 969
2026-06-28 13:25:23.926  1044-1044  BufferQueueProducer     surfaceflinger                       I  [com.tapman104.mpvplayer/com.tapman104.mpvplayer.PlayerActivity#4549](this:0xb40000770e9fad08,id:-1,api:0,p:-1,c:1044) queueBuffer: fps=55.56 dur=1061.99 max=276.10 min=7.05
2026-06-28 13:25:24.109 28304-28395 mpv                     com.tapman104.mpvplayer              V  [mkv:v] queuing seek to 931.993000
2026-06-28 13:25:24.109 28304-28386 AudioTrack              com.tapman104.mpvplayer              D  pause(78): 0xb400007457778470, prior state:STATE_ACTIVE, packageName: com.tapman104.mpvplayer
2026-06-28 13:25:24.109 28304-28386 AudioTrackShared        com.tapman104.mpvplayer              D  this(0xb400007467a279f0), mCblk(0x72f47ff000), front(2034496), mIsOut 1, interrupt() FUTEX_WAKE
2026-06-28 13:25:24.110  1626-3652  AppOps                  system_server                        E  attributionTag  not declared in manifest of com.tapman104.mpvplayer
2026-06-28 13:25:24.111 28304-28395 mpv                     com.tapman104.mpvplayer              V  [mkv:v] cached range 0: 0.000000 <-> 1430.053500 (bof=1, eof=1)
2026-06-28 13:25:24.111  1626-1800  AppOps                  system_server                        E  attributionTag  not declared in manifest of com.tapman104.mpvplayer
2026-06-28 13:25:24.111 28304-28395 mpv                     com.tapman104.mpvplayer              V  [mkv:v] ...using this range for in-cache seek.
2026-06-28 13:25:24.112 28304-28395 mpv                     com.tapman104.mpvplayer              V  [mkv:v] seeking stream 0 (video) to packet 931.396000/-9223372036854775808.000000
2026-06-28 13:25:24.112 28304-28395 mpv                     com.tapman104.mpvplayer              V  [mkv:v] seeking stream 1 (audio) to packet 931.973500/-9223372036854775808.000000
2026-06-28 13:25:24.113 28304-28395 mpv                     com.tapman104.mpvplayer              V  [mkv:v] seeking stream 2 (sub) to packet 909.527000/-9223372036854775808.000000
2026-06-28 13:25:24.113 28304-28386 AudioTrack              com.tapman104.mpvplayer              D  updateStateToService: AudioTrackStatus state:2
2026-06-28 13:25:24.113  1626-1800  AS.AudioService         system_server                        D  AudioTrackStatus: pid = 28304; uid = 10273; sessionId = 969; streamType = 3; state = 2; pkgName = com.tapman104.mpvplayer
2026-06-28 13:25:24.114 28304-28386 AudioTrack              com.tapman104.mpvplayer              D  flush(78): 0xb400007457778470, prior state:STATE_PAUSED, packageName: com.tapman104.mpvplayer
2026-06-28 13:25:24.115 28304-28386 AudioTrack              com.tapman104.mpvplayer              D  updateStateToService: AudioTrackStatus state:4
2026-06-28 13:25:24.115  1626-1800  AS.AudioService         system_server                        D  AudioTrackStatus: pid = 28304; uid = 10273; sessionId = 969; streamType = 3; state = 4; pkgName = com.tapman104.mpvplayer
2026-06-28 13:25:24.115 28304-28404 MediaCodec              com.tapman104.mpvplayer              D  [0xb4000075377d8920] setState: 7
2026-06-28 13:25:24.126 28304-28404 MediaCodec              com.tapman104.mpvplayer              D  [0xb4000075377d8920] setState: 6
2026-06-28 13:25:24.129 28304-28404 CCodecConfig            com.tapman104.mpvplayer              I  query failed after returning 19 values (BAD_INDEX)
2026-06-28 13:25:24.132 28304-28404 Codec2Client            com.tapman104.mpvplayer              W  query -- param skipped: index = 1342179345.
2026-06-28 13:25:24.132 28304-28404 Codec2Client            com.tapman104.mpvplayer              W  query -- param skipped: index = 2415921170.
2026-06-28 13:25:24.132 28304-28404 Codec2Client            com.tapman104.mpvplayer              W  query -- param skipped: index = 1610614798.
2026-06-28 13:25:24.135 28304-28404 MediaCodec              com.tapman104.mpvplayer              D  [0xb4000075377d8920] setState: 7
2026-06-28 13:25:24.141 28304-28404 MediaCodec              com.tapman104.mpvplayer              D  [0xb4000075377d8920] setState: 6
2026-06-28 13:25:24.142 28304-28404 CCodecConfig            com.tapman104.mpvplayer              I  query failed after returning 19 values (BAD_INDEX)
2026-06-28 13:25:24.144 28304-28404 Codec2Client            com.tapman104.mpvplayer              W  query -- param skipped: index = 1342179345.
2026-06-28 13:25:24.144 28304-28404 Codec2Client            com.tapman104.mpvplayer              W  query -- param skipped: index = 2415921170.
2026-06-28 13:25:24.144 28304-28404 Codec2Client            com.tapman104.mpvplayer              W  query -- param skipped: index = 1610614798.
2026-06-28 13:25:24.146 28304-28395 mpv                     com.tapman104.mpvplayer              V  event: seek
2026-06-28 13:25:24.146 28304-28395 MpvEventDispatcher      com.tapman104.mpvplayer              D  Received MPV event: 20
2026-06-28 13:25:24.146 28304-28395 mpv                     com.tapman104.mpvplayer              V  [cplayer:v] hr-seek, skipping to 931.993000
2026-06-28 13:25:24.151 28304-28395 mpv                     com.tapman104.mpvplayer              V  [mkv:v] EOF reached.
2026-06-28 13:25:24.152 28304-28405 CCodecBufferChannel     com.tapman104.mpvplayer              D  [c2.mtk.avc.decoder#290] Discard frames from previous generation.
2026-06-28 13:25:24.152 28304-28405 Codec2-Out...ufferQueue com.tapman104.mpvplayer              D  set max dequeue count 19 from update
2026-06-28 13:25:24.154 28304-28404 CCodecBufferChannel     com.tapman104.mpvplayer              D  [c2.mtk.avc.decoder#290] send inputSlots num:8 to codec
2026-06-28 13:25:24.159 28304-28409 CCodecBufferChannel     com.tapman104.mpvplayer              D  [c2.mtk.avc.decoder#290] Ignoring stale input buffer done callback: last flush index = 1834, frameIndex = 1834
2026-06-28 13:25:24.191 28304-28395 mpv                     com.tapman104.mpvplayer              V  [vd:v] Decoder format: 1920x1080 [0:1] yuv420p auto/auto/auto/limited/auto CL=unknown crop=1920x1080+0+0 A=none
2026-06-28 13:25:24.193 28304-28395 mpv                     com.tapman104.mpvplayer              V  [vd:v] Using container aspect ratio.
2026-06-28 13:25:24.282 28304-28395 mpv                     com.tapman104.mpvplayer              V  [cplayer:v] first video frame after restart shown
2026-06-28 13:25:24.283 28304-28395 mpv                     com.tapman104.mpvplayer              V  [cplayer:v] audio ready
2026-06-28 13:25:24.283 28304-28386 AudioTrack              com.tapman104.mpvplayer              D  start(78): 0xb400007457778470, prior state:STATE_FLUSHED, packageName: com.tapman104.mpvplayer
2026-06-28 13:25:24.283 28304-28395 mpv                     com.tapman104.mpvplayer              V  [cplayer:v] starting audio playback
2026-06-28 13:25:24.296  1626-1800  AppOps                  system_server                        E  attributionTag  not declared in manifest of com.tapman104.mpvplayer
2026-06-28 13:25:24.296  1626-1800  AppOps                  system_server                        E  attributionTag  not declared in manifest of com.tapman104.mpvplayer
2026-06-28 13:25:24.297 28304-28395 mpv                     com.tapman104.mpvplayer              V  event: playback-restart
2026-06-28 13:25:24.297 28304-28395 MpvEventDispatcher      com.tapman104.mpvplayer              D  Received MPV event: 21
2026-06-28 13:25:24.298 28304-28395 mpv                     com.tapman104.mpvplayer              V  [cplayer:v] playback restart complete @ 932.021000, audio=playing, video=playing
2026-06-28 13:25:24.299 28304-28395 mpv                     com.tapman104.mpvplayer              V  [cplayer:warn] Audio device underrun detected.
2026-06-28 13:25:24.299 28304-28395 mpv                     com.tapman104.mpvplayer              V  [cplayer:v] restarting audio after underrun
2026-06-28 13:25:24.400  2736-30409 DetectSceneService      com.nothing.audioeffect              D  pid = 28304 processName = com.tapman104.mpvplayer
2026-06-28 13:25:24.412  1044-1044  BufferQueueProducer     surfaceflinger                       I  [75af9c3 SurfaceView[com.tapman104.mpvplayer/com.tapman104.mpvplayer.PlayerActivity](BLAST)#4554](this:0xb40000770ea976f8,id:-1,api:0,p:-1,c:1044) queueBuffer: fps=16.54 dur=1027.82 max=133.09 min=33.32
2026-06-28 13:25:24.446 28304-29690 AudioTrack              com.tapman104.mpvplayer              D  updateStateToService: AudioTrackStatus state:0
2026-06-28 13:25:24.446  1626-1800  AS.AudioService         system_server                        D  AudioTrackStatus: pid = 28304; uid = 10273; sessionId = 969; streamType = 3; state = 0; pkgName = com.tapman104.mpvplayer
2026-06-28 13:25:24.447  1626-1800  AS.AudioService         system_server                        D  [reportAudioTrackStatusChanged]start broadcast, pid = 28304, uid = 10273, status = 0, streamType = 3, pkgName = com.tapman104.mpvplayer, sessionId = 969
2026-06-28 13:25:24.821 28304-28395 mpv                     com.tapman104.mpvplayer              V  [mkv:v] queuing seek to 1249.167000
2026-06-28 13:25:24.822 28304-28395 mpv                     com.tapman104.mpvplayer              V  [mkv:v] cached range 0: 0.000000 <-> 1430.053500 (bof=1, eof=1)
2026-06-28 13:25:24.822 28304-28395 mpv                     com.tapman104.mpvplayer              V  [mkv:v] ...using this range for in-cache seek.
2026-06-28 13:25:24.822 28304-28386 AudioTrack              com.tapman104.mpvplayer              D  pause(78): 0xb400007457778470, prior state:STATE_ACTIVE, packageName: com.tapman104.mpvplayer
2026-06-28 13:25:24.822 28304-28386 AudioTrackShared        com.tapman104.mpvplayer              D  this(0xb400007467a279f0), mCblk(0x72f47ff000), front(2066272), mIsOut 1, interrupt() FUTEX_WAKE
2026-06-28 13:25:24.823 28304-28395 mpv                     com.tapman104.mpvplayer              V  [mkv:v] seeking stream 0 (video) to packet 1244.751000/-9223372036854775808.000000
2026-06-28 13:25:24.823  1626-3652  AppOps                  system_server                        E  attributionTag  not declared in manifest of com.tapman104.mpvplayer
2026-06-28 13:25:24.823 28304-28395 mpv                     com.tapman104.mpvplayer              V  [mkv:v] seeking stream 1 (audio) to packet 1249.153500/-9223372036854775808.000000
2026-06-28 13:25:24.823 28304-28395 mpv                     com.tapman104.mpvplayer              V  [mkv:v] seeking stream 2 (sub) to packet 1247.237000/-9223372036854775808.000000
2026-06-28 13:25:24.824  1626-3652  AppOps                  system_server                        E  attributionTag  not declared in manifest of com.tapman104.mpvplayer
2026-06-28 13:25:24.825 28304-28386 AudioTrack              com.tapman104.mpvplayer              D  updateStateToService: AudioTrackStatus state:2
2026-06-28 13:25:24.825  1626-3652  AS.AudioService         system_server                        D  AudioTrackStatus: pid = 28304; uid = 10273; sessionId = 969; streamType = 3; state = 2; pkgName = com.tapman104.mpvplayer
2026-06-28 13:25:24.825 28304-28386 AudioTrack              com.tapman104.mpvplayer              D  flush(78): 0xb400007457778470, prior state:STATE_PAUSED, packageName: com.tapman104.mpvplayer
2026-06-28 13:25:24.825 28304-28386 AudioTrack              com.tapman104.mpvplayer              D  updateStateToService: AudioTrackStatus state:4
2026-06-28 13:25:24.826 28304-28404 MediaCodec              com.tapman104.mpvplayer              D  [0xb4000075377d8920] setState: 7
2026-06-28 13:25:24.826  1626-3652  AS.AudioService         system_server                        D  AudioTrackStatus: pid = 28304; uid = 10273; sessionId = 969; streamType = 3; state = 4; pkgName = com.tapman104.mpvplayer
2026-06-28 13:25:24.832 28304-28404 MediaCodec              com.tapman104.mpvplayer              D  [0xb4000075377d8920] setState: 6
2026-06-28 13:25:24.833 28304-28404 CCodecConfig            com.tapman104.mpvplayer              I  query failed after returning 19 values (BAD_INDEX)
2026-06-28 13:25:24.836 28304-28404 Codec2Client            com.tapman104.mpvplayer              W  query -- param skipped: index = 1342179345.
2026-06-28 13:25:24.836 28304-28404 Codec2Client            com.tapman104.mpvplayer              W  query -- param skipped: index = 2415921170.
2026-06-28 13:25:24.836 28304-28404 Codec2Client            com.tapman104.mpvplayer              W  query -- param skipped: index = 1610614798.
2026-06-28 13:25:24.837 28304-28404 MediaCodec              com.tapman104.mpvplayer              D  [0xb4000075377d8920] setState: 7
2026-06-28 13:25:24.842 28304-28404 MediaCodec              com.tapman104.mpvplayer              D  [0xb4000075377d8920] setState: 6
2026-06-28 13:25:24.843 28304-28404 CCodecConfig            com.tapman104.mpvplayer              I  query failed after returning 19 values (BAD_INDEX)
2026-06-28 13:25:24.844 28304-28404 Codec2Client            com.tapman104.mpvplayer              W  query -- param skipped: index = 1342179345.
2026-06-28 13:25:24.844 28304-28404 Codec2Client            com.tapman104.mpvplayer              W  query -- param skipped: index = 2415921170.
2026-06-28 13:25:24.844 28304-28404 Codec2Client            com.tapman104.mpvplayer              W  query -- param skipped: index = 1610614798.
2026-06-28 13:25:24.846 28304-28395 mpv                     com.tapman104.mpvplayer              V  event: seek
2026-06-28 13:25:24.846 28304-28395 MpvEventDispatcher      com.tapman104.mpvplayer              D  Received MPV event: 20
2026-06-28 13:25:24.847 28304-28395 mpv                     com.tapman104.mpvplayer              V  [cplayer:v] hr-seek, skipping to 1249.167000
2026-06-28 13:25:24.848 28304-28395 mpv                     com.tapman104.mpvplayer              V  [mkv:v] EOF reached.
2026-06-28 13:25:24.850 28304-28405 CCodecBufferChannel     com.tapman104.mpvplayer              D  [c2.mtk.avc.decoder#290] Discard frames from previous generation.
2026-06-28 13:25:24.850 28304-28405 Codec2-Out...ufferQueue com.tapman104.mpvplayer              D  set max dequeue count 19 from update
2026-06-28 13:25:24.850 28304-28404 CCodecBufferChannel     com.tapman104.mpvplayer              D  [c2.mtk.avc.decoder#290] send inputSlots num:8 to codec
2026-06-28 13:25:24.855 28304-28409 CCodecBufferChannel     com.tapman104.mpvplayer              D  [c2.mtk.avc.decoder#290] Ignoring stale input buffer done callback: last flush index = 1868, frameIndex = 1868
2026-06-28 13:25:24.883 28304-28395 mpv                     com.tapman104.mpvplayer              V  [vd:v] Decoder format: 1920x1080 [0:1] yuv420p auto/auto/auto/limited/auto CL=unknown crop=1920x1080+0+0 A=none
2026-06-28 13:25:24.885 28304-28395 mpv                     com.tapman104.mpvplayer              V  [vd:v] Using container aspect ratio.
2026-06-28 13:25:25.206  1626-2420  NtAudioGlyphServiceImpl system_server                        D  onAudioTrackStop request:AudioLightRequest@bb7e779{Id:107,uid:10273,pid:28304,noAudio:false,csvId:-1,pkg:com.tapman104.mpvplayer,session:969,addby:2}
2026-06-28 13:25:25.206  1626-2420  NtAudioGlyphServiceImpl system_server                        D  AudioLightRequests[0]- AudioLightRequest@bb7e779{Id:107,uid:10273,pid:28304,noAudio:false,csvId:-1,pkg:com.tapman104.mpvplayer,session:969,addby:2}
2026-06-28 13:25:25.206  1626-2420  NtAudioGlyphServiceImpl system_server                        D  onAudioTrackStop request:AudioLightRequest@bb7e779{Id:107,uid:10273,pid:28304,noAudio:false,csvId:-1,pkg:com.tapman104.mpvplayer,session:969,addby:2}
2026-06-28 13:25:25.206  1626-2420  NtAudioGlyphServiceImpl system_server                        D  AudioLightRequests[0]- AudioLightRequest@bb7e779{Id:107,uid:10273,pid:28304,noAudio:false,csvId:-1,pkg:com.tapman104.mpvplayer,session:969,addby:2}
2026-06-28 13:25:25.447 28304-28395 mpv                     com.tapman104.mpvplayer              V  [cplayer:v] first video frame after restart shown
2026-06-28 13:25:25.449  1044-1044  BufferQueueProducer     surfaceflinger                       I  [75af9c3 SurfaceView[com.tapman104.mpvplayer/com.tapman104.mpvplayer.PlayerActivity](BLAST)#4554](this:0xb40000770ea976f8,id:-1,api:0,p:-1,c:1044) queueBuffer: fps=9.64 dur=1037.30 max=602.65 min=41.51
2026-06-28 13:25:25.450 28304-28395 mpv                     com.tapman104.mpvplayer              V  [cplayer:v] audio ready
2026-06-28 13:25:25.450 28304-28386 AudioTrack              com.tapman104.mpvplayer              D  start(78): 0xb400007457778470, prior state:STATE_FLUSHED, packageName: com.tapman104.mpvplayer
2026-06-28 13:25:25.453 28304-28395 mpv                     com.tapman104.mpvplayer              V  [cplayer:v] starting audio playback
2026-06-28 13:25:25.465  1626-3652  AppOps                  system_server                        E  attributionTag  not declared in manifest of com.tapman104.mpvplayer
2026-06-28 13:25:25.466  1626-3652  AppOps                  system_server                        E  attributionTag  not declared in manifest of com.tapman104.mpvplayer
2026-06-28 13:25:25.468 28304-28395 mpv                     com.tapman104.mpvplayer              V  event: playback-restart
2026-06-28 13:25:25.468 28304-28395 MpvEventDispatcher      com.tapman104.mpvplayer              D  Received MPV event: 21
2026-06-28 13:25:25.469 28304-28395 mpv                     com.tapman104.mpvplayer              V  [cplayer:v] playback restart complete @ 1249.172000, audio=playing, video=playing
2026-06-28 13:25:25.469 28304-28395 mpv                     com.tapman104.mpvplayer              V  [cplayer:warn] Audio device underrun detected.
2026-06-28 13:25:25.476 28304-28395 mpv                     com.tapman104.mpvplayer              V  [cplayer:v] restarting audio after underrun
2026-06-28 13:25:25.541  1044-1044  BufferQueueProducer     surfaceflinger                       I  [com.tapman104.mpvplayer/com.tapman104.mpvplayer.PlayerActivity#4549](this:0xb40000770e9fad08,id:-1,api:0,p:-1,c:1044) queueBuffer: fps=4.96 dur=1614.14 max=669.10 min=41.44
2026-06-28 13:25:25.568  2736-30654 DetectSceneService      com.nothing.audioeffect              D  pid = 28304 processName = com.tapman104.mpvplayer
2026-06-28 13:25:25.599 28304-29693 AudioTrack              com.tapman104.mpvplayer              D  updateStateToService: AudioTrackStatus state:0
2026-06-28 13:25:25.599  1626-3652  AS.AudioService         system_server                        D  AudioTrackStatus: pid = 28304; uid = 10273; sessionId = 969; streamType = 3; state = 0; pkgName = com.tapman104.mpvplayer
2026-06-28 13:25:25.599  1626-3652  NtAudioGlyphServiceImpl system_server                        D  addAudioLightRequest for uid:10273 pid:28304 pkgName:com.tapman104.mpvplayer audioType:3 addby: 2 sessionId:969 with lightId:107 csvId:-1 noAudio:false
2026-06-28 13:25:25.600  1626-3652  NtAudioGlyphServiceImpl system_server                        D  AudioLightRequests[1]+ AudioLightRequest@e12be0b{Id:107,uid:10273,pid:28304,noAudio:false,csvId:-1,pkg:com.tapman104.mpvplayer,session:-1,addby:2}
2026-06-28 13:25:25.600  1626-3652  AS.AudioService         system_server                        D  [reportAudioTrackStatusChanged]start broadcast, pid = 28304, uid = 10273, status = 0, streamType = 3, pkgName = com.tapman104.mpvplayer, sessionId = 969
2026-06-28 13:25:26.292 28304-28360 PowerHalMgrImpl         com.tapman104.mpvplayer              I  hdl:4761, pid:28304 
2026-06-28 13:25:26.292 28304-28395 mpv                     com.tapman104.mpvplayer              V  [mkv:v] queuing seek to 1179.369000
2026-06-28 13:25:26.293 28304-28395 mpv                     com.tapman104.mpvplayer              V  [mkv:v] cached range 0: 0.000000 <-> 1430.053500 (bof=1, eof=1)
2026-06-28 13:25:26.293 28304-28395 mpv                     com.tapman104.mpvplayer              V  [mkv:v] ...using this range for in-cache seek.
2026-06-28 13:25:26.294 28304-28395 mpv                     com.tapman104.mpvplayer              V  [mkv:v] seeking stream 0 (video) to packet 1178.059000/-9223372036854775808.000000
2026-06-28 13:25:26.294 28304-28395 mpv                     com.tapman104.mpvplayer              V  [mkv:v] seeking stream 1 (audio) to packet 1179.353500/-9223372036854775808.000000
2026-06-28 13:25:26.294 28304-28386 AudioTrack              com.tapman104.mpvplayer              D  pause(78): 0xb400007457778470, prior state:STATE_ACTIVE, packageName: com.tapman104.mpvplayer
2026-06-28 13:25:26.294 28304-28386 AudioTrackShared        com.tapman104.mpvplayer              D  this(0xb400007467a279f0), mCblk(0x72f47ff000), front(2114432), mIsOut 1, interrupt() FUTEX_WAKE
2026-06-28 13:25:26.296  1626-3652  AppOps                  system_server                        E  attributionTag  not declared in manifest of com.tapman104.mpvplayer
2026-06-28 13:25:26.297  1626-2521  AppOps                  system_server                        E  attributionTag  not declared in manifest of com.tapman104.mpvplayer
2026-06-28 13:25:26.297 28304-28386 AudioTrack              com.tapman104.mpvplayer              D  updateStateToService: AudioTrackStatus state:2
2026-06-28 13:25:26.297  1626-3652  AS.AudioService         system_server                        D  AudioTrackStatus: pid = 28304; uid = 10273; sessionId = 969; streamType = 3; state = 2; pkgName = com.tapman104.mpvplayer
2026-06-28 13:25:26.297 28304-28386 AudioTrack              com.tapman104.mpvplayer              D  flush(78): 0xb400007457778470, prior state:STATE_PAUSED, packageName: com.tapman104.mpvplayer
2026-06-28 13:25:26.297 28304-28386 AudioTrack              com.tapman104.mpvplayer              D  updateStateToService: AudioTrackStatus state:4
2026-06-28 13:25:26.298 28304-28395 mpv                     com.tapman104.mpvplayer              V  [mkv:v] seeking stream 2 (sub) to packet 1174.557000/-9223372036854775808.000000
2026-06-28 13:25:26.298 28304-28404 MediaCodec              com.tapman104.mpvplayer              D  [0xb4000075377d8920] setState: 7
2026-06-28 13:25:26.299  1626-3652  AS.AudioService         system_server                        D  AudioTrackStatus: pid = 28304; uid = 10273; sessionId = 969; streamType = 3; state = 4; pkgName = com.tapman104.mpvplayer
2026-06-28 13:25:26.305 28304-28404 MediaCodec              com.tapman104.mpvplayer              D  [0xb4000075377d8920] setState: 6
2026-06-28 13:25:26.310 28304-28404 CCodecConfig            com.tapman104.mpvplayer              I  query failed after returning 19 values (BAD_INDEX)
2026-06-28 13:25:26.311 28304-28404 Codec2Client            com.tapman104.mpvplayer              W  query -- param skipped: index = 1342179345.
2026-06-28 13:25:26.312 28304-28404 Codec2Client            com.tapman104.mpvplayer              W  query -- param skipped: index = 2415921170.
2026-06-28 13:25:26.312 28304-28404 Codec2Client            com.tapman104.mpvplayer              W  query -- param skipped: index = 1610614798.
2026-06-28 13:25:26.312 28304-28404 MediaCodec              com.tapman104.mpvplayer              D  [0xb4000075377d8920] setState: 7
2026-06-28 13:25:26.316 28304-28404 MediaCodec              com.tapman104.mpvplayer              D  [0xb4000075377d8920] setState: 6
2026-06-28 13:25:26.316 28304-28404 CCodecConfig            com.tapman104.mpvplayer              I  query failed after returning 19 values (BAD_INDEX)
2026-06-28 13:25:26.318 28304-28404 Codec2Client            com.tapman104.mpvplayer              W  query -- param skipped: index = 1342179345.
2026-06-28 13:25:26.318 28304-28404 Codec2Client            com.tapman104.mpvplayer              W  query -- param skipped: index = 2415921170.
2026-06-28 13:25:26.318 28304-28404 Codec2Client            com.tapman104.mpvplayer              W  query -- param skipped: index = 1610614798.
2026-06-28 13:25:26.320 28304-28395 mpv                     com.tapman104.mpvplayer              V  event: seek
2026-06-28 13:25:26.320 28304-28395 MpvEventDispatcher      com.tapman104.mpvplayer              D  Received MPV event: 20
2026-06-28 13:25:26.322 28304-28395 mpv                     com.tapman104.mpvplayer              V  [cplayer:v] hr-seek, skipping to 1179.369000
2026-06-28 13:25:26.322 28304-28395 mpv                     com.tapman104.mpvplayer              V  [mkv:v] EOF reached.
2026-06-28 13:25:26.323 28304-28405 CCodecBufferChannel     com.tapman104.mpvplayer              D  [c2.mtk.avc.decoder#290] Discard frames from previous generation.
2026-06-28 13:25:26.323 28304-28405 Codec2-Out...ufferQueue com.tapman104.mpvplayer              D  set max dequeue count 19 from update
2026-06-28 13:25:26.324 28304-28404 CCodecBufferChannel     com.tapman104.mpvplayer              D  [c2.mtk.avc.decoder#290] send inputSlots num:8 to codec
2026-06-28 13:25:26.328 28304-28409 CCodecBufferChannel     com.tapman104.mpvplayer              D  [c2.mtk.avc.decoder#290] Ignoring stale input buffer done callback: last flush index = 2002, frameIndex = 2002
2026-06-28 13:25:26.354 28304-28395 mpv                     com.tapman104.mpvplayer              V  [vd:v] Decoder format: 1920x1080 [0:1] yuv420p auto/auto/auto/limited/auto CL=unknown crop=1920x1080+0+0 A=none
2026-06-28 13:25:26.354 28304-28395 mpv                     com.tapman104.mpvplayer              V  [vd:v] Using container aspect ratio.
2026-06-28 13:25:26.374 28304-28404 BufferPoolAccessor2.0   com.tapman104.mpvplayer              D  bufferpool2 0xb4000074e77dc8d8 : 11(23068672 size) total buffers - 8(16777216 size) used buffers - 2508/2519 (recycle/alloc) - 10/2029 (fetch/transfer)
2026-06-28 13:25:26.554 28304-28395 mpv                     com.tapman104.mpvplayer              V  [cplayer:v] first video frame after restart shown
2026-06-28 13:25:26.556 28304-28395 mpv                     com.tapman104.mpvplayer              V  [cplayer:v] audio ready
2026-06-28 13:25:26.556 28304-28386 AudioTrack              com.tapman104.mpvplayer              D  pause(78): 0xb400007457778470, prior state:STATE_FLUSHED, packageName: com.tapman104.mpvplayer
2026-06-28 13:25:26.557 28304-28386 AudioTrack              com.tapman104.mpvplayer              D  flush(78): 0xb400007457778470, prior state:STATE_FLUSHED, packageName: com.tapman104.mpvplayer
2026-06-28 13:25:26.557 28304-28395 mpv                     com.tapman104.mpvplayer              V  [mkv:v] queuing seek to 505.780000
2026-06-28 13:25:26.558 28304-28386 AudioTrack              com.tapman104.mpvplayer              D  updateStateToService: AudioTrackStatus state:4
2026-06-28 13:25:26.559 28304-28395 mpv                     com.tapman104.mpvplayer              V  [mkv:v] cached range 0: 0.000000 <-> 1430.053500 (bof=1, eof=1)
2026-06-28 13:25:26.559  1626-2521  AS.AudioService         system_server                        D  AudioTrackStatus: pid = 28304; uid = 10273; sessionId = 969; streamType = 3; state = 4; pkgName = com.tapman104.mpvplayer
2026-06-28 13:25:26.559 28304-28395 mpv                     com.tapman104.mpvplayer              V  [mkv:v] ...using this range for in-cache seek.
2026-06-28 13:25:26.559 28304-28404 MediaCodec              com.tapman104.mpvplayer              D  [0xb4000075377d8920] setState: 7
2026-06-28 13:25:26.560 28304-28395 mpv                     com.tapman104.mpvplayer              V  [mkv:v] seeking stream 0 (video) to packet 503.468000/-9223372036854775808.000000
2026-06-28 13:25:26.560 28304-28395 mpv                     com.tapman104.mpvplayer              V  [mkv:v] seeking stream 1 (audio) to packet 505.773500/-9223372036854775808.000000
2026-06-28 13:25:26.561  1044-1044  BufferQueueProducer     surfaceflinger                       I  [com.tapman104.mpvplayer/com.tapman104.mpvplayer.PlayerActivity#4549](this:0xb40000770e9fad08,id:-1,api:0,p:-1,c:1044) queueBuffer: fps=12.74 dur=1020.27 max=267.65 min=8.09
2026-06-28 13:25:26.561  1044-1044  BufferQueueProducer     surfaceflinger                       I  [75af9c3 SurfaceView[com.tapman104.mpvplayer/com.tapman104.mpvplayer.PlayerActivity](BLAST)#4554](this:0xb40000770ea976f8,id:-1,api:0,p:-1,c:1044) queueBuffer: fps=17.09 dur=1111.93 max=234.48 min=33.37
2026-06-28 13:25:26.562 28304-28395 mpv                     com.tapman104.mpvplayer              V  [mkv:v] seeking stream 2 (sub) to packet 504.417000/-9223372036854775808.000000
2026-06-28 13:25:26.572 28304-28404 MediaCodec              com.tapman104.mpvplayer              D  [0xb4000075377d8920] setState: 6
2026-06-28 13:25:26.573 28304-28404 CCodecConfig            com.tapman104.mpvplayer              I  query failed after returning 19 values (BAD_INDEX)
2026-06-28 13:25:26.574 28304-28404 Codec2Client            com.tapman104.mpvplayer              W  query -- param skipped: index = 1342179345.
2026-06-28 13:25:26.574 28304-28404 Codec2Client            com.tapman104.mpvplayer              W  query -- param skipped: index = 2415921170.
2026-06-28 13:25:26.574 28304-28404 Codec2Client            com.tapman104.mpvplayer              W  query -- param skipped: index = 1610614798.
2026-06-28 13:25:26.574 28304-28404 MediaCodec              com.tapman104.mpvplayer              D  [0xb4000075377d8920] setState: 7
2026-06-28 13:25:26.579 28304-28404 MediaCodec              com.tapman104.mpvplayer              D  [0xb4000075377d8920] setState: 6
2026-06-28 13:25:26.580 28304-28404 CCodecConfig            com.tapman104.mpvplayer              I  query failed after returning 19 values (BAD_INDEX)
2026-06-28 13:25:26.582 28304-28404 Codec2Client            com.tapman104.mpvplayer              W  query -- param skipped: index = 1342179345.
2026-06-28 13:25:26.582 28304-28404 Codec2Client            com.tapman104.mpvplayer              W  query -- param skipped: index = 2415921170.
2026-06-28 13:25:26.582 28304-28404 Codec2Client            com.tapman104.mpvplayer              W  query -- param skipped: index = 1610614798.
2026-06-28 13:25:26.583 28304-28395 mpv                     com.tapman104.mpvplayer              V  [cplayer:v] hr-seek, skipping to 505.780000
2026-06-28 13:25:26.584 28304-28395 mpv                     com.tapman104.mpvplayer              V  event: seek
2026-06-28 13:25:26.584 28304-28395 MpvEventDispatcher      com.tapman104.mpvplayer              D  Received MPV event: 20
2026-06-28 13:25:26.585 28304-28395 mpv                     com.tapman104.mpvplayer              V  [mkv:v] EOF reached.
2026-06-28 13:25:26.588 28304-28405 CCodecBufferChannel     com.tapman104.mpvplayer              D  [c2.mtk.avc.decoder#290] Discard frames from previous generation.
2026-06-28 13:25:26.588 28304-28405 Codec2-Out...ufferQueue com.tapman104.mpvplayer              D  set max dequeue count 19 from update
2026-06-28 13:25:26.589 28304-28404 CCodecBufferChannel     com.tapman104.mpvplayer              D  [c2.mtk.avc.decoder#290] send inputSlots num:8 to codec
2026-06-28 13:25:26.592 28304-28409 CCodecBufferChannel     com.tapman104.mpvplayer              D  [c2.mtk.avc.decoder#290] Ignoring stale input buffer done callback: last flush index = 2049, frameIndex = 2049
2026-06-28 13:25:26.597 28304-28304 ScrollIdentify          com.tapman104.mpvplayer              I  on fling
2026-06-28 13:25:26.619 28304-28395 mpv                     com.tapman104.mpvplayer              V  [vd:v] Decoder format: 1920x1080 [0:1] yuv420p auto/auto/auto/limited/auto CL=unknown crop=1920x1080+0+0 A=none
2026-06-28 13:25:26.619 28304-28395 mpv                     com.tapman104.mpvplayer              V  [vd:v] Using container aspect ratio.
2026-06-28 13:25:26.680  1626-2420  NtAudioGlyphServiceImpl system_server                        D  onAudioTrackStop request:AudioLightRequest@e12be0b{Id:107,uid:10273,pid:28304,noAudio:false,csvId:-1,pkg:com.tapman104.mpvplayer,session:969,addby:2}
2026-06-28 13:25:26.681  1626-2420  NtAudioGlyphServiceImpl system_server                        D  AudioLightRequests[0]- AudioLightRequest@e12be0b{Id:107,uid:10273,pid:28304,noAudio:false,csvId:-1,pkg:com.tapman104.mpvplayer,session:969,addby:2}
2026-06-28 13:25:26.681  1626-2420  NtAudioGlyphServiceImpl system_server                        D  onAudioTrackStop request:AudioLightRequest@e12be0b{Id:107,uid:10273,pid:28304,noAudio:false,csvId:-1,pkg:com.tapman104.mpvplayer,session:969,addby:2}
2026-06-28 13:25:26.681  1626-2420  NtAudioGlyphServiceImpl system_server                        D  AudioLightRequests[0]- AudioLightRequest@e12be0b{Id:107,uid:10273,pid:28304,noAudio:false,csvId:-1,pkg:com.tapman104.mpvplayer,session:969,addby:2}
2026-06-28 13:25:26.874  2379-7233  ThermalMit...onStrategy com.nothing.proxy                    D  reEvaluate:  mPendingScenesInfo: scenes: [charger] app: com.tapman104.mpvplayer appCat: -1 level: 10 temp: 45 uid: 10273 pid: 28304 mScenesInfo: scenes: [charger] app: com.tapman104.mpvplayer appCat: -1 level: 9 temp: 43 uid: 10273 pid: 28304 sceneChange: false appChange: false levelChange: true
2026-06-28 13:25:26.883  2379-7233  ThermalMit...onStrategy com.nothing.proxy                    D  notifyBufferRateLocked: com.tapman104.mpvplayer 28304 10273 -1 com.tapman104.mpvplayer|charger -1
2026-06-28 13:25:26.887 28304-28395 mpv                     com.tapman104.mpvplayer              V  [mkv:v] queuing seek to 440.229000
2026-06-28 13:25:26.887 28304-28386 AudioTrack              com.tapman104.mpvplayer              D  pause(78): 0xb400007457778470, prior state:STATE_FLUSHED, packageName: com.tapman104.mpvplayer
