2026-06-28 13:24:37.308 28304-28395 mpv                     com.tapman104.mpvplayer              V  [ffmpeg/video:v] h264_mediacodec: Output crop parameters top=0 bottom=1079 left=0 right=1919, resulting dimensions width=1920 height=1080
2026-06-28 13:24:37.328 28304-28395 mpv                     com.tapman104.mpvplayer              V  [af:v] [in] 48000Hz stereo 2ch floatp
2026-06-28 13:24:37.336 28304-28395 mpv                     com.tapman104.mpvplayer              V  [af:v] [userspeed] 48000Hz stereo 2ch floatp
2026-06-28 13:24:37.336 28304-28395 mpv                     com.tapman104.mpvplayer              V  [af:v] [userspeed] (disabled)
2026-06-28 13:24:37.337 28304-28395 mpv                     com.tapman104.mpvplayer              V  [af:v] [convert] 48000Hz stereo 2ch floatp
2026-06-28 13:24:37.355 28304-28395 mpv                     com.tapman104.mpvplayer              V  [vd:info] Using hardware decoding (mediacodec-copy).
2026-06-28 13:24:37.358 28304-28395 mpv                     com.tapman104.mpvplayer              V  [vd:v] Decoder format: 1920x1080 [0:1] yuv420p auto/auto/auto/limited/auto CL=unknown crop=1920x1080+0+0 A=none
2026-06-28 13:24:37.358 28304-28395 mpv                     com.tapman104.mpvplayer              V  [vd:v] Using container aspect ratio.
2026-06-28 13:24:37.359 28304-28395 mpv                     com.tapman104.mpvplayer              V  [vf:v] [in] 1920x1080 yuv420p bt.709/bt.709/bt.1886/limited/display CL=mpeg2/4/h264 crop=1920x1080+0+0 A=none
2026-06-28 13:24:37.359 28304-28395 mpv                     com.tapman104.mpvplayer              V  [vf:v] [userdeint] 1920x1080 yuv420p bt.709/bt.709/bt.1886/limited/display CL=mpeg2/4/h264 crop=1920x1080+0+0 A=none
2026-06-28 13:24:37.359 28304-28395 mpv                     com.tapman104.mpvplayer              V  [vf:v] [userdeint] (disabled)
2026-06-28 13:24:37.359 28304-28395 mpv                     com.tapman104.mpvplayer              V  [vf:v] [autovflip] 1920x1080 yuv420p bt.709/bt.709/bt.1886/limited/display CL=mpeg2/4/h264 crop=1920x1080+0+0 A=none
2026-06-28 13:24:37.360 28304-28386 AudioSystem             com.tapman104.mpvplayer              D  onNewService: media.audio_policy service obtained 0xb4000073478056e0
2026-06-28 13:24:37.360 28304-28395 mpv                     com.tapman104.mpvplayer              V  [vf:v] [autovflip] (disabled)
2026-06-28 13:24:37.360 28304-28395 mpv                     com.tapman104.mpvplayer              V  [vf:v] [autorotate] 1920x1080 yuv420p bt.709/bt.709/bt.1886/limited/display CL=mpeg2/4/h264 crop=1920x1080+0+0 A=none
2026-06-28 13:24:37.360 28304-28395 mpv                     com.tapman104.mpvplayer              V  [vf:v] [autorotate] (disabled)
2026-06-28 13:24:37.360 28304-28395 mpv                     com.tapman104.mpvplayer              V  [vf:v] [convert] 1920x1080 yuv420p bt.709/bt.709/bt.1886/limited/display CL=mpeg2/4/h264 crop=1920x1080+0+0 A=none
2026-06-28 13:24:37.361 28304-28395 mpv                     com.tapman104.mpvplayer              V  [vf:v] [convert] (disabled)
2026-06-28 13:24:37.361 28304-28395 mpv                     com.tapman104.mpvplayer              V  [vf:v] [out] 1920x1080 yuv420p bt.709/bt.709/bt.1886/limited/display CL=mpeg2/4/h264 crop=1920x1080+0+0 A=none
2026-06-28 13:24:37.361 28304-28395 mpv                     com.tapman104.mpvplayer              V  [cplayer:info] Track switched:
2026-06-28 13:24:37.362 28304-28395 mpv                     com.tapman104.mpvplayer              V  [cplayer:info]  ● Video  --vid=1               'Animes Vessel' (h264 [High] 1920x1080 23.976 fps) [default]
2026-06-28 13:24:37.362 28304-28386 AudioSystem             com.tapman104.mpvplayer              D  getService: checking for service media.audio_policy: 0xb4000073478056e0
2026-06-28 13:24:37.362 28304-28395 mpv                     com.tapman104.mpvplayer              V  [cplayer:info]  ● Audio  --aid=1  --alang=jpn  'Animes Vessel' (opus 2ch 48000 Hz) [default]
2026-06-28 13:24:37.363 28304-28395 mpv                     com.tapman104.mpvplayer              V  [cplayer:info]  ● Subs   --sid=1  --slang=eng  'Animes Vessel' (ass) [default]
2026-06-28 13:24:37.363 28304-28395 mpv                     com.tapman104.mpvplayer              V  [cplayer:v] Set property: sid="1" -> 1
2026-06-28 13:24:37.363 28304-28395 mpv                     com.tapman104.mpvplayer              V  [ao:v] Trying audio driver 'audiotrack'
2026-06-28 13:24:37.363 28304-28395 mpv                     com.tapman104.mpvplayer              V  [ao/audiotrack:v] requested format: 48000 Hz, stereo channels, floatp
2026-06-28 13:24:37.364 28304-28386 AudioSystem             com.tapman104.mpvplayer              D  onNewServiceWithAdapter: media.audio_flinger service obtained 0xb4000074c78b6c50
2026-06-28 13:24:37.364 28304-28386 AudioSystem             com.tapman104.mpvplayer              D  getService: checking for service media.audio_flinger: 0xb400007347808b60
2026-06-28 13:24:37.379 28304-28395 mpv                     com.tapman104.mpvplayer              V  [ao/audiotrack:v] AudioTrack.nativeOutputSampleRate = 48000
2026-06-28 13:24:37.379 28304-28395 mpv                     com.tapman104.mpvplayer              V  [ao/audiotrack:v] Channel layouts:
2026-06-28 13:24:37.379 28304-28395 mpv                     com.tapman104.mpvplayer              V  [ao/audiotrack:v]  - mono
2026-06-28 13:24:37.380 28304-28395 mpv                     com.tapman104.mpvplayer              V  [ao/audiotrack:v]  - stereo
2026-06-28 13:24:37.383 28304-28386 AudioTrack              com.tapman104.mpvplayer              D  INSP: type=audio,case=1,set=0xb400007457778470,stream_type=-1,sample_rate=48000,format=0x5,channel_mask=0x3,frame_count=7200,flags=0x0,notification_frames=0,session_id=0,transfer_type=3,uid=10273,pid=28304,packageName=com.tapman104.mpvplayer
2026-06-28 13:24:37.383 28304-28386 AudioTrack              com.tapman104.mpvplayer              D  INSP: type=audio,case=1,attributes=1,content_type=0,usage=1,source=-1,flags=0xa00
2026-06-28 13:24:37.383 28304-28386 AudioTrack              com.tapman104.mpvplayer              D  set(): streamType -1, sampleRate 48000, format 0x5, channelMask 0x3, frameCount 7200, flags 0, notificationFrames 0, sessionId 0, transferType 3, uid 10273, pid 28304
2026-06-28 13:24:37.385 28304-28395 mpv                     com.tapman104.mpvplayer              V  [ao/audiotrack:v]  - 3.0
2026-06-28 13:24:37.386 28304-28395 mpv                     com.tapman104.mpvplayer              V  [ao/audiotrack:v]  - quad
2026-06-28 13:24:37.386 28304-28395 mpv                     com.tapman104.mpvplayer              V  [ao/audiotrack:v]  - 5.0
2026-06-28 13:24:37.386 28304-28395 mpv                     com.tapman104.mpvplayer              V  [ao/audiotrack:v]  - 5.1
2026-06-28 13:24:37.387 28304-28395 mpv                     com.tapman104.mpvplayer              V  [ao/audiotrack:v]  - 6.1(back)
2026-06-28 13:24:37.388 28304-28395 mpv                     com.tapman104.mpvplayer              V  [ao/audiotrack:v]  - 7.1
2026-06-28 13:24:37.388 28304-28395 mpv                     com.tapman104.mpvplayer              V  [ao/audiotrack:v] result: stereo
2026-06-28 13:24:37.388 28304-28395 mpv                     com.tapman104.mpvplayer              V  [ao/audiotrack:v] Setting bufferSize = 57600 (driver=49200, min=28800, max=57600)
2026-06-28 13:24:37.388 28304-28395 mpv                     com.tapman104.mpvplayer              V  [ao/audiotrack:v] Using NIO ByteBuffer
2026-06-28 13:24:37.389 28304-28395 mpv                     com.tapman104.mpvplayer              V  [ao/audiotrack:v] Using API21 initializer
2026-06-28 13:24:37.399  1626-1666  WindowManager           system_server                        D  [SG_DEBUG]Set SyncGroup{id=263 name=Transition-CHANGE} on Task{911bbeb #47 type=standard A=10273:com.tapman104.mpvplayer}
2026-06-28 13:24:37.437 28304-28386 AudioTrack              com.tapman104.mpvplayer              D  createTrack_l(78): 0xb400007457778470, mCblk = 0x72f47ff000, mLatency = 278, mAfLatency = 128, frameCount = 7200, mSampleRate = 48000, mFlags = 0x8, mReqFrameCount = 7200, mNotificationFramesAct = 2048
2026-06-28 13:24:37.439  1626-1666  WindowManager           system_server                        D  [SG_DEBUG]Clear [finished]SyncGroup{id=263 name=Transition-CHANGE} on Task{911bbeb #47 type=standard A=10273:com.tapman104.mpvplayer}
2026-06-28 13:24:37.441 28304-28386 AudioTrack              com.tapman104.mpvplayer              E  createTrack_l(78) on outputId 21 : 0xb400007457778470, mCblk = 0x72f47ff000, mLatency = 278, mAfLatency = 128, frameCount = 7200, mSampleRate = 48000, mFlags = 00000008, mReqFrameCount = 7200, mNotificationFramesAct = 2048
2026-06-28 13:24:37.446  1626-1663  WindowManager           system_server                        V      info={id=263 t=CHANGE f=0x0 trk=0 isSameTaskSwitch=false r=[0@Point(0, 0)] c=[
                                                                                                            {WCT{RemoteToken{9219dd Task{911bbeb #47 type=standard A=10273:com.tapman104.mpvplayer}}} m=CHANGE f=FLAG_NT_EXIT_POP_UP_VIEW_DISPLAY_ROTATION p=WCT{RemoteToken{1bb8da1 DefaultTaskDisplayArea@265374288}} leash=Surface(name=Task=47)/@0xa8454fa sb=Rect(0, 0 - 1080, 2400) eb=Rect(0, 0 - 2400, 1080) epz=Point(2400, 1080) d=0 r=0->1:0 taskParent=-1 ntPopUpView={mIsTryEnterWindowingMode=false mIsEnterWindowingModeLandscape=false mIsChangingWindowformBounds=false mStartPos=Point(0, 0) mEndPos=Point(0, 0) mStartScale=0.0 mEndScale=0.0 mStartCornerRadius=0.0 mEndCornerRadius=0.0 mAppBounds=Rect(0, 0 - 0, 0) mWindowCrop=Rect(0, 0 - 0, 0) mStartDragOrChangingBounds=Rect(0, 0 - 0, 0) mEndDragOrChangingBounds=Rect(0, 0 - 0, 0) mBottomLeftCornerLeash=null mBottomRightCornerLeash=null mDragBarLeash=null mCornerHintSize=60x60 mDragBarSize=189x42}},
                                                                                                            {WCT{RemoteToken{1bb8da1 DefaultTaskDisplayArea@265374288}} m=CHANGE f=FLAG_IS_TASK_DISPLAY_AREA|FLAG_NT_EXIT_POP_UP_VIEW_DISPLAY_ROTATION p=WCT{RemoteToken{1f7e04 Display{#0 state=ON size=2400x1080 ROTATION_90}}} leash=Surface(name=DefaultTaskDisplayArea)/@0xef24c6c sb=Rect(0, 0 - 1080, 2400) eb=Rect(0, 0 - 2400, 1080) epz=Point(2400, 1080) d=0 r=0->1:-1 ntPopUpView={mIsTryEnterWindowingMode=false mIsEnterWindowingModeLandscape=false mIsChangingWindowformBounds=false mStartPos=Point(0, 0) mEndPos=Point(0, 0) mStartScale=0.0 mEndScale=0.0 mStartCornerRadius=0.0 mEndCornerRadius=0.0 mAppBounds=Rect(0, 0 - 0, 0) mWindowCrop=Rect(0, 0 - 0, 0) mStartDragOrChangingBounds=Rect(0, 0 - 0, 0) mEndDragOrChangingBounds=Rect(0, 0 - 0, 0) mBottomLeftCornerLeash=null mBottomRightCornerLeash=null mDragBarLeash=null mCornerHintSize=0x0 mDragBarSize=0x0}},
                                                                                                            {WCT{RemoteToken{1f7e04 Display{#0 state=ON size=2400x1080 ROTATION_90}}} m=CHANGE f=IS_DISPLAY|FLAG_NT_EXIT_POP_UP_VIEW_DISPLAY_ROTATION leash=Surface(name=WindowedMagnification:0:31)/@0xeee70cb sb=Rect(0, 0 - 1080, 2400) eb=Rect(0, 0 - 2400, 1080) epz=Point(2400, 1080) d=0 r=0->1:3 ntPopUpView={mIsTryEnterWindowingMode=false mIsEnterWindowingModeLandscape=false mIsChangingWindowformBounds=false mStartPos=Point(0, 0) mEndPos=Point(0, 0) mStartScale=0.0 mEndScale=0.0 mStartCornerRadius=0.0 mEndCornerRadius=0.0 mAppBounds=Rect(0, 0 - 0, 0) mWindowCrop=Rect(0, 0 - 0, 0) mStartDragOrChangingBounds=Rect(0, 0 - 0, 0) mEndDragOrChangingBounds=Rect(0, 0 - 0, 0) mBottomLeftCornerLeash=null mBottomRightCornerLeash=null mDragBarLeash=null mCornerHintSize=0x0 mDragBarSize=0x0}}
                                                                                                        ]}
2026-06-28 13:24:37.450 28304-28395 mpv                     com.tapman104.mpvplayer              V  [ao/audiotrack:v] AudioTrack.getBufferSizeInFrames = 7200
2026-06-28 13:24:37.450 28304-28395 mpv                     com.tapman104.mpvplayer              V  [ao/audiotrack:v] device buffer: 7200 samples.
2026-06-28 13:24:37.451 28304-28395 mpv                     com.tapman104.mpvplayer              V  [ao/audiotrack:v] using soft-buffer of 9600 samples.
2026-06-28 13:24:37.451 28304-28395 mpv                     com.tapman104.mpvplayer              V  [cplayer:info] AO: [audiotrack] 48000Hz stereo 2ch float
2026-06-28 13:24:37.451 28304-28395 mpv                     com.tapman104.mpvplayer              V  event: audio-reconfig
2026-06-28 13:24:37.451 28304-28395 MpvEventDispatcher      com.tapman104.mpvplayer              D  Received MPV event: 18
2026-06-28 13:24:37.451 28304-28395 mpv                     com.tapman104.mpvplayer              V  [cplayer:v] AO: Description: Android AudioTrack audio output
2026-06-28 13:24:37.452 28304-28395 mpv                     com.tapman104.mpvplayer              V  event: video-reconfig
2026-06-28 13:24:37.452 28304-28395 MpvEventDispatcher      com.tapman104.mpvplayer              D  Received MPV event: 17
2026-06-28 13:24:37.453 28304-28395 mpv                     com.tapman104.mpvplayer              V  [autoconvert:v] inserting resampler
2026-06-28 13:24:37.455 28304-28395 mpv                     com.tapman104.mpvplayer              V  [swresample:v] format change, reinitializing resampler
2026-06-28 13:24:37.455 28304-28395 mpv                     com.tapman104.mpvplayer              V  [swresample:v] 48000Hz stereo floatp -> 48000Hz stereo float
2026-06-28 13:24:37.456 28304-28395 mpv                     com.tapman104.mpvplayer              V  [af:v] [out] 48000Hz stereo 2ch float
2026-06-28 13:24:37.457 28304-28395 mpv                     com.tapman104.mpvplayer              V  [cplayer:v] Set property: sid="1" -> 1
2026-06-28 13:24:37.472  1044-1113  SurfaceFlinger          surfaceflinger                       I  onHandleDestroyed: layerId=4556, name=Transition Root: ActivityRecord{7953410 u0 com.tapman104.mpvplayer/.PlayerActivity t47}#4556
2026-06-28 13:24:37.487 28304-28395 mpv                     com.tapman104.mpvplayer              V  event: video-reconfig
2026-06-28 13:24:37.488 28304-28395 MpvEventDispatcher      com.tapman104.mpvplayer              D  Received MPV event: 17
2026-06-28 13:24:37.488 28304-28395 mpv                     com.tapman104.mpvplayer              V  [cplayer:info] VO: [gpu] 1920x1080 yuv420p
2026-06-28 13:24:37.488 28304-28395 mpv                     com.tapman104.mpvplayer              V  [cplayer:v] VO: Description: Shader-based GPU Renderer
2026-06-28 13:24:37.497 28304-28395 mpv                     com.tapman104.mpvplayer              V  [vo/gpu:v] reconfig to 1920x1080 yuv420p bt.709/bt.709/bt.1886/limited/display CL=mpeg2/4/h264 crop=1920x1080+0+0 A=none
2026-06-28 13:24:37.525 28304-28395 mpv                     com.tapman104.mpvplayer              V  [vo/gpu:v] Resize: 2400x1080
2026-06-28 13:24:37.563 28304-28386 AudioTrack              com.tapman104.mpvplayer              D  start(78): 0xb400007457778470, prior state:STATE_STOPPED, packageName: com.tapman104.mpvplayer
2026-06-28 13:24:37.569 28304-28395 mpv                     com.tapman104.mpvplayer              V  [vo/gpu:v] Window size: 2400x1080 (Borders: l=0 t=0 r=0 b=0)
2026-06-28 13:24:37.569 28304-28395 mpv                     com.tapman104.mpvplayer              V  [vo/gpu:v] Video source: 1920x1080 (1:1)
2026-06-28 13:24:37.576 28304-28395 mpv                     com.tapman104.mpvplayer              V  [vo/gpu:v] Video display: (0, 0) 1920x1080 -> (240, 0) 1920x1080
2026-06-28 13:24:37.585  1626-1666  PowerHalWrapper         system_server                        I  amsBoostNotify pid:27613,activity:com.android.documentsui.picker.PickActivity, package:com.google.android.documentsui, mProcessCreatePackcom.tapman104.mpvplayer 
2026-06-28 13:24:37.586  1004-1004  MTK_APPList             ven...ower_applist-service.mediatek  I  [notifyAPPstate] multi_resumed_app_info[1] com.tapman104.mpvplayer/com.tapman104.mpvplayer.PlayerActivity, pid:28304, fps:-1, isMultiWindow:0
2026-06-28 13:24:37.590  1626-1666  PowerHalWrapper         system_server                        I  amsBoostNotify pid:28304,activity:com.tapman104.mpvplayer.MainActivity, package:com.tapman104.mpvplayer, mProcessCreatePackcom.tapman104.mpvplayer 
2026-06-28 13:24:37.590  1626-1666  mtkpower_client         system_server                        I  [PowerHal_Wrap_notifyAppState] com.tapman104.mpvplayer/com.tapman104.mpvplayer.MainActivity pid=28304 activityId:145987420 state:0
2026-06-28 13:24:37.590  1004-1004  vendor.med...e.mediatek ven...ower_applist-service.mediatek  I  packName: com.tapman104.mpvplayer actName: com.tapman104.mpvplayer.MainActivity pid: 28304 uid: 10273 state: 0
2026-06-28 13:24:37.590  1004-1004  MTK_APPList             ven...ower_applist-service.mediatek  I  [notifyAPPstate] com.tapman104.mpvplayer/com.tapman104.mpvplayer.MainActivity, pid=28304, uid=10273, state:PAUSED, fps:-1, win:1
2026-06-28 13:24:37.590  1004-1004  MTK_APPList             ven...ower_applist-service.mediatek  I  [notifyAPPstate] multi_resumed_app_info[1] com.tapman104.mpvplayer/com.tapman104.mpvplayer.PlayerActivity, pid:28304, fps:-1, isMultiWindow:0
2026-06-28 13:24:37.616 28304-28395 mpv                     com.tapman104.mpvplayer              V  [vo/gpu:v] Video scale: 1.000000/1.000000
2026-06-28 13:24:37.616 28304-28395 mpv                     com.tapman104.mpvplayer              V  [vo/gpu:v] OSD borders: l=240 t=0 r=240 b=0
2026-06-28 13:24:37.617 28304-28395 mpv                     com.tapman104.mpvplayer              V  [vo/gpu:v] Video borders: l=240 t=0 r=240 b=0
2026-06-28 13:24:37.618 28304-28395 mpv                     com.tapman104.mpvplayer              V  [vo/gpu:v] Reported display depth: 8
2026-06-28 13:24:37.619 28304-28395 mpv                     com.tapman104.mpvplayer              V  [vo/gpu:v] Texture for plane 0: 1920x1080
2026-06-28 13:24:37.623 28304-28395 mpv                     com.tapman104.mpvplayer              V  [vo/gpu:v] Texture for plane 1: 960x540
2026-06-28 13:24:37.623 28304-28395 mpv                     com.tapman104.mpvplayer              V  [vo/gpu:v] Texture for plane 2: 960x540
2026-06-28 13:24:37.624 28304-28395 mpv                     com.tapman104.mpvplayer              V  [vo/gpu:v] Testing FBO format rgba16f
2026-06-28 13:24:37.624 28304-28395 mpv                     com.tapman104.mpvplayer              V  [vo/gpu:v] Using FBO format rgba16f.
2026-06-28 13:24:37.624 28304-28395 mpv                     com.tapman104.mpvplayer              V  [vo/gpu:v] Dither to 8.
2026-06-28 13:24:37.626 28304-28395 mpv                     com.tapman104.mpvplayer              V  [cplayer:v] first video frame after restart shown
2026-06-28 13:24:37.627  1626-3654  AppOps                  system_server                        E  attributionTag  not declared in manifest of com.tapman104.mpvplayer
2026-06-28 13:24:37.627  1626-3594  AppOps                  system_server                        E  attributionTag  not declared in manifest of com.tapman104.mpvplayer
2026-06-28 13:24:37.632 28304-28395 mpv                     com.tapman104.mpvplayer              V  [cplayer:v] audio ready
2026-06-28 13:24:37.633 28304-28430 AudioSystem             com.tapman104.mpvplayer              D  +setParameters(): AudioTrack-Process=28304;AudioTrack-AudioThread=28430 
2026-06-28 13:24:37.661  1626-3689  WindowManager           system_server                        D  setParent old=Task{911bbeb #47 type=standard A=10273:com.tapman104.mpvplayer},new=null,this window=ActivityRecord{135220264 u0 com.google.android.documentsui/com.android.documentsui.picker.PickActivity t47 f}},callers=com.android.server.wm.WindowContainer.removeChild:896 com.android.server.wm.TaskFragment.removeChild:3274 com.android.server.wm.Task.removeChild:1569 com.android.server.wm.Task.removeChild:1552 com.android.server.wm.WindowContainer.removeImmediately:949 com.android.server.wm.WindowToken.removeImmediately:337 
2026-06-28 13:24:37.671 28304-28395 mpv                     com.tapman104.mpvplayer              V  event: playback-restart
2026-06-28 13:24:37.671 28304-28395 MpvEventDispatcher      com.tapman104.mpvplayer              D  Received MPV event: 21
2026-06-28 13:24:37.674 28304-28395 mpv                     com.tapman104.mpvplayer              V  [cplayer:v] starting audio playback
2026-06-28 13:24:37.677 28304-28395 mpv                     com.tapman104.mpvplayer              V  [cplayer:v] playback restart complete @ 0.000000, audio=playing, video=playing
2026-06-28 13:24:37.677 28304-28395 mpv                     com.tapman104.mpvplayer              V  [cplayer:warn] Audio device underrun detected.
2026-06-28 13:24:37.678 28304-28395 mpv                     com.tapman104.mpvplayer              V  [cplayer:v] restarting audio after underrun
2026-06-28 13:24:37.688 28304-28326 BLASTBufferQueue        com.tapman104.mpvplayer              D  [VRI[MainActivity]#1](f:0,a:1) destructor()
2026-06-28 13:24:37.688 28304-28326 BufferQueueConsumer     com.tapman104.mpvplayer              D  [VRI[MainActivity]#1(BLAST Consumer)1](id:6e9000000001,api:0,p:-1,c:28304) disconnect
2026-06-28 13:24:37.737 28304-28448 AudioTrack              com.tapman104.mpvplayer              D  updateStateToService: AudioTrackStatus state:0
2026-06-28 13:24:37.739  1626-3689  AS.AudioService         system_server                        D  AudioTrackStatus: pid = 28304; uid = 10273; sessionId = 969; streamType = 3; state = 0; pkgName = com.tapman104.mpvplayer
2026-06-28 13:24:37.739  1626-3689  NtAudioGlyphServiceImpl system_server                        D  addAudioLightRequest for uid:10273 pid:28304 pkgName:com.tapman104.mpvplayer audioType:3 addby: 2 sessionId:969 with lightId:107 csvId:-1 noAudio:false
2026-06-28 13:24:37.753  1626-3689  NtAudioGlyphServiceImpl system_server                        D  AudioLightRequests[1]+ AudioLightRequest@37e50f2{Id:107,uid:10273,pid:28304,noAudio:false,csvId:-1,pkg:com.tapman104.mpvplayer,session:-1,addby:2}
2026-06-28 13:24:37.758  1626-3689  AS.AudioService         system_server                        D  [reportAudioTrackStatusChanged]start broadcast, pid = 28304, uid = 10273, status = 0, streamType = 3, pkgName = com.tapman104.mpvplayer, sessionId = 969
2026-06-28 13:24:37.768  2736-30409 DetectSceneService      com.nothing.audioeffect              D  pid = 28304 processName = com.tapman104.mpvplayer
2026-06-28 13:24:37.782  1044-1044  SurfaceFlinger          surfaceflinger                       I  onHandleDestroyed: layerId=4541, name=com.tapman104.mpvplayer/com.tapman104.mpvplayer.MainActivity#4541
2026-06-28 13:24:37.856  1044-1044  BufferQueueProducer     surfaceflinger                       I  [75af9c3 SurfaceView[com.tapman104.mpvplayer/com.tapman104.mpvplayer.PlayerActivity](BLAST)#4554](this:0xb40000770ea976f8,id:-1,api:0,p:-1,c:1044) queueBuffer: fps=6.80 dur=1029.34 max=493.87 min=8.09
2026-06-28 13:24:37.898  1044-1044  BufferQueueProducer     surfaceflinger                       I  [com.tapman104.mpvplayer/com.tapman104.mpvplayer.PlayerActivity#4549](this:0xb40000770e9fad08,id:-1,api:0,p:-1,c:1044) queueBuffer: fps=19.92 dur=1054.42 max=325.31 min=8.21
2026-06-28 13:24:37.964 10854-10854 GoogleInpu...hodService com...gle.android.inputmethod.latin  I  GoogleInputMethodService.onStartInput():1454 onStartInput(EditorInfo{EditorInfo{packageName=com.tapman104.mpvplayer, inputType=0, inputTypeString=NULL, enableLearning=false, autoCorrection=false, autoComplete=false, imeOptions=0, privateImeOptions=null, actionName=UNSPECIFIED, actionLabel=null, initialSelStart=-1, initialSelEnd=-1, initialCapsMode=0, label=null, fieldId=0, fieldName=null, extras=null, hintText=null, hintLocales=[]}}, true)
2026-06-28 13:24:37.985  1626-2511  PackageConfigPersister  system_server                        W  App-specific configuration not found for packageName: com.tapman104.mpvplayer and userId: 0
2026-06-28 13:24:38.868  1044-1044  BufferQueueProducer     surfaceflinger                       I  [75af9c3 SurfaceView[com.tapman104.mpvplayer/com.tapman104.mpvplayer.PlayerActivity](BLAST)#4554](this:0xb40000770ea976f8,id:-1,api:0,p:-1,c:1044) queueBuffer: fps=23.72 dur=1011.77 max=50.27 min=32.79
2026-06-28 13:24:39.111  1044-1044  BufferQueueProducer     surfaceflinger                       I  [com.tapman104.mpvplayer/com.tapman104.mpvplayer.PlayerActivity#4549](this:0xb40000770e9fad08,id:-1,api:0,p:-1,c:1044) queueBuffer: fps=4.12 dur=1212.32 max=267.87 min=174.81
2026-06-28 13:24:39.905  1044-1044  BufferQueueProducer     surfaceflinger                       I  [75af9c3 SurfaceView[com.tapman104.mpvplayer/com.tapman104.mpvplayer.PlayerActivity](BLAST)#4554](this:0xb40000770ea976f8,id:-1,api:0,p:-1,c:1044) queueBuffer: fps=24.11 dur=1036.72 max=49.84 min=33.15
2026-06-28 13:24:40.114  1044-1044  BufferQueueProducer     surfaceflinger                       I  [com.tapman104.mpvplayer/com.tapman104.mpvplayer.PlayerActivity#4549](this:0xb40000770e9fad08,id:-1,api:0,p:-1,c:1044) queueBuffer: fps=25.93 dur=1002.89 max=300.87 min=7.60
2026-06-28 13:24:40.119 28304-28395 mpv                     com.tapman104.mpvplayer              V  [sub/ass:info] fontselect: Using default font family: (Times New Roman, 700, 0) -> Roboto-Regular, 0, Roboto-Regular
2026-06-28 13:24:40.119 28304-28395 mpv                     com.tapman104.mpvplayer              V  [sub/ass:v] fontselect: (Times New Roman, 700, 0) -> Roboto-Regular, 0, Roboto-Regular
2026-06-28 13:24:40.124 28304-28395 mpv                     com.tapman104.mpvplayer              V  [sub/ass:v] mangling colors like vsfilter: RGB -> bt.601 limited -> bt.709 bt.601 -> RGB
2026-06-28 13:24:40.126 28304-28395 mpv                     com.tapman104.mpvplayer              V  [vo/gpu:v] Reallocating OSD texture to 512x128.
2026-06-28 13:24:40.127 28304-28386 AudioTrack              com.tapman104.mpvplayer              D  pause(78): 0xb400007457778470, prior state:STATE_ACTIVE, packageName: com.tapman104.mpvplayer
2026-06-28 13:24:40.127 28304-28386 AudioTrackShared        com.tapman104.mpvplayer              D  this(0xb400007467a279f0), mCblk(0x72f47ff000), front(118784), mIsOut 1, interrupt() FUTEX_WAKE
2026-06-28 13:24:40.128 28304-28395 mpv                     com.tapman104.mpvplayer              V  [mkv:v] queuing seek to 508.362000
2026-06-28 13:24:40.128  1626-1800  AppOps                  system_server                        E  attributionTag  not declared in manifest of com.tapman104.mpvplayer
2026-06-28 13:24:40.129 28304-28395 mpv                     com.tapman104.mpvplayer              V  [mkv:v] cached range 0: 0.000000 <-> 1125.465000 (bof=1, eof=0)
2026-06-28 13:24:40.130  1626-1800  AppOps                  system_server                        E  attributionTag  not declared in manifest of com.tapman104.mpvplayer
2026-06-28 13:24:40.131 28304-28395 mpv                     com.tapman104.mpvplayer              V  [mkv:v] ...using this range for in-cache seek.
2026-06-28 13:24:40.132 28304-28386 AudioTrack              com.tapman104.mpvplayer              D  updateStateToService: AudioTrackStatus state:2
2026-06-28 13:24:40.132  1626-1800  AS.AudioService         system_server                        D  AudioTrackStatus: pid = 28304; uid = 10273; sessionId = 969; streamType = 3; state = 2; pkgName = com.tapman104.mpvplayer
2026-06-28 13:24:40.132 28304-28386 AudioTrack              com.tapman104.mpvplayer              D  flush(78): 0xb400007457778470, prior state:STATE_PAUSED, packageName: com.tapman104.mpvplayer
2026-06-28 13:24:40.132 28304-28386 AudioTrack              com.tapman104.mpvplayer              D  updateStateToService: AudioTrackStatus state:4
2026-06-28 13:24:40.133 28304-28404 MediaCodec              com.tapman104.mpvplayer              D  [0xb4000075377d8920] setState: 7
2026-06-28 13:24:40.135 28304-28395 mpv                     com.tapman104.mpvplayer              V  [mkv:v] seeking stream 0 (video) to packet 503.468000/-9223372036854775808.000000
2026-06-28 13:24:40.135  1626-1800  AS.AudioService         system_server                        D  AudioTrackStatus: pid = 28304; uid = 10273; sessionId = 969; streamType = 3; state = 4; pkgName = com.tapman104.mpvplayer
2026-06-28 13:24:40.137 28304-28395 mpv                     com.tapman104.mpvplayer              V  [mkv:v] seeking stream 1 (audio) to packet 508.353500/-9223372036854775808.000000
2026-06-28 13:24:40.138 28304-28395 mpv                     com.tapman104.mpvplayer              V  [mkv:v] seeking stream 2 (sub) to packet 506.767000/-9223372036854775808.000000
2026-06-28 13:24:40.142 28304-28405 CCodecBufferChannel     com.tapman104.mpvplayer              D  [c2.mtk.avc.decoder#290] no linear codec config data found
2026-06-28 13:24:40.142 28304-28405 CCodecBufferChannel     com.tapman104.mpvplayer              D  [c2.mtk.avc.decoder#290] no linear codec config data found
2026-06-28 13:24:40.142 28304-28404 MediaCodec              com.tapman104.mpvplayer              D  [0xb4000075377d8920] setState: 6
2026-06-28 13:24:40.143 28304-28404 CCodecConfig            com.tapman104.mpvplayer              I  query failed after returning 19 values (BAD_INDEX)
2026-06-28 13:24:40.145 28304-28404 Codec2Client            com.tapman104.mpvplayer              W  query -- param skipped: index = 1342179345.
2026-06-28 13:24:40.145 28304-28404 Codec2Client            com.tapman104.mpvplayer              W  query -- param skipped: index = 2415921170.
2026-06-28 13:24:40.145 28304-28404 Codec2Client            com.tapman104.mpvplayer              W  query -- param skipped: index = 1610614798.
2026-06-28 13:24:40.148 28304-28404 MediaCodec              com.tapman104.mpvplayer              D  [0xb4000075377d8920] setState: 7
2026-06-28 13:24:40.152 28304-28404 MediaCodec              com.tapman104.mpvplayer              D  [0xb4000075377d8920] setState: 6
2026-06-28 13:24:40.153 28304-28404 CCodecConfig            com.tapman104.mpvplayer              I  query failed after returning 19 values (BAD_INDEX)
2026-06-28 13:24:40.155 28304-28404 Codec2Client            com.tapman104.mpvplayer              W  query -- param skipped: index = 1342179345.
2026-06-28 13:24:40.155 28304-28404 Codec2Client            com.tapman104.mpvplayer              W  query -- param skipped: index = 2415921170.
2026-06-28 13:24:40.155 28304-28404 Codec2Client            com.tapman104.mpvplayer              W  query -- param skipped: index = 1610614798.
2026-06-28 13:24:40.157 28304-28395 mpv                     com.tapman104.mpvplayer              V  event: seek
2026-06-28 13:24:40.157 28304-28395 MpvEventDispatcher      com.tapman104.mpvplayer              D  Received MPV event: 20
2026-06-28 13:24:40.161 28304-28405 CCodecBufferChannel     com.tapman104.mpvplayer              D  [c2.mtk.avc.decoder#290] Discard frames from previous generation.
2026-06-28 13:24:40.161 28304-28405 Codec2-Out...ufferQueue com.tapman104.mpvplayer              D  set max dequeue count 19 from update
2026-06-28 13:24:40.162 28304-28395 mpv                     com.tapman104.mpvplayer              V  [cplayer:v] hr-seek, skipping to 508.362000
2026-06-28 13:24:40.162 28304-28404 CCodecBufferChannel     com.tapman104.mpvplayer              D  [c2.mtk.avc.decoder#290] send inputSlots num:8 to codec
2026-06-28 13:24:40.165 28304-28409 CCodecBufferChannel     com.tapman104.mpvplayer              D  [c2.mtk.avc.decoder#290] Ignoring stale input buffer done callback: last flush index = 71, frameIndex = 71
2026-06-28 13:24:40.199 28304-28395 mpv                     com.tapman104.mpvplayer              V  [vd:v] Decoder format: 1920x1080 [0:1] yuv420p auto/auto/auto/limited/auto CL=unknown crop=1920x1080+0+0 A=none
2026-06-28 13:24:40.200 28304-28395 mpv                     com.tapman104.mpvplayer              V  [vd:v] Using container aspect ratio.
2026-06-28 13:24:40.323 28304-28395 mpv                     com.tapman104.mpvplayer              V  [mkv:v] EOF reached.
2026-06-28 13:24:40.513  1626-2420  NtAudioGlyphServiceImpl system_server                        D  onAudioTrackStop request:AudioLightRequest@37e50f2{Id:107,uid:10273,pid:28304,noAudio:false,csvId:-1,pkg:com.tapman104.mpvplayer,session:969,addby:2}
2026-06-28 13:24:40.513  1626-2420  NtAudioGlyphServiceImpl system_server                        D  AudioLightRequests[0]- AudioLightRequest@37e50f2{Id:107,uid:10273,pid:28304,noAudio:false,csvId:-1,pkg:com.tapman104.mpvplayer,session:969,addby:2}
2026-06-28 13:24:40.516  1626-2420  NtAudioGlyphServiceImpl system_server                        D  onAudioTrackStop request:AudioLightRequest@37e50f2{Id:107,uid:10273,pid:28304,noAudio:false,csvId:-1,pkg:com.tapman104.mpvplayer,session:969,addby:2}
2026-06-28 13:24:40.516  1626-2420  NtAudioGlyphServiceImpl system_server                        D  AudioLightRequests[0]- AudioLightRequest@37e50f2{Id:107,uid:10273,pid:28304,noAudio:false,csvId:-1,pkg:com.tapman104.mpvplayer,session:969,addby:2}
2026-06-28 13:24:41.056 28304-28395 mpv                     com.tapman104.mpvplayer              V  [sub/ass:v] fontselect: (Roboto, 400, 0) -> Roboto-Regular, 0, Roboto-Regular
2026-06-28 13:24:41.064 28304-28395 mpv                     com.tapman104.mpvplayer              V  [vo/gpu:v] Reallocating OSD texture to 1024x256.
2026-06-28 13:24:41.068 28304-28395 mpv                     com.tapman104.mpvplayer              V  [cplayer:v] first video frame after restart shown
2026-06-28 13:24:41.074 28304-28395 mpv                     com.tapman104.mpvplayer              V  [cplayer:v] audio ready
2026-06-28 13:24:41.074 28304-28386 AudioTrack              com.tapman104.mpvplayer              D  start(78): 0xb400007457778470, prior state:STATE_FLUSHED, packageName: com.tapman104.mpvplayer
2026-06-28 13:24:41.076  1044-1044  BufferQueueProducer     surfaceflinger                       I  [75af9c3 SurfaceView[com.tapman104.mpvplayer/com.tapman104.mpvplayer.PlayerActivity](BLAST)#4554](this:0xb40000770ea976f8,id:-1,api:0,p:-1,c:1044) queueBuffer: fps=5.98 dur=1170.78 max=920.41 min=40.98
2026-06-28 13:24:41.078 28304-28395 mpv                     com.tapman104.mpvplayer              V  [cplayer:v] starting audio playback
2026-06-28 13:24:41.084  1626-2511  AppOps                  system_server                        E  attributionTag  not declared in manifest of com.tapman104.mpvplayer
2026-06-28 13:24:41.084  1626-2511  AppOps                  system_server                        E  attributionTag  not declared in manifest of com.tapman104.mpvplayer
2026-06-28 13:24:41.086 28304-28395 mpv                     com.tapman104.mpvplayer              V  event: playback-restart
2026-06-28 13:24:41.086 28304-28395 MpvEventDispatcher      com.tapman104.mpvplayer              D  Received MPV event: 21
2026-06-28 13:24:41.087 28304-28395 mpv                     com.tapman104.mpvplayer              V  [cplayer:v] playback restart complete @ 508.390000, audio=playing, video=playing
2026-06-28 13:24:41.087 28304-28395 mpv                     com.tapman104.mpvplayer              V  [cplayer:warn] Audio device underrun detected.
2026-06-28 13:24:41.088 28304-28395 mpv                     com.tapman104.mpvplayer              V  [cplayer:v] restarting audio after underrun
2026-06-28 13:24:41.189  2736-30654 DetectSceneService      com.nothing.audioeffect              D  pid = 28304 processName = com.tapman104.mpvplayer
2026-06-28 13:24:41.244 28304-28456 AudioTrack              com.tapman104.mpvplayer              D  updateStateToService: AudioTrackStatus state:0
2026-06-28 13:24:41.245  1626-2511  AS.AudioService         system_server                        D  AudioTrackStatus: pid = 28304; uid = 10273; sessionId = 969; streamType = 3; state = 0; pkgName = com.tapman104.mpvplayer
2026-06-28 13:24:41.245  1626-2511  NtAudioGlyphServiceImpl system_server                        D  addAudioLightRequest for uid:10273 pid:28304 pkgName:com.tapman104.mpvplayer audioType:3 addby: 2 sessionId:969 with lightId:107 csvId:-1 noAudio:false
2026-06-28 13:24:41.246  1626-2511  NtAudioGlyphServiceImpl system_server                        D  AudioLightRequests[1]+ AudioLightRequest@863f8f{Id:107,uid:10273,pid:28304,noAudio:false,csvId:-1,pkg:com.tapman104.mpvplayer,session:-1,addby:2}
2026-06-28 13:24:41.247  1626-2511  AS.AudioService         system_server                        D  [reportAudioTrackStatusChanged]start broadcast, pid = 28304, uid = 10273, status = 0, streamType = 3, pkgName = com.tapman104.mpvplayer, sessionId = 969
2026-06-28 13:24:41.535  1044-1044  BufferQueueProducer     surfaceflinger                       I  [com.tapman104.mpvplayer/com.tapman104.mpvplayer.PlayerActivity#4549](this:0xb40000770e9fad08,id:-1,api:0,p:-1,c:1044) queueBuffer: fps=9.14 dur=1421.73 max=1279.04 min=6.94
2026-06-28 13:24:42.104  1044-1044  BufferQueueProducer     surfaceflinger                       I  [75af9c3 SurfaceView[com.tapman104.mpvplayer/com.tapman104.mpvplayer.PlayerActivity](BLAST)#4554](this:0xb40000770ea976f8,id:-1,api:0,p:-1,c:1044) queueBuffer: fps=20.42 dur=1028.40 max=134.07 min=40.98
2026-06-28 13:24:42.566 28304-28304 NtAudioManager          com.tapman104.mpvplayer              I  getStreamVolume streamType :3, pkg :com.tapman104.mpvplayer, index :5
2026-06-28 13:24:42.569 28304-28360 PowerHalWrapper         com.tapman104.mpvplayer              I  PowerHalWrapper.getInstance 
2026-06-28 13:24:42.588 28304-28360 PowerHalMgrImpl         com.tapman104.mpvplayer              I  hdl:4681, pid:28304 
2026-06-28 13:24:42.597 28304-28304 PowerHalWrapper         com.tapman104.mpvplayer              I  PowerHalWrapper.getInstance 
2026-06-28 13:24:42.597 28304-28304 an104.mpvplayer         com.tapman104.mpvplayer              E  legacy_receive_flag: 1
2026-06-28 13:24:42.603  1626-2511  AppOps                  system_server                        W  Noting op not finished: uid 10273 pkg com.tapman104.mpvplayer code 155 startTime of in progress event=1782633281084
2026-06-28 13:24:42.603  1626-2511  AppOps                  system_server                        W  Noting op not finished: uid 10273 pkg com.tapman104.mpvplayer code 154 startTime of in progress event=1782633281084
2026-06-28 13:24:42.606  1044-1044  BufferQueueProducer     surfaceflinger                       I  [com.tapman104.mpvplayer/com.tapman104.mpvplayer.PlayerActivity#4549](this:0xb40000770e9fad08,id:-1,api:0,p:-1,c:1044) queueBuffer: fps=41.10 dur=1070.48 max=292.47 min=7.99
2026-06-28 13:24:42.642  1626-2511  AppOps                  system_server                        W  Noting op not finished: uid 10273 pkg com.tapman104.mpvplayer code 155 startTime of in progress event=1782633281084
2026-06-28 13:24:42.643  1626-2511  AppOps                  system_server                        W  Noting op not finished: uid 10273 pkg com.tapman104.mpvplayer code 154 startTime of in progress event=1782633281084
2026-06-28 13:24:42.711  1626-2511  AppOps                  system_server                        W  Noting op not finished: uid 10273 pkg com.tapman104.mpvplayer code 155 startTime of in progress event=1782633281084
2026-06-28 13:24:42.711  1626-2511  AppOps                  system_server                        W  Noting op not finished: uid 10273 pkg com.tapman104.mpvplayer code 154 startTime of in progress event=1782633281084
2026-06-28 13:24:42.736  1626-3594  AppOps                  system_server                        W  Noting op not finished: uid 10273 pkg com.tapman104.mpvplayer code 155 startTime of in progress event=1782633281084
2026-06-28 13:24:42.736  1626-3594  AppOps                  system_server                        W  Noting op not finished: uid 10273 pkg com.tapman104.mpvplayer code 154 startTime of in progress event=1782633281084
2026-06-28 13:24:42.758  1626-3594  AppOps                  system_server                        W  Noting op not finished: uid 10273 pkg com.tapman104.mpvplayer code 155 startTime of in progress event=1782633281084
2026-06-28 13:24:42.758  1626-3594  AppOps                  system_server                        W  Noting op not finished: uid 10273 pkg com.tapman104.mpvplayer code 154 startTime of in progress event=1782633281084
2026-06-28 13:24:42.760  1626-2511  AppOps                  system_server                        W  Noting op not finished: uid 10273 pkg com.tapman104.mpvplayer code 155 startTime of in progress event=1782633281084
2026-06-28 13:24:42.760  1626-2511  AppOps                  system_server                        W  Noting op not finished: uid 10273 pkg com.tapman104.mpvplayer code 154 startTime of in progress event=1782633281084
2026-06-28 13:24:42.763 28304-28304 ScrollIdentify          com.tapman104.mpvplayer              I  on fling
2026-06-28 13:24:43.108  1044-1044  BufferQueueProducer     surfaceflinger                       I  [75af9c3 SurfaceView[com.tapman104.mpvplayer/com.tapman104.mpvplayer.PlayerActivity](BLAST)#4554](this:0xb40000770ea976f8,id:-1,api:0,p:-1,c:1044) queueBuffer: fps=23.92 dur=1003.40 max=42.39 min=41.40
2026-06-28 13:24:43.346 28304-28304 NtAudioManager          com.tapman104.mpvplayer              I  getStreamVolume streamType :3, pkg :com.tapman104.mpvplayer, index :0
2026-06-28 13:24:43.363  1626-3594  AppOps                  system_server                        W  Noting op not finished: uid 10273 pkg com.tapman104.mpvplayer code 155 startTime of in progress event=1782633281084
2026-06-28 13:24:43.363  1626-3594  AppOps                  system_server                        W  Noting op not finished: uid 10273 pkg com.tapman104.mpvplayer code 154 startTime of in progress event=1782633281084
2026-06-28 13:24:43.369 28304-28360 PowerHalMgrImpl         com.tapman104.mpvplayer              I  hdl:4684, pid:28304 
2026-06-28 13:24:43.374  1626-3594  AppOps                  system_server                        W  Noting op not finished: uid 10273 pkg com.tapman104.mpvplayer code 155 startTime of in progress event=1782633281084
2026-06-28 13:24:43.374  1626-3594  AppOps                  system_server                        W  Noting op not finished: uid 10273 pkg com.tapman104.mpvplayer code 154 startTime of in progress event=1782633281084
2026-06-28 13:24:43.385  1626-3594  AppOps                  system_server                        W  Noting op not finished: uid 10273 pkg com.tapman104.mpvplayer code 155 startTime of in progress event=1782633281084
2026-06-28 13:24:43.385  1626-3594  AppOps                  system_server                        W  Noting op not finished: uid 10273 pkg com.tapman104.mpvplayer code 154 startTime of in progress event=1782633281084
2026-06-28 13:24:43.390  1626-3594  AppOps                  system_server                        W  Noting op not finished: uid 10273 pkg com.tapman104.mpvplayer code 155 startTime of in progress event=1782633281084
2026-06-28 13:24:43.390  1626-3594  AppOps                  system_server                        W  Noting op not finished: uid 10273 pkg com.tapman104.mpvplayer code 154 startTime of in progress event=1782633281084
2026-06-28 13:24:43.399  1626-2511  AppOps                  system_server                        W  Noting op not finished: uid 10273 pkg com.tapman104.mpvplayer code 155 startTime of in progress event=1782633281084
2026-06-28 13:24:43.400  1626-2511  AppOps                  system_server                        W  Noting op not finished: uid 10273 pkg com.tapman104.mpvplayer code 154 startTime of in progress event=1782633281084
2026-06-28 13:24:43.407  1626-2511  AppOps                  system_server                        W  Noting op not finished: uid 10273 pkg com.tapman104.mpvplayer code 155 startTime of in progress event=1782633281084
2026-06-28 13:24:43.407  1626-2511  AppOps                  system_server                        W  Noting op not finished: uid 10273 pkg com.tapman104.mpvplayer code 154 startTime of in progress event=1782633281084
2026-06-28 13:24:43.415  1626-3594  AppOps                  system_server                        W  Noting op not finished: uid 10273 pkg com.tapman104.mpvplayer code 155 startTime of in progress event=1782633281084
2026-06-28 13:24:43.415  1626-3594  AppOps                  system_server                        W  Noting op not finished: uid 10273 pkg com.tapman104.mpvplayer code 154 startTime of in progress event=1782633281084
2026-06-28 13:24:43.424  1626-3594  AppOps                  system_server                        W  Noting op not finished: uid 10273 pkg com.tapman104.mpvplayer code 155 startTime of in progress event=1782633281084
2026-06-28 13:24:43.424  1626-3594  AppOps                  system_server                        W  Noting op not finished: uid 10273 pkg com.tapman104.mpvplayer code 154 startTime of in progress event=1782633281084
2026-06-28 13:24:43.432  1626-3594  AppOps                  system_server                        W  Noting op not finished: uid 10273 pkg com.tapman104.mpvplayer code 155 startTime of in progress event=1782633281084
2026-06-28 13:24:43.432  1626-3594  AppOps                  system_server                        W  Noting op not finished: uid 10273 pkg com.tapman104.mpvplayer code 154 startTime of in progress event=1782633281084
2026-06-28 13:24:43.436  1626-2511  AppOps                  system_server                        W  Noting op not finished: uid 10273 pkg com.tapman104.mpvplayer code 155 startTime of in progress event=1782633281084
2026-06-28 13:24:43.437  1626-2511  AppOps                  system_server                        W  Noting op not finished: uid 10273 pkg com.tapman104.mpvplayer code 154 startTime of in progress event=1782633281084
2026-06-28 13:24:43.443 28304-28304 ScrollIdentify          com.tapman104.mpvplayer              I  on fling
2026-06-28 13:24:43.496  1004-1063  MTK_APPList             ven...ower_applist-service.mediatek  I  [notifyAPPstate] com.tapman104.mpvplayer/com.tapman104.mpvplayer.PlayerActivity, pid=28304, uid=10273, state:FPS_UPDATED, fps:120, win:1
2026-06-28 13:24:43.496  1004-1063  MTK_APPList             ven...ower_applist-service.mediatek  I  [notifyAPPstate] multi_resumed_app_info[1] com.tapman104.mpvplayer/com.tapman104.mpvplayer.PlayerActivity, pid:28304, fps:120, isMultiWindow:1
2026-06-28 13:24:43.793  1044-1044  BufferQueueProducer     surfaceflinger                       I  [com.tapman104.mpvplayer/com.tapman104.mpvplayer.PlayerActivity#4549](this:0xb40000770e9fad08,id:-1,api:0,p:-1,c:1044) queueBuffer: fps=16.84 dur=1187.48 max=292.59 min=8.05
2026-06-28 13:24:44.145  1044-1044  BufferQueueProducer     surfaceflinger                       I  [75af9c3 SurfaceView[com.tapman104.mpvplayer/com.tapman104.mpvplayer.PlayerActivity](BLAST)#4554](this:0xb40000770ea976f8,id:-1,api:0,p:-1,c:1044) queueBuffer: fps=24.10 dur=1037.17 max=49.91 min=32.95
2026-06-28 13:24:44.798  1044-1044  BufferQueueProducer     surfaceflinger                       I  [com.tapman104.mpvplayer/com.tapman104.mpvplayer.PlayerActivity#4549](this:0xb40000770e9fad08,id:-1,api:0,p:-1,c:1044) queueBuffer: fps=60.74 dur=1004.34 max=250.95 min=7.54
2026-06-28 13:24:44.863 28304-28304 an104.mpvplayer         com.tapman104.mpvplayer              I  AssetManager2(0xb4000074378b9ad8) locale list changing from [] to [en-IN]
2026-06-28 13:24:44.884  1626-3652  WindowManager           system_server                        I  finishDrawing of orientation change: Window{5840975 u0 com.tapman104.mpvplayer/com.tapman104.mpvplayer.PlayerActivity} 52ms
2026-06-28 13:24:45.022  1626-1858  ImeTracker              system_server                        I  com.tapman104.mpvplayer:2fc8052c: onRequestHide at ORIGIN_SERVER reason HIDE_SAME_WINDOW_FOCUSED_WITHOUT_EDITOR fromUser false
2026-06-28 13:24:45.023 28304-28304 ImeTracker              com.tapman104.mpvplayer              I  com.tapman104.mpvplayer:2fc8052c: onCancelled at PHASE_CLIENT_ALREADY_HIDDEN
2026-06-28 13:24:45.026 10854-10854 GoogleInpu...hodService com...gle.android.inputmethod.latin  I  GoogleInputMethodService.onStartInput():1454 onStartInput(EditorInfo{EditorInfo{packageName=com.tapman104.mpvplayer, inputType=0, inputTypeString=NULL, enableLearning=false, autoCorrection=false, autoComplete=false, imeOptions=0, privateImeOptions=null, actionName=UNSPECIFIED, actionLabel=null, initialSelStart=-1, initialSelEnd=-1, initialCapsMode=0, label=null, fieldId=0, fieldName=null, extras=null, hintText=null, hintLocales=[]}}, false)
2026-06-28 13:24:45.028  1626-3652  PackageConfigPersister  system_server                        W  App-specific configuration not found for packageName: com.tapman104.mpvplayer and userId: 0
2026-06-28 13:24:45.148  1044-1044  BufferQueueProducer     surfaceflinger                       I  [75af9c3 SurfaceView[com.tapman104.mpvplayer/com.tapman104.mpvplayer.PlayerActivity](BLAST)#4554](this:0xb40000770ea976f8,id:-1,api:0,p:-1,c:1044) queueBuffer: fps=23.92 dur=1003.33 max=43.32 min=40.31
2026-06-28 13:24:46.152  1044-1044  BufferQueueProducer     surfaceflinger                       I  [75af9c3 SurfaceView[com.tapman104.mpvplayer/com.tapman104.mpvplayer.PlayerActivity](BLAST)#4554](this:0xb40000770ea976f8,id:-1,api:0,p:-1,c:1044) queueBuffer: fps=23.90 dur=1004.29 max=43.19 min=40.27
2026-06-28 13:24:46.330 28304-28318 BLASTBufferQueue        com.tapman104.mpvplayer              E  [75af9c3 SurfaceView[com.tapman104.mpvplayer/com.tapman104.mpvplayer.PlayerActivity]#3](f:0,a:5) Faking releaseBufferCallback from transactionCompleteCallback 184
2026-06-28 13:24:46.570  1044-1044  BufferQueueProducer     surfaceflinger                       I  [com.tapman104.mpvplayer/com.tapman104.mpvplayer.PlayerActivity#4549](this:0xb40000770e9fad08,id:-1,api:0,p:-1,c:1044) queueBuffer: fps=5.64 dur=1771.98 max=1662.25 min=7.47
