2026-06-28 13:24:47.083 28304-28395 mpv                     com.tapman104.mpvplayer              V  [mkv:v] queuing seek to 581.047000
2026-06-28 13:24:47.083 28304-28386 AudioTrack              com.tapman104.mpvplayer              D  pause(78): 0xb400007457778470, prior state:STATE_ACTIVE, packageName: com.tapman104.mpvplayer
2026-06-28 13:24:47.083 28304-28386 AudioTrackShared        com.tapman104.mpvplayer              D  this(0xb400007467a279f0), mCblk(0x72f47ff000), front(412704), mIsOut 1, interrupt() FUTEX_WAKE
2026-06-28 13:24:47.084 28304-28395 mpv                     com.tapman104.mpvplayer              V  [mkv:v] cached range 0: 0.000000 <-> 1430.053500 (bof=1, eof=1)
2026-06-28 13:24:47.084  1626-2447  AppOps                  system_server                        E  attributionTag  not declared in manifest of com.tapman104.mpvplayer
2026-06-28 13:24:47.084 28304-28395 mpv                     com.tapman104.mpvplayer              V  [mkv:v] ...using this range for in-cache seek.
2026-06-28 13:24:47.085  1626-1800  AppOps                  system_server                        E  attributionTag  not declared in manifest of com.tapman104.mpvplayer
2026-06-28 13:24:47.085 28304-28395 mpv                     com.tapman104.mpvplayer              V  [mkv:v] seeking stream 0 (video) to packet 578.502000/-9223372036854775808.000000
2026-06-28 13:24:47.086 28304-28386 AudioTrack              com.tapman104.mpvplayer              D  updateStateToService: AudioTrackStatus state:2
2026-06-28 13:24:47.086 28304-28395 mpv                     com.tapman104.mpvplayer              V  [mkv:v] seeking stream 1 (audio) to packet 581.033500/-9223372036854775808.000000
2026-06-28 13:24:47.086  1626-1800  AS.AudioService         system_server                        D  AudioTrackStatus: pid = 28304; uid = 10273; sessionId = 969; streamType = 3; state = 2; pkgName = com.tapman104.mpvplayer
2026-06-28 13:24:47.086 28304-28395 mpv                     com.tapman104.mpvplayer              V  [mkv:v] seeking stream 2 (sub) to packet 578.477000/-9223372036854775808.000000
2026-06-28 13:24:47.086 28304-28386 AudioTrack              com.tapman104.mpvplayer              D  flush(78): 0xb400007457778470, prior state:STATE_PAUSED, packageName: com.tapman104.mpvplayer
2026-06-28 13:24:47.088 28304-28386 AudioTrack              com.tapman104.mpvplayer              D  updateStateToService: AudioTrackStatus state:4
2026-06-28 13:24:47.088  1626-1800  AS.AudioService         system_server                        D  AudioTrackStatus: pid = 28304; uid = 10273; sessionId = 969; streamType = 3; state = 4; pkgName = com.tapman104.mpvplayer
2026-06-28 13:24:47.088 28304-28404 MediaCodec              com.tapman104.mpvplayer              D  [0xb4000075377d8920] setState: 7
2026-06-28 13:24:47.099 28304-28404 MediaCodec              com.tapman104.mpvplayer              D  [0xb4000075377d8920] setState: 6
2026-06-28 13:24:47.099 28304-28404 CCodecConfig            com.tapman104.mpvplayer              I  query failed after returning 19 values (BAD_INDEX)
2026-06-28 13:24:47.100 28304-28404 Codec2Client            com.tapman104.mpvplayer              W  query -- param skipped: index = 1342179345.
2026-06-28 13:24:47.100 28304-28404 Codec2Client            com.tapman104.mpvplayer              W  query -- param skipped: index = 2415921170.
2026-06-28 13:24:47.100 28304-28404 Codec2Client            com.tapman104.mpvplayer              W  query -- param skipped: index = 1610614798.
2026-06-28 13:24:47.101 28304-28404 MediaCodec              com.tapman104.mpvplayer              D  [0xb4000075377d8920] setState: 7
2026-06-28 13:24:47.106 28304-28404 MediaCodec              com.tapman104.mpvplayer              D  [0xb4000075377d8920] setState: 6
2026-06-28 13:24:47.108 28304-28404 CCodecConfig            com.tapman104.mpvplayer              I  query failed after returning 19 values (BAD_INDEX)
2026-06-28 13:24:47.110 28304-28404 Codec2Client            com.tapman104.mpvplayer              W  query -- param skipped: index = 1342179345.
2026-06-28 13:24:47.110 28304-28404 Codec2Client            com.tapman104.mpvplayer              W  query -- param skipped: index = 2415921170.
2026-06-28 13:24:47.110 28304-28404 Codec2Client            com.tapman104.mpvplayer              W  query -- param skipped: index = 1610614798.
2026-06-28 13:24:47.111 28304-28395 mpv                     com.tapman104.mpvplayer              V  event: seek
2026-06-28 13:24:47.112 28304-28395 MpvEventDispatcher      com.tapman104.mpvplayer              D  Received MPV event: 20
2026-06-28 13:24:47.116 28304-28395 mpv                     com.tapman104.mpvplayer              V  [cplayer:v] hr-seek, skipping to 581.047000
2026-06-28 13:24:47.117 28304-28405 CCodecBufferChannel     com.tapman104.mpvplayer              D  [c2.mtk.avc.decoder#290] Discard frames from previous generation.
2026-06-28 13:24:47.117 28304-28405 Codec2-Out...ufferQueue com.tapman104.mpvplayer              D  set max dequeue count 19 from update
2026-06-28 13:24:47.118 28304-28395 mpv                     com.tapman104.mpvplayer              V  [mkv:v] EOF reached.
2026-06-28 13:24:47.118 28304-28404 CCodecBufferChannel     com.tapman104.mpvplayer              D  [c2.mtk.avc.decoder#290] send inputSlots num:8 to codec
2026-06-28 13:24:47.122 28304-28409 CCodecBufferChannel     com.tapman104.mpvplayer              D  [c2.mtk.avc.decoder#290] Ignoring stale input buffer done callback: last flush index = 342, frameIndex = 342
2026-06-28 13:24:47.152 28304-28395 mpv                     com.tapman104.mpvplayer              V  [vd:v] Decoder format: 1920x1080 [0:1] yuv420p auto/auto/auto/limited/auto CL=unknown crop=1920x1080+0+0 A=none
2026-06-28 13:24:47.153 28304-28395 mpv                     com.tapman104.mpvplayer              V  [vd:v] Using container aspect ratio.
2026-06-28 13:24:47.424 28304-28395 mpv                     com.tapman104.mpvplayer              V  [cplayer:v] first video frame after restart shown
2026-06-28 13:24:47.425 28304-28386 AudioTrack              com.tapman104.mpvplayer              D  start(78): 0xb400007457778470, prior state:STATE_FLUSHED, packageName: com.tapman104.mpvplayer
2026-06-28 13:24:47.427 28304-28395 mpv                     com.tapman104.mpvplayer              V  [cplayer:v] audio ready
2026-06-28 13:24:47.427 28304-28395 mpv                     com.tapman104.mpvplayer              V  [cplayer:v] starting audio playback
2026-06-28 13:24:47.431  1044-1044  BufferQueueProducer     surfaceflinger                       I  [75af9c3 SurfaceView[com.tapman104.mpvplayer/com.tapman104.mpvplayer.PlayerActivity](BLAST)#4554](this:0xb40000770ea976f8,id:-1,api:0,p:-1,c:1044) queueBuffer: fps=18.77 dur=1278.74 max=326.14 min=33.28
2026-06-28 13:24:47.439  1626-2447  AppOps                  system_server                        E  attributionTag  not declared in manifest of com.tapman104.mpvplayer
2026-06-28 13:24:47.440  1626-2447  AppOps                  system_server                        E  attributionTag  not declared in manifest of com.tapman104.mpvplayer
2026-06-28 13:24:47.444 28304-28395 mpv                     com.tapman104.mpvplayer              V  event: playback-restart
2026-06-28 13:24:47.444 28304-28395 MpvEventDispatcher      com.tapman104.mpvplayer              D  Received MPV event: 21
2026-06-28 13:24:47.446 28304-28395 mpv                     com.tapman104.mpvplayer              V  [cplayer:v] playback restart complete @ 581.046000, audio=playing, video=playing
2026-06-28 13:24:47.447 28304-28395 mpv                     com.tapman104.mpvplayer              V  [cplayer:warn] Audio device underrun detected.
2026-06-28 13:24:47.448 28304-28395 mpv                     com.tapman104.mpvplayer              V  [cplayer:v] restarting audio after underrun
2026-06-28 13:24:47.467  1626-2420  NtAudioGlyphServiceImpl system_server                        D  onAudioTrackStop request:AudioLightRequest@863f8f{Id:107,uid:10273,pid:28304,noAudio:false,csvId:-1,pkg:com.tapman104.mpvplayer,session:969,addby:2}
2026-06-28 13:24:47.467  1626-2420  NtAudioGlyphServiceImpl system_server                        D  AudioLightRequests[0]- AudioLightRequest@863f8f{Id:107,uid:10273,pid:28304,noAudio:false,csvId:-1,pkg:com.tapman104.mpvplayer,session:969,addby:2}
2026-06-28 13:24:47.468  1626-2420  NtAudioGlyphServiceImpl system_server                        D  onAudioTrackStop request:AudioLightRequest@863f8f{Id:107,uid:10273,pid:28304,noAudio:false,csvId:-1,pkg:com.tapman104.mpvplayer,session:969,addby:2}
2026-06-28 13:24:47.468  1626-2420  NtAudioGlyphServiceImpl system_server                        D  AudioLightRequests[0]- AudioLightRequest@863f8f{Id:107,uid:10273,pid:28304,noAudio:false,csvId:-1,pkg:com.tapman104.mpvplayer,session:969,addby:2}
2026-06-28 13:24:47.509 28304-28395 mpv                     com.tapman104.mpvplayer              V  [mkv:v] queuing seek to 909.967000
2026-06-28 13:24:47.509 28304-28386 AudioTrack              com.tapman104.mpvplayer              D  pause(78): 0xb400007457778470, prior state:STATE_ACTIVE, packageName: com.tapman104.mpvplayer
2026-06-28 13:24:47.509 28304-28386 AudioTrackShared        com.tapman104.mpvplayer              D  this(0xb400007467a279f0), mCblk(0x72f47ff000), front(421952), mIsOut 1, interrupt() FUTEX_WAKE
2026-06-28 13:24:47.509  1626-2447  AppOps                  system_server                        E  attributionTag  not declared in manifest of com.tapman104.mpvplayer
2026-06-28 13:24:47.509 28304-28395 mpv                     com.tapman104.mpvplayer              V  [mkv:v] cached range 0: 0.000000 <-> 1430.053500 (bof=1, eof=1)
2026-06-28 13:24:47.510  1626-3654  AppOps                  system_server                        E  attributionTag  not declared in manifest of com.tapman104.mpvplayer
2026-06-28 13:24:47.510 28304-28395 mpv                     com.tapman104.mpvplayer              V  [mkv:v] ...using this range for in-cache seek.
2026-06-28 13:24:47.510 28304-28386 AudioTrack              com.tapman104.mpvplayer              D  updateStateToService: AudioTrackStatus state:2
2026-06-28 13:24:47.510 28304-28386 AudioTrack              com.tapman104.mpvplayer              D  flush(78): 0xb400007457778470, prior state:STATE_PAUSED, packageName: com.tapman104.mpvplayer
2026-06-28 13:24:47.510  1626-3654  AS.AudioService         system_server                        D  AudioTrackStatus: pid = 28304; uid = 10273; sessionId = 969; streamType = 3; state = 2; pkgName = com.tapman104.mpvplayer
2026-06-28 13:24:47.510 28304-28395 mpv                     com.tapman104.mpvplayer              V  [mkv:v] seeking stream 0 (video) to packet 905.787000/-9223372036854775808.000000
2026-06-28 13:24:47.510 28304-28386 AudioTrack              com.tapman104.mpvplayer              D  updateStateToService: AudioTrackStatus state:4
2026-06-28 13:24:47.511 28304-28395 mpv                     com.tapman104.mpvplayer              V  [mkv:v] seeking stream 1 (audio) to packet 909.953500/-9223372036854775808.000000
2026-06-28 13:24:47.511  1626-3654  AS.AudioService         system_server                        D  AudioTrackStatus: pid = 28304; uid = 10273; sessionId = 969; streamType = 3; state = 4; pkgName = com.tapman104.mpvplayer
2026-06-28 13:24:47.511 28304-28404 MediaCodec              com.tapman104.mpvplayer              D  [0xb4000075377d8920] setState: 7
2026-06-28 13:24:47.512 28304-28395 mpv                     com.tapman104.mpvplayer              V  [mkv:v] seeking stream 2 (sub) to packet 909.527000/-9223372036854775808.000000
2026-06-28 13:24:47.519 28304-28404 MediaCodec              com.tapman104.mpvplayer              D  [0xb4000075377d8920] setState: 6
2026-06-28 13:24:47.519 28304-28404 CCodecConfig            com.tapman104.mpvplayer              I  query failed after returning 19 values (BAD_INDEX)
2026-06-28 13:24:47.520 28304-28404 Codec2Client            com.tapman104.mpvplayer              W  query -- param skipped: index = 1342179345.
2026-06-28 13:24:47.520 28304-28404 Codec2Client            com.tapman104.mpvplayer              W  query -- param skipped: index = 2415921170.
2026-06-28 13:24:47.520 28304-28404 Codec2Client            com.tapman104.mpvplayer              W  query -- param skipped: index = 1610614798.
2026-06-28 13:24:47.522 28304-28404 MediaCodec              com.tapman104.mpvplayer              D  [0xb4000075377d8920] setState: 7
2026-06-28 13:24:47.528 28304-28404 MediaCodec              com.tapman104.mpvplayer              D  [0xb4000075377d8920] setState: 6
2026-06-28 13:24:47.528 28304-28404 CCodecConfig            com.tapman104.mpvplayer              I  query failed after returning 19 values (BAD_INDEX)
2026-06-28 13:24:47.528 28304-28404 Codec2Client            com.tapman104.mpvplayer              W  query -- param skipped: index = 1342179345.
2026-06-28 13:24:47.528 28304-28404 Codec2Client            com.tapman104.mpvplayer              W  query -- param skipped: index = 2415921170.
2026-06-28 13:24:47.528 28304-28404 Codec2Client            com.tapman104.mpvplayer              W  query -- param skipped: index = 1610614798.
2026-06-28 13:24:47.529 28304-28395 mpv                     com.tapman104.mpvplayer              V  event: seek
2026-06-28 13:24:47.530 28304-28395 MpvEventDispatcher      com.tapman104.mpvplayer              D  Received MPV event: 20
2026-06-28 13:24:47.533 28304-28405 CCodecBufferChannel     com.tapman104.mpvplayer              D  [c2.mtk.avc.decoder#290] Discard frames from previous generation.
2026-06-28 13:24:47.533 28304-28405 Codec2-Out...ufferQueue com.tapman104.mpvplayer              D  set max dequeue count 19 from update
2026-06-28 13:24:47.534 28304-28404 CCodecBufferChannel     com.tapman104.mpvplayer              D  [c2.mtk.avc.decoder#290] send inputSlots num:8 to codec
2026-06-28 13:24:47.534 28304-28395 mpv                     com.tapman104.mpvplayer              V  [cplayer:v] hr-seek, skipping to 909.967000
2026-06-28 13:24:47.535 28304-28395 mpv                     com.tapman104.mpvplayer              V  [mkv:v] EOF reached.
2026-06-28 13:24:47.538 28304-28409 CCodecBufferChannel     com.tapman104.mpvplayer              D  [c2.mtk.avc.decoder#290] Ignoring stale input buffer done callback: last flush index = 418, frameIndex = 418
2026-06-28 13:24:47.553  2736-31548 DetectSceneService      com.nothing.audioeffect              D  pid = 28304 processName = com.tapman104.mpvplayer
2026-06-28 13:24:47.567 28304-28395 mpv                     com.tapman104.mpvplayer              V  [vd:v] Decoder format: 1920x1080 [0:1] yuv420p auto/auto/auto/limited/auto CL=unknown crop=1920x1080+0+0 A=none
2026-06-28 13:24:47.568 28304-28395 mpv                     com.tapman104.mpvplayer              V  [vd:v] Using container aspect ratio.
2026-06-28 13:24:47.700  2379-7233  ThermalMit...onStrategy com.nothing.proxy                    D  reEvaluate:  mPendingScenesInfo: scenes: [charger] app: com.tapman104.mpvplayer appCat: -1 level: 9 temp: 43 uid: 10273 pid: 28304 mScenesInfo: scenes: [charger] app: com.android.settings appCat: -1 level: 9 temp: 43 uid: 1000 pid: 15662 sceneChange: false appChange: true levelChange: false
2026-06-28 13:24:47.714  2379-7233  ThermalMit...onStrategy com.nothing.proxy                    D  notifyBufferRateLocked: com.tapman104.mpvplayer 28304 10273 -1 com.tapman104.mpvplayer|charger -1
2026-06-28 13:24:48.029 28304-28404 BufferPoolAccessor2.0   com.tapman104.mpvplayer              D  bufferpool2 0xb4000074e77dc8d8 : 10(20971520 size) total buffers - 8(16777216 size) used buffers - 554/564 (recycle/alloc) - 10/513 (fetch/transfer)
2026-06-28 13:24:48.150 28304-28395 mpv                     com.tapman104.mpvplayer              V  [cplayer:v] first video frame after restart shown
2026-06-28 13:24:48.151 28304-28395 mpv                     com.tapman104.mpvplayer              V  [cplayer:v] audio ready
2026-06-28 13:24:48.152 28304-28386 AudioTrack              com.tapman104.mpvplayer              D  start(78): 0xb400007457778470, prior state:STATE_FLUSHED, packageName: com.tapman104.mpvplayer
2026-06-28 13:24:48.152 28304-28395 mpv                     com.tapman104.mpvplayer              V  [cplayer:v] starting audio playback
2026-06-28 13:24:48.166  1626-3651  AppOps                  system_server                        E  attributionTag  not declared in manifest of com.tapman104.mpvplayer
2026-06-28 13:24:48.167  1626-2511  AppOps                  system_server                        E  attributionTag  not declared in manifest of com.tapman104.mpvplayer
2026-06-28 13:24:48.168 28304-28395 mpv                     com.tapman104.mpvplayer              V  event: playback-restart
2026-06-28 13:24:48.169 28304-28395 MpvEventDispatcher      com.tapman104.mpvplayer              D  Received MPV event: 21
2026-06-28 13:24:48.169 28304-28395 mpv                     com.tapman104.mpvplayer              V  [cplayer:v] playback restart complete @ 909.999000, audio=playing, video=playing
2026-06-28 13:24:48.174 28304-28395 mpv                     com.tapman104.mpvplayer              V  [cplayer:warn] Audio device underrun detected.
2026-06-28 13:24:48.174 28304-28395 mpv                     com.tapman104.mpvplayer              V  [cplayer:v] restarting audio after underrun
2026-06-28 13:24:48.234 28304-28395 mpv                     com.tapman104.mpvplayer              V  [mkv:v] queuing seek to 956.554000
2026-06-28 13:24:48.234 28304-28386 AudioTrack              com.tapman104.mpvplayer              D  pause(78): 0xb400007457778470, prior state:STATE_ACTIVE, packageName: com.tapman104.mpvplayer
2026-06-28 13:24:48.234 28304-28386 AudioTrackShared        com.tapman104.mpvplayer              D  this(0xb400007467a279f0), mCblk(0x72f47ff000), front(431200), mIsOut 1, interrupt() FUTEX_WAKE
2026-06-28 13:24:48.234 28304-28395 mpv                     com.tapman104.mpvplayer              V  [mkv:v] cached range 0: 0.000000 <-> 1430.053500 (bof=1, eof=1)
2026-06-28 13:24:48.235  1626-3651  AppOps                  system_server                        E  attributionTag  not declared in manifest of com.tapman104.mpvplayer
2026-06-28 13:24:48.235 28304-28395 mpv                     com.tapman104.mpvplayer              V  [mkv:v] ...using this range for in-cache seek.
2026-06-28 13:24:48.235 28304-28395 mpv                     com.tapman104.mpvplayer              V  [mkv:v] seeking stream 0 (video) to packet 954.043000/-9223372036854775808.000000
2026-06-28 13:24:48.235 28304-28395 mpv                     com.tapman104.mpvplayer              V  [mkv:v] seeking stream 1 (audio) to packet 956.533500/-9223372036854775808.000000
2026-06-28 13:24:48.235  1626-2511  AppOps                  system_server                        E  attributionTag  not declared in manifest of com.tapman104.mpvplayer
2026-06-28 13:24:48.236 28304-28395 mpv                     com.tapman104.mpvplayer              V  [mkv:v] seeking stream 2 (sub) to packet 954.497000/-9223372036854775808.000000
2026-06-28 13:24:48.236 28304-28386 AudioTrack              com.tapman104.mpvplayer              D  updateStateToService: AudioTrackStatus state:2
2026-06-28 13:24:48.236  1626-2511  AS.AudioService         system_server                        D  AudioTrackStatus: pid = 28304; uid = 10273; sessionId = 969; streamType = 3; state = 2; pkgName = com.tapman104.mpvplayer
2026-06-28 13:24:48.236 28304-28386 AudioTrack              com.tapman104.mpvplayer              D  flush(78): 0xb400007457778470, prior state:STATE_PAUSED, packageName: com.tapman104.mpvplayer
2026-06-28 13:24:48.236 28304-28386 AudioTrack              com.tapman104.mpvplayer              D  updateStateToService: AudioTrackStatus state:4
2026-06-28 13:24:48.237 28304-28404 MediaCodec              com.tapman104.mpvplayer              D  [0xb4000075377d8920] setState: 7
2026-06-28 13:24:48.238  1626-2511  AS.AudioService         system_server                        D  AudioTrackStatus: pid = 28304; uid = 10273; sessionId = 969; streamType = 3; state = 4; pkgName = com.tapman104.mpvplayer
2026-06-28 13:24:48.245 28304-28360 PowerHalMgrImpl         com.tapman104.mpvplayer              I  hdl:4695, pid:28304 
2026-06-28 13:24:48.254 28304-28404 MediaCodec              com.tapman104.mpvplayer              D  [0xb4000075377d8920] setState: 6
2026-06-28 13:24:48.254 28304-28404 CCodecConfig            com.tapman104.mpvplayer              I  query failed after returning 19 values (BAD_INDEX)
2026-06-28 13:24:48.255 28304-28404 Codec2Client            com.tapman104.mpvplayer              W  query -- param skipped: index = 1342179345.
2026-06-28 13:24:48.255 28304-28404 Codec2Client            com.tapman104.mpvplayer              W  query -- param skipped: index = 2415921170.
2026-06-28 13:24:48.255 28304-28404 Codec2Client            com.tapman104.mpvplayer              W  query -- param skipped: index = 1610614798.
2026-06-28 13:24:48.256 28304-28404 MediaCodec              com.tapman104.mpvplayer              D  [0xb4000075377d8920] setState: 7
2026-06-28 13:24:48.265 28304-28404 MediaCodec              com.tapman104.mpvplayer              D  [0xb4000075377d8920] setState: 6
2026-06-28 13:24:48.265 28304-28404 CCodecConfig            com.tapman104.mpvplayer              I  query failed after returning 19 values (BAD_INDEX)
2026-06-28 13:24:48.266 28304-28404 Codec2Client            com.tapman104.mpvplayer              W  query -- param skipped: index = 1342179345.
2026-06-28 13:24:48.266 28304-28404 Codec2Client            com.tapman104.mpvplayer              W  query -- param skipped: index = 2415921170.
2026-06-28 13:24:48.266 28304-28404 Codec2Client            com.tapman104.mpvplayer              W  query -- param skipped: index = 1610614798.
2026-06-28 13:24:48.269 28304-28395 mpv                     com.tapman104.mpvplayer              V  event: seek
2026-06-28 13:24:48.269 28304-28395 MpvEventDispatcher      com.tapman104.mpvplayer              D  Received MPV event: 20
2026-06-28 13:24:48.272 28304-28395 mpv                     com.tapman104.mpvplayer              V  [cplayer:v] hr-seek, skipping to 956.554000
2026-06-28 13:24:48.272 28304-28405 CCodecBufferChannel     com.tapman104.mpvplayer              D  [c2.mtk.avc.decoder#290] Discard frames from previous generation.
2026-06-28 13:24:48.272 28304-28405 Codec2-Out...ufferQueue com.tapman104.mpvplayer              D  set max dequeue count 19 from update
2026-06-28 13:24:48.272  2736-30409 DetectSceneService      com.nothing.audioeffect              D  pid = 28304 processName = com.tapman104.mpvplayer
2026-06-28 13:24:48.273 28304-28395 mpv                     com.tapman104.mpvplayer              V  [mkv:v] EOF reached.
2026-06-28 13:24:48.273 28304-28404 CCodecBufferChannel     com.tapman104.mpvplayer              D  [c2.mtk.avc.decoder#290] send inputSlots num:8 to codec
2026-06-28 13:24:48.276  1044-1044  BufferQueueProducer     surfaceflinger                       I  [com.tapman104.mpvplayer/com.tapman104.mpvplayer.PlayerActivity#4549](this:0xb40000770e9fad08,id:-1,api:0,p:-1,c:1044) queueBuffer: fps=26.95 dur=1706.81 max=719.67 min=8.09
2026-06-28 13:24:48.279 28304-28409 CCodecBufferChannel     com.tapman104.mpvplayer              D  [c2.mtk.avc.decoder#290] Ignoring stale input buffer done callback: last flush index = 528, frameIndex = 528
2026-06-28 13:24:48.310 28304-28395 mpv                     com.tapman104.mpvplayer              V  [vd:v] Decoder format: 1920x1080 [0:1] yuv420p auto/auto/auto/limited/auto CL=unknown crop=1920x1080+0+0 A=none
2026-06-28 13:24:48.312 28304-28395 mpv                     com.tapman104.mpvplayer              V  [vd:v] Using container aspect ratio.
2026-06-28 13:24:48.575 28304-28395 mpv                     com.tapman104.mpvplayer              V  [mkv:v] queuing seek to 1304.474000
2026-06-28 13:24:48.576 28304-28386 AudioTrack              com.tapman104.mpvplayer              D  pause(78): 0xb400007457778470, prior state:STATE_FLUSHED, packageName: com.tapman104.mpvplayer
2026-06-28 13:24:48.576 28304-28395 mpv                     com.tapman104.mpvplayer              V  [mkv:v] cached range 0: 0.000000 <-> 1430.053500 (bof=1, eof=1)
2026-06-28 13:24:48.576 28304-28386 AudioTrack              com.tapman104.mpvplayer              D  flush(78): 0xb400007457778470, prior state:STATE_FLUSHED, packageName: com.tapman104.mpvplayer
2026-06-28 13:24:48.577 28304-28395 mpv                     com.tapman104.mpvplayer              V  [mkv:v] ...using this range for in-cache seek.
2026-06-28 13:24:48.577 28304-28386 AudioTrack              com.tapman104.mpvplayer              D  updateStateToService: AudioTrackStatus state:4
2026-06-28 13:24:48.578  1626-1800  AS.AudioService         system_server                        D  AudioTrackStatus: pid = 28304; uid = 10273; sessionId = 969; streamType = 3; state = 4; pkgName = com.tapman104.mpvplayer
2026-06-28 13:24:48.578 28304-28395 mpv                     com.tapman104.mpvplayer              V  [mkv:v] seeking stream 0 (video) to packet 1303.726000/-9223372036854775808.000000
2026-06-28 13:24:48.579 28304-28404 MediaCodec              com.tapman104.mpvplayer              D  [0xb4000075377d8920] setState: 7
2026-06-28 13:24:48.580 28304-28395 mpv                     com.tapman104.mpvplayer              V  [mkv:v] seeking stream 1 (audio) to packet 1304.453500/-9223372036854775808.000000
2026-06-28 13:24:48.580 28304-28395 mpv                     com.tapman104.mpvplayer              V  [mkv:v] seeking stream 2 (sub) to packet 1303.707000/-9223372036854775808.000000
2026-06-28 13:24:48.591 28304-28404 MediaCodec              com.tapman104.mpvplayer              D  [0xb4000075377d8920] setState: 6
2026-06-28 13:24:48.592 28304-28404 CCodecConfig            com.tapman104.mpvplayer              I  query failed after returning 19 values (BAD_INDEX)
2026-06-28 13:24:48.593 28304-28404 Codec2Client            com.tapman104.mpvplayer              W  query -- param skipped: index = 1342179345.
2026-06-28 13:24:48.593 28304-28404 Codec2Client            com.tapman104.mpvplayer              W  query -- param skipped: index = 2415921170.
2026-06-28 13:24:48.593 28304-28404 Codec2Client            com.tapman104.mpvplayer              W  query -- param skipped: index = 1610614798.
2026-06-28 13:24:48.594 28304-28404 MediaCodec              com.tapman104.mpvplayer              D  [0xb4000075377d8920] setState: 7
2026-06-28 13:24:48.598 28304-28404 MediaCodec              com.tapman104.mpvplayer              D  [0xb4000075377d8920] setState: 6
2026-06-28 13:24:48.599 28304-28404 CCodecConfig            com.tapman104.mpvplayer              I  query failed after returning 19 values (BAD_INDEX)
2026-06-28 13:24:48.599 28304-28404 Codec2Client            com.tapman104.mpvplayer              W  query -- param skipped: index = 1342179345.
2026-06-28 13:24:48.600 28304-28404 Codec2Client            com.tapman104.mpvplayer              W  query -- param skipped: index = 2415921170.
2026-06-28 13:24:48.600 28304-28404 Codec2Client            com.tapman104.mpvplayer              W  query -- param skipped: index = 1610614798.
2026-06-28 13:24:48.601 28304-28395 mpv                     com.tapman104.mpvplayer              V  event: seek
2026-06-28 13:24:48.602 28304-28395 MpvEventDispatcher      com.tapman104.mpvplayer              D  Received MPV event: 20
2026-06-28 13:24:48.605 28304-28395 mpv                     com.tapman104.mpvplayer              V  [cplayer:v] hr-seek, skipping to 1304.474000
2026-06-28 13:24:48.605 28304-28405 CCodecBufferChannel     com.tapman104.mpvplayer              D  [c2.mtk.avc.decoder#290] Discard frames from previous generation.
2026-06-28 13:24:48.605 28304-28405 Codec2-Out...ufferQueue com.tapman104.mpvplayer              D  set max dequeue count 19 from update
2026-06-28 13:24:48.606 28304-28395 mpv                     com.tapman104.mpvplayer              V  [mkv:v] EOF reached.
2026-06-28 13:24:48.609 28304-28404 CCodecBufferChannel     com.tapman104.mpvplayer              D  [c2.mtk.avc.decoder#290] send inputSlots num:8 to codec
2026-06-28 13:24:48.613 28304-28409 CCodecBufferChannel     com.tapman104.mpvplayer              D  [c2.mtk.avc.decoder#290] Ignoring stale input buffer done callback: last flush index = 579, frameIndex = 579
2026-06-28 13:24:48.657 28304-28395 mpv                     com.tapman104.mpvplayer              V  [vd:v] Decoder format: 1920x1080 [0:1] yuv420p auto/auto/auto/limited/auto CL=unknown crop=1920x1080+0+0 A=none
2026-06-28 13:24:48.658 28304-28395 mpv                     com.tapman104.mpvplayer              V  [vd:v] Using container aspect ratio.
2026-06-28 13:24:48.708 28304-28567 AudioTrack              com.tapman104.mpvplayer              D  updateStateToService: AudioTrackStatus state:0
2026-06-28 13:24:48.708  1626-1800  AS.AudioService         system_server                        D  AudioTrackStatus: pid = 28304; uid = 10273; sessionId = 969; streamType = 3; state = 0; pkgName = com.tapman104.mpvplayer
2026-06-28 13:24:48.708  1626-1800  NtAudioGlyphServiceImpl system_server                        D  addAudioLightRequest for uid:10273 pid:28304 pkgName:com.tapman104.mpvplayer audioType:3 addby: 2 sessionId:969 with lightId:107 csvId:-1 noAudio:false
2026-06-28 13:24:48.709  1626-1800  NtAudioGlyphServiceImpl system_server                        D  AudioLightRequests[1]+ AudioLightRequest@1820d36{Id:107,uid:10273,pid:28304,noAudio:false,csvId:-1,pkg:com.tapman104.mpvplayer,session:-1,addby:2}
2026-06-28 13:24:48.709  1626-1800  AS.AudioService         system_server                        D  [reportAudioTrackStatusChanged]start broadcast, pid = 28304, uid = 10273, status = 0, streamType = 3, pkgName = com.tapman104.mpvplayer, sessionId = 969
2026-06-28 13:24:48.785 28304-28395 mpv                     com.tapman104.mpvplayer              V  [cplayer:v] first video frame after restart shown
2026-06-28 13:24:48.790 28304-28395 mpv                     com.tapman104.mpvplayer              V  [cplayer:v] audio ready
2026-06-28 13:24:48.790 28304-28386 AudioTrack              com.tapman104.mpvplayer              D  pause(78): 0xb400007457778470, prior state:STATE_FLUSHED, packageName: com.tapman104.mpvplayer
2026-06-28 13:24:48.790 28304-28386 AudioTrack              com.tapman104.mpvplayer              D  flush(78): 0xb400007457778470, prior state:STATE_FLUSHED, packageName: com.tapman104.mpvplayer
2026-06-28 13:24:48.790 28304-28395 mpv                     com.tapman104.mpvplayer              V  [mkv:v] queuing seek to 1312.008000
2026-06-28 13:24:48.790 28304-28395 mpv                     com.tapman104.mpvplayer              V  [mkv:v] cached range 0: 0.000000 <-> 1430.053500 (bof=1, eof=1)
2026-06-28 13:24:48.790 28304-28395 mpv                     com.tapman104.mpvplayer              V  [mkv:v] ...using this range for in-cache seek.
2026-06-28 13:24:48.791 28304-28386 AudioTrack              com.tapman104.mpvplayer              D  updateStateToService: AudioTrackStatus state:4
2026-06-28 13:24:48.791 28304-28404 MediaCodec              com.tapman104.mpvplayer              D  [0xb4000075377d8920] setState: 7
2026-06-28 13:24:48.794  1626-1800  AS.AudioService         system_server                        D  AudioTrackStatus: pid = 28304; uid = 10273; sessionId = 969; streamType = 3; state = 4; pkgName = com.tapman104.mpvplayer
2026-06-28 13:24:48.795  1044-1044  BufferQueueProducer     surfaceflinger                       I  [75af9c3 SurfaceView[com.tapman104.mpvplayer/com.tapman104.mpvplayer.PlayerActivity](BLAST)#4554](this:0xb40000770ea976f8,id:-1,api:0,p:-1,c:1044) queueBuffer: fps=1.47 dur=1363.66 max=719.43 min=644.23
2026-06-28 13:24:48.797 28304-28395 mpv                     com.tapman104.mpvplayer              V  [mkv:v] seeking stream 0 (video) to packet 1309.732000/-9223372036854775808.000000
2026-06-28 13:24:48.798 28304-28395 mpv                     com.tapman104.mpvplayer              V  [mkv:v] seeking stream 1 (audio) to packet 1311.993500/-9223372036854775808.000000
2026-06-28 13:24:48.799 28304-28395 mpv                     com.tapman104.mpvplayer              V  [mkv:v] seeking stream 2 (sub) to packet 1309.927000/-9223372036854775808.000000
2026-06-28 13:24:48.801 28304-28404 MediaCodec              com.tapman104.mpvplayer              D  [0xb4000075377d8920] setState: 6
2026-06-28 13:24:48.801 28304-28404 CCodecConfig            com.tapman104.mpvplayer              I  query failed after returning 19 values (BAD_INDEX)
2026-06-28 13:24:48.802 28304-28404 Codec2Client            com.tapman104.mpvplayer              W  query -- param skipped: index = 1342179345.
2026-06-28 13:24:48.802 28304-28404 Codec2Client            com.tapman104.mpvplayer              W  query -- param skipped: index = 2415921170.
2026-06-28 13:24:48.802 28304-28404 Codec2Client            com.tapman104.mpvplayer              W  query -- param skipped: index = 1610614798.
2026-06-28 13:24:48.804 28304-28404 MediaCodec              com.tapman104.mpvplayer              D  [0xb4000075377d8920] setState: 7
2026-06-28 13:24:48.810 28304-28404 MediaCodec              com.tapman104.mpvplayer              D  [0xb4000075377d8920] setState: 6
2026-06-28 13:24:48.811 28304-28404 CCodecConfig            com.tapman104.mpvplayer              I  query failed after returning 19 values (BAD_INDEX)
2026-06-28 13:24:48.814 28304-28404 Codec2Client            com.tapman104.mpvplayer              W  query -- param skipped: index = 1342179345.
2026-06-28 13:24:48.814 28304-28404 Codec2Client            com.tapman104.mpvplayer              W  query -- param skipped: index = 2415921170.
2026-06-28 13:24:48.814 28304-28404 Codec2Client            com.tapman104.mpvplayer              W  query -- param skipped: index = 1610614798.
2026-06-28 13:24:48.817 28304-28395 mpv                     com.tapman104.mpvplayer              V  [cplayer:v] hr-seek, skipping to 1312.008000
2026-06-28 13:24:48.818 28304-28395 mpv                     com.tapman104.mpvplayer              V  event: seek
2026-06-28 13:24:48.819 28304-28395 MpvEventDispatcher      com.tapman104.mpvplayer              D  Received MPV event: 20
2026-06-28 13:24:48.822 28304-28395 mpv                     com.tapman104.mpvplayer              V  [mkv:v] EOF reached.
2026-06-28 13:24:48.824 28304-28405 CCodecBufferChannel     com.tapman104.mpvplayer              D  [c2.mtk.avc.decoder#290] Discard frames from previous generation.
2026-06-28 13:24:48.824 28304-28405 Codec2-Out...ufferQueue com.tapman104.mpvplayer              D  set max dequeue count 19 from update
2026-06-28 13:24:48.828 28304-28404 CCodecBufferChannel     com.tapman104.mpvplayer              D  [c2.mtk.avc.decoder#290] send inputSlots num:8 to codec
2026-06-28 13:24:48.829 28304-28409 CCodecBufferChannel     com.tapman104.mpvplayer              D  [c2.mtk.avc.decoder#290] Ignoring stale input buffer done callback: last flush index = 607, frameIndex = 607
2026-06-28 13:24:48.885 28304-28395 mpv                     com.tapman104.mpvplayer              V  [vd:v] Decoder format: 1920x1080 [0:1] yuv420p auto/auto/auto/limited/auto CL=unknown crop=1920x1080+0+0 A=none
2026-06-28 13:24:48.886 28304-28395 mpv                     com.tapman104.mpvplayer              V  [vd:v] Using container aspect ratio.
2026-06-28 13:24:49.175  1626-2420  NtAudioGlyphServiceImpl system_server                        D  onAudioTrackStop request:AudioLightRequest@1820d36{Id:107,uid:10273,pid:28304,noAudio:false,csvId:-1,pkg:com.tapman104.mpvplayer,session:969,addby:2}
2026-06-28 13:24:49.175  1626-2420  NtAudioGlyphServiceImpl system_server                        D  AudioLightRequests[0]- AudioLightRequest@1820d36{Id:107,uid:10273,pid:28304,noAudio:false,csvId:-1,pkg:com.tapman104.mpvplayer,session:969,addby:2}
2026-06-28 13:24:49.286 28304-28395 mpv                     com.tapman104.mpvplayer              V  [cplayer:v] first video frame after restart shown
2026-06-28 13:24:49.288 28304-28386 AudioTrack              com.tapman104.mpvplayer              D  start(78): 0xb400007457778470, prior state:STATE_FLUSHED, packageName: com.tapman104.mpvplayer
2026-06-28 13:24:49.288 28304-28395 mpv                     com.tapman104.mpvplayer              V  [cplayer:v] audio ready
2026-06-28 13:24:49.289 28304-28395 mpv                     com.tapman104.mpvplayer              V  [cplayer:v] starting audio playback
2026-06-28 13:24:49.345  1626-3651  AppOps                  system_server                        E  attributionTag  not declared in manifest of com.tapman104.mpvplayer
2026-06-28 13:24:49.346  1626-1799  AppOps                  system_server                        E  attributionTag  not declared in manifest of com.tapman104.mpvplayer
2026-06-28 13:24:49.347 28304-28395 mpv                     com.tapman104.mpvplayer              V  event: playback-restart
2026-06-28 13:24:49.348 28304-28395 MpvEventDispatcher      com.tapman104.mpvplayer              D  Received MPV event: 21
2026-06-28 13:24:49.349 28304-28395 mpv                     com.tapman104.mpvplayer              V  [cplayer:v] playback restart complete @ 1312.026000, audio=playing, video=playing
2026-06-28 13:24:49.352 28304-28395 mpv                     com.tapman104.mpvplayer              V  [cplayer:warn] Audio device underrun detected.
2026-06-28 13:24:49.353 28304-28395 mpv                     com.tapman104.mpvplayer              V  [cplayer:v] restarting audio after underrun
2026-06-28 13:24:49.450 28304-28582 AudioTrack              com.tapman104.mpvplayer              D  updateStateToService: AudioTrackStatus state:0
2026-06-28 13:24:49.451  1626-1800  AS.AudioService         system_server                        D  AudioTrackStatus: pid = 28304; uid = 10273; sessionId = 969; streamType = 3; state = 0; pkgName = com.tapman104.mpvplayer
2026-06-28 13:24:49.451  1626-1800  NtAudioGlyphServiceImpl system_server                        D  addAudioLightRequest for uid:10273 pid:28304 pkgName:com.tapman104.mpvplayer audioType:3 addby: 2 sessionId:969 with lightId:107 csvId:-1 noAudio:false
2026-06-28 13:24:49.451  1626-1800  NtAudioGlyphServiceImpl system_server                        D  AudioLightRequests[1]+ AudioLightRequest@ac51e04{Id:107,uid:10273,pid:28304,noAudio:false,csvId:-1,pkg:com.tapman104.mpvplayer,session:-1,addby:2}
2026-06-28 13:24:49.451  1626-1800  AS.AudioService         system_server                        D  [reportAudioTrackStatusChanged]start broadcast, pid = 28304, uid = 10273, status = 0, streamType = 3, pkgName = com.tapman104.mpvplayer, sessionId = 969
2026-06-28 13:24:49.452  2736-30654 DetectSceneService      com.nothing.audioeffect              D  pid = 28304 processName = com.tapman104.mpvplayer
2026-06-28 13:24:49.464  1044-1044  BufferQueueProducer     surfaceflinger                       I  [com.tapman104.mpvplayer/com.tapman104.mpvplayer.PlayerActivity#4549](this:0xb40000770e9fad08,id:-1,api:0,p:-1,c:1044) queueBuffer: fps=17.69 dur=1187.20 max=426.64 min=8.15
2026-06-28 13:24:49.824  1044-1044  BufferQueueProducer     surfaceflinger                       I  [75af9c3 SurfaceView[com.tapman104.mpvplayer/com.tapman104.mpvplayer.PlayerActivity](BLAST)#4554](this:0xb40000770ea976f8,id:-1,api:0,p:-1,c:1044) queueBuffer: fps=9.71 dur=1029.65 max=493.14 min=32.75
2026-06-28 13:24:50.474 28304-28395 mpv                     com.tapman104.mpvplayer              V  [mkv:v] queuing seek to 150.073000
2026-06-28 13:24:50.474 28304-28386 AudioTrack              com.tapman104.mpvplayer              D  pause(78): 0xb400007457778470, prior state:STATE_ACTIVE, packageName: com.tapman104.mpvplayer
2026-06-28 13:24:50.474 28304-28386 AudioTrackShared        com.tapman104.mpvplayer              D  this(0xb400007467a279f0), mCblk(0x72f47ff000), front(493696), mIsOut 1, interrupt() FUTEX_WAKE
2026-06-28 13:24:50.474  1626-1799  AppOps                  system_server                        E  attributionTag  not declared in manifest of com.tapman104.mpvplayer
2026-06-28 13:24:50.475 28304-28395 mpv                     com.tapman104.mpvplayer              V  [mkv:v] cached range 0: 0.000000 <-> 1430.053500 (bof=1, eof=1)
2026-06-28 13:24:50.475  1626-1800  AppOps                  system_server                        E  attributionTag  not declared in manifest of com.tapman104.mpvplayer
2026-06-28 13:24:50.475 28304-28395 mpv                     com.tapman104.mpvplayer              V  [mkv:v] ...using this range for in-cache seek.
2026-06-28 13:24:50.476 28304-28395 mpv                     com.tapman104.mpvplayer              V  [mkv:v] seeking stream 0 (video) to packet 146.320000/-9223372036854775808.000000
2026-06-28 13:24:50.476 28304-28386 AudioTrack              com.tapman104.mpvplayer              D  updateStateToService: AudioTrackStatus state:2
2026-06-28 13:24:50.476  1626-1800  AS.AudioService         system_server                        D  AudioTrackStatus: pid = 28304; uid = 10273; sessionId = 969; streamType = 3; state = 2; pkgName = com.tapman104.mpvplayer
2026-06-28 13:24:50.476 28304-28386 AudioTrack              com.tapman104.mpvplayer              D  flush(78): 0xb400007457778470, prior state:STATE_PAUSED, packageName: com.tapman104.mpvplayer
2026-06-28 13:24:50.476 28304-28395 mpv                     com.tapman104.mpvplayer              V  [mkv:v] seeking stream 1 (audio) to packet 150.053500/-9223372036854775808.000000
2026-06-28 13:24:50.476 28304-28386 AudioTrack              com.tapman104.mpvplayer              D  updateStateToService: AudioTrackStatus state:4
2026-06-28 13:24:50.477 28304-28395 mpv                     com.tapman104.mpvplayer              V  [mkv:v] seeking stream 2 (sub) to packet 148.987000/-9223372036854775808.000000
2026-06-28 13:24:50.477 28304-28404 MediaCodec              com.tapman104.mpvplayer              D  [0xb4000075377d8920] setState: 7
2026-06-28 13:24:50.477  1626-1800  AS.AudioService         system_server                        D  AudioTrackStatus: pid = 28304; uid = 10273; sessionId = 969; streamType = 3; state = 4; pkgName = com.tapman104.mpvplayer
2026-06-28 13:24:50.485 28304-28404 MediaCodec              com.tapman104.mpvplayer              D  [0xb4000075377d8920] setState: 6
2026-06-28 13:24:50.485 28304-28404 CCodecConfig            com.tapman104.mpvplayer              I  query failed after returning 19 values (BAD_INDEX)
2026-06-28 13:24:50.487 28304-28404 Codec2Client            com.tapman104.mpvplayer              W  query -- param skipped: index = 1342179345.
2026-06-28 13:24:50.487 28304-28404 Codec2Client            com.tapman104.mpvplayer              W  query -- param skipped: index = 2415921170.
2026-06-28 13:24:50.487 28304-28404 Codec2Client            com.tapman104.mpvplayer              W  query -- param skipped: index = 1610614798.
2026-06-28 13:24:50.489 28304-28404 MediaCodec              com.tapman104.mpvplayer              D  [0xb4000075377d8920] setState: 7
2026-06-28 13:24:50.499 28304-28404 MediaCodec              com.tapman104.mpvplayer              D  [0xb4000075377d8920] setState: 6
2026-06-28 13:24:50.500 28304-28404 CCodecConfig            com.tapman104.mpvplayer              I  query failed after returning 19 values (BAD_INDEX)
2026-06-28 13:24:50.501 28304-28404 Codec2Client            com.tapman104.mpvplayer              W  query -- param skipped: index = 1342179345.
2026-06-28 13:24:50.501 28304-28404 Codec2Client            com.tapman104.mpvplayer              W  query -- param skipped: index = 2415921170.
2026-06-28 13:24:50.501 28304-28404 Codec2Client            com.tapman104.mpvplayer              W  query -- param skipped: index = 1610614798.
2026-06-28 13:24:50.502 28304-28395 mpv                     com.tapman104.mpvplayer              V  event: seek
2026-06-28 13:24:50.503 28304-28395 MpvEventDispatcher      com.tapman104.mpvplayer              D  Received MPV event: 20
2026-06-28 13:24:50.504 28304-28395 mpv                     com.tapman104.mpvplayer              V  [cplayer:v] hr-seek, skipping to 150.073000
2026-06-28 13:24:50.506 28304-28405 CCodecBufferChannel     com.tapman104.mpvplayer              D  [c2.mtk.avc.decoder#290] Discard frames from previous generation.
2026-06-28 13:24:50.507 28304-28405 Codec2-Out...ufferQueue com.tapman104.mpvplayer              D  set max dequeue count 19 from update
2026-06-28 13:24:50.508 28304-28404 CCodecBufferChannel     com.tapman104.mpvplayer              D  [c2.mtk.avc.decoder#290] send inputSlots num:8 to codec
2026-06-28 13:24:50.511 28304-28409 CCodecBufferChannel     com.tapman104.mpvplayer              D  [c2.mtk.avc.decoder#290] Ignoring stale input buffer done callback: last flush index = 699, frameIndex = 699
2026-06-28 13:24:50.525  1044-1044  BufferQueueProducer     surfaceflinger                       I  [com.tapman104.mpvplayer/com.tapman104.mpvplayer.PlayerActivity#4549](this:0xb40000770e9fad08,id:-1,api:0,p:-1,c:1044) queueBuffer: fps=56.50 dur=1061.86 max=309.38 min=6.92
2026-06-28 13:24:50.549 28304-28395 mpv                     com.tapman104.mpvplayer              V  [vd:v] Decoder format: 1920x1080 [0:1] yuv420p auto/auto/auto/limited/auto CL=unknown crop=1920x1080+0+0 A=none
2026-06-28 13:24:50.551 28304-28395 mpv                     com.tapman104.mpvplayer              V  [vd:v] Using container aspect ratio.
2026-06-28 13:24:50.857  1626-2420  NtAudioGlyphServiceImpl system_server                        D  onAudioTrackStop request:AudioLightRequest@ac51e04{Id:107,uid:10273,pid:28304,noAudio:false,csvId:-1,pkg:com.tapman104.mpvplayer,session:969,addby:2}
2026-06-28 13:24:50.857  1626-2420  NtAudioGlyphServiceImpl system_server                        D  AudioLightRequests[0]- AudioLightRequest@ac51e04{Id:107,uid:10273,pid:28304,noAudio:false,csvId:-1,pkg:com.tapman104.mpvplayer,session:969,addby:2}
2026-06-28 13:24:50.857  1626-2420  NtAudioGlyphServiceImpl system_server                        D  onAudioTrackStop request:AudioLightRequest@ac51e04{Id:107,uid:10273,pid:28304,noAudio:false,csvId:-1,pkg:com.tapman104.mpvplayer,session:969,addby:2}
2026-06-28 13:24:50.857  1626-2420  NtAudioGlyphServiceImpl system_server                        D  AudioLightRequests[0]- AudioLightRequest@ac51e04{Id:107,uid:10273,pid:28304,noAudio:false,csvId:-1,pkg:com.tapman104.mpvplayer,session:969,addby:2}
2026-06-28 13:24:51.384 28304-28395 mpv                     com.tapman104.mpvplayer              V  [cplayer:v] first video frame after restart shown
2026-06-28 13:24:51.386 28304-28395 mpv                     com.tapman104.mpvplayer              V  [cplayer:v] audio ready
2026-06-28 13:24:51.387 28304-28395 mpv                     com.tapman104.mpvplayer              V  event: playback-restart
2026-06-28 13:24:51.387 28304-28395 MpvEventDispatcher      com.tapman104.mpvplayer              D  Received MPV event: 21
2026-06-28 13:24:51.387  1044-1044  BufferQueueProducer     surfaceflinger                       I  [75af9c3 SurfaceView[com.tapman104.mpvplayer/com.tapman104.mpvplayer.PlayerActivity](BLAST)#4554](this:0xb40000770ea976f8,id:-1,api:0,p:-1,c:1044) queueBuffer: fps=11.52 dur=1562.96 max=861.69 min=32.40
2026-06-28 13:24:51.389 28304-28395 mpv                     com.tapman104.mpvplayer              V  [cplayer:v] delaying audio start 150.074000 vs. 150.074000, diff=0.000000
2026-06-28 13:24:51.389 28304-28395 mpv                     com.tapman104.mpvplayer              V  [cplayer:v] playback restart complete @ 150.074000, audio=ready, video=playing
2026-06-28 13:24:51.392 28304-28395 mpv                     com.tapman104.mpvplayer              V  [cplayer:v] starting audio playback
2026-06-28 13:24:51.392 28304-28386 AudioTrack              com.tapman104.mpvplayer              D  start(78): 0xb400007457778470, prior state:STATE_FLUSHED, packageName: com.tapman104.mpvplayer
2026-06-28 13:24:51.406  1626-1800  AppOps                  system_server                        E  attributionTag  not declared in manifest of com.tapman104.mpvplayer
2026-06-28 13:24:51.406  1626-1800  AppOps                  system_server                        E  attributionTag  not declared in manifest of com.tapman104.mpvplayer
2026-06-28 13:24:51.435 28304-28395 mpv                     com.tapman104.mpvplayer              V  [cplayer:warn] Audio device underrun detected.
2026-06-28 13:24:51.437 28304-28395 mpv                     com.tapman104.mpvplayer              V  [cplayer:v] restarting audio after underrun
2026-06-28 13:24:51.498  1004-1063  MTK_APPList             ven...ower_applist-service.mediatek  I  [notifyAPPstate] com.tapman104.mpvplayer/com.tapman104.mpvplayer.PlayerActivity, pid=28304, uid=10273, state:FPS_UPDATED, fps:-1, win:1
2026-06-28 13:24:51.498  1004-1063  MTK_APPList             ven...ower_applist-service.mediatek  I  [notifyAPPstate] multi_resumed_app_info[1] com.tapman104.mpvplayer/com.tapman104.mpvplayer.PlayerActivity, pid:28304, fps:-1, isMultiWindow:1
2026-06-28 13:24:51.514  2736-31548 DetectSceneService      com.nothing.audioeffect              D  pid = 28304 processName = com.tapman104.mpvplayer
2026-06-28 13:24:51.514 28304-28360 PowerHalMgrImpl         com.tapman104.mpvplayer              I  hdl:4700, pid:28304 
2026-06-28 13:24:51.520 28304-28395 mpv                     com.tapman104.mpvplayer              V  [mkv:v] queuing seek to 214.349000
2026-06-28 13:24:51.520 28304-28386 AudioTrack              com.tapman104.mpvplayer              D  pause(78): 0xb400007457778470, prior state:STATE_ACTIVE, packageName: com.tapman104.mpvplayer
2026-06-28 13:24:51.520 28304-28386 AudioTrackShared        com.tapman104.mpvplayer              D  this(0xb400007467a279f0), mCblk(0x72f47ff000), front(507040), mIsOut 1, interrupt() FUTEX_WAKE
2026-06-28 13:24:51.521 28304-28395 mpv                     com.tapman104.mpvplayer              V  [mkv:v] cached range 0: 0.000000 <-> 1430.053500 (bof=1, eof=1)
