2026-06-28 13:24:34.502  1044-1044  BufferQueueProducer     surfaceflinger                       I  [com.tapman104.mpvplayer/com.tapman104.mpvplayer.MainActivity#4525](this:0xb40000770e999fe8,id:-1,api:0,p:-1,c:1044) queueBuffer: fps=0.73 dur=4088.80 max=3645.73 min=8.12
2026-06-28 13:24:34.530  1626-1800  PowerHalWrapper         system_server                        I  amsBoostNotify pid:28304,activity:com.tapman104.mpvplayer.MainActivity, package:com.tapman104.mpvplayer, mProcessCreatePackcom.tapman104.mpvplayer 
2026-06-28 13:24:34.530  1626-1800  mtkpower_client         system_server                        I  [PowerHal_Wrap_notifyAppState] com.tapman104.mpvplayer/com.tapman104.mpvplayer.MainActivity pid=28304 activityId:145987420 state:0
2026-06-28 13:24:34.531  1004-1004  vendor.med...e.mediatek ven...ower_applist-service.mediatek  I  packName: com.tapman104.mpvplayer actName: com.tapman104.mpvplayer.MainActivity pid: 28304 uid: 10273 state: 0
2026-06-28 13:24:34.531  1004-1004  MTK_APPList             ven...ower_applist-service.mediatek  I  [notifyAPPstate] com.tapman104.mpvplayer/com.tapman104.mpvplayer.MainActivity, pid=28304, uid=10273, state:PAUSED, fps:-1, win:1
2026-06-28 13:24:34.532  1626-1800  PowerHalWrapper         system_server                        I  <amsBoostResume> last:com.tapman104.mpvplayer, next:com.google.android.documentsuihasATProcess:false 
2026-06-28 13:24:34.537  2400-2522  WindowManagerShell      com.android.systemui                 V  Transition requested (#261): android.os.BinderProxy@3c1650 TransitionRequestInfo { type = OPEN, triggerTask = TaskInfo{userId=0 taskId=47 effectiveUid=10273 displayId=0 isRunning=true baseIntent=Intent { act=android.intent.action.MAIN cat=[android.intent.category.LAUNCHER] flg=0x10200000 cmp=com.tapman104.mpvplayer/.MainActivity } baseActivity=ComponentInfo{com.tapman104.mpvplayer/com.tapman104.mpvplayer.MainActivity} topActivity=ComponentInfo{com.google.android.documentsui/com.android.documentsui.picker.PickActivity} origActivity=null realActivity=ComponentInfo{com.tapman104.mpvplayer/com.tapman104.mpvplayer.MainActivity} numActivities=2 lastActiveTime=4750822 supportsMultiWindow=true resizeMode=1 isResizeable=true minWidth=-1 minHeight=-1 defaultMinSize=220 token=WCT{android.window.IWindowContainerToken$Stub$Proxy@a421049} topActivityType=1 pictureInPictureParams=null shouldDockBigOverlays=false launchIntoPipHostTaskId=-1 lastParentTaskIdBeforePip=-1 displayCutoutSafeInsets=Rect(0, 0 - 0, 0) topActivityInfo=ActivityInfo{8d5d4e com.android.documentsui.picker.PickActivity} launchCookies=[android.os.BinderProxy@6bd4f84] positionInParent=Point(0, 0) parentTaskId=-1 isFocused=true isVisible=true isVisibleRequested=true isTopActivityNoDisplay=false isSleeping=false locusId=null displayAreaFeatureId=1 isTopActivityTransparent=false isActivityStackTransparent=false lastNonFullscreenBounds=Rect(279, 681 - 801, 1761) capturedLink=null capturedLinkTimestamp=0 requestedVisibleTypes=-9 topActivityRequestOpenInBrowserEducationTimestamp=0 appCompatTaskInfo=AppCompatTaskInfo { topActivityInSizeCompat=false eligibleForLetterboxEducation= false isLetterboxEducationEnabled= false isLetterboxDoubleTapEnabled= false eligibleForUserAspectRatioButton= false topActivityBoundsLetterboxed= false isFromLetterboxDoubleTap= false topActivityLetterboxVerticalPosition= -1 topActivityLetterboxHorizontalPosition= -1 topActivityLetterboxWidth=-1 topActivityLetterboxHeight=-1 topActivityAppBounds=Rect(0, 0 - 1080, 2400) isUserFullscreenOverrideEnabled=false isSystemFullscreenOverrideEnabled=false hasMinAspectRatioOverride=false topActivityLetterboxBounds=null cameraCompatTaskInfo=CameraCompatTaskInfo { freeformCameraCompatMode=inactive}} topActivityMainWindowFrame=null}, pipChange = null, remoteTransition = null, displayChange = null, flags = 0, debugId = 261 }
2026-06-28 13:24:34.560 28304-28304 PowerHalMgrImpl         com.tapman104.mpvplayer              I  perfLockAcq is supported. 
2026-06-28 13:24:34.562  1626-2926  WindowManager           system_server                        D  [SG_DEBUG]Set SyncGroup{id=261 name=Transition-OPEN} on ActivityRecord{145987420 u0 com.tapman104.mpvplayer/.MainActivity t47}
2026-06-28 13:24:34.564  1626-2926  NtPopUpViewImpl         system_server                        D  PopUpView: onAppFocusChanged: newTask=Task{911bbeb #47 type=standard A=10273:com.tapman104.mpvplayer}, showDimmer=false
2026-06-28 13:24:34.564  1626-2926  WindowManager           system_server                        W  Changing focus from Window{84bf003 u0 com.tapman104.mpvplayer/com.tapman104.mpvplayer.MainActivity} to null displayId=0 Callers=com.android.server.wm.RootWindowContainer.updateFocusedWindowLocked:494 com.android.server.wm.WindowManagerService.updateFocusedWindowLocked:6824 com.android.server.wm.ActivityTaskManagerService.setLastResumedActivityUncheckLocked:5275 com.android.server.wm.ActivityTaskSupervisor.updateTopResumedActivityIfNeeded:2419 
2026-06-28 13:24:34.566  1626-2926  PowerHalWrapper         system_server                        I  amsBoostNotify pid:27613,activity:com.android.documentsui.picker.PickActivity, package:com.google.android.documentsui, mProcessCreatePackcom.tapman104.mpvplayer 
2026-06-28 13:24:34.567  1004-1004  MTK_APPList             ven...ower_applist-service.mediatek  I  [notifyAPPstate] pc:1, com.tapman104.mpvplayer => com.google.android.documentsui
2026-06-28 13:24:34.589  1626-1666  OomAdjuster             system_server                        D  process : com.tapman104.mpvplayer, pid = 28304, isTop = true, uid = 10273, hasActivity = true
2026-06-28 13:24:34.612  1626-2447  WindowManager           system_server                        D  setParent old=Task{3d619f2 #40 type=standard A=10273:com.tapman104.mpvplayer},new=null,this window=ActivityRecord{159081243 u0 com.google.android.documentsui/com.android.documentsui.picker.PickActivity t40 f}},callers=com.android.server.wm.WindowContainer.removeChild:896 com.android.server.wm.TaskFragment.removeChild:3274 com.android.server.wm.Task.removeChild:1569 com.android.server.wm.Task.removeChild:1552 com.android.server.wm.WindowContainer.removeImmediately:949 com.android.server.wm.WindowToken.removeImmediately:337 
2026-06-28 13:24:34.616  1626-2447  WindowManager           system_server                        D  setParent old=DefaultTaskDisplayArea@265374288,new=null,this window=Task{3d619f2 #40 type=standard A=10273:com.tapman104.mpvplayer},callers=com.android.server.wm.WindowContainer.removeChild:896 com.android.server.wm.TaskDisplayArea.removeChildTask:357 com.android.server.wm.TaskDisplayArea.removeChild:348 com.android.server.wm.WindowContainer.removeImmediately:949 com.android.server.wm.TaskFragment.removeImmediately:3358 com.android.server.wm.Task.removeImmediately:2853 
2026-06-28 13:24:34.841  1626-1667  WindowManager           system_server                        D  [SG_DEBUG]Clear [finished]SyncGroup{id=261 name=Transition-OPEN} on ActivityRecord{145987420 u0 com.tapman104.mpvplayer/.MainActivity t47}
2026-06-28 13:24:34.845  2400-2522  WindowManagerShell      com.android.systemui                 V  onTransitionReady (#261) android.os.BinderProxy@3c1650: {id=261 t=OPEN f=0x0 trk=0 isSameTaskSwitch=false r=[0@Point(0, 0)] c=[
                                                                                                            {m=OPEN f=FILLS_TASK leash=Surface(name=ActivityRecord{135220264 u0 com.google.android.documentsui/com.android.documentsui.picker.PickActivity t47})/@0xf54477c sb=Rect(0, 0 - 0, 0) eb=Rect(0, 0 - 1080, 2400) epz=Point(1080, 2400) d=-1->0 r=-1->0:-1 bc=ff202124 component=com.google.android.documentsui/com.android.documentsui.picker.PickActivity opt={t=FROM_STYLE mUserId=0} ntPopUpView={mIsTryEnterWindowingMode=false mIsEnterWindowingModeLandscape=false mIsChangingWindowformBounds=false mStartPos=Point(0, 0) mEndPos=Point(0, 0) mStartScale=0.0 mEndScale=0.0 mStartCornerRadius=0.0 mEndCornerRadius=0.0 mAppBounds=Rect(0, 0 - 0, 0) mWindowCrop=Rect(0, 0 - 0, 0) mStartDragOrChangingBounds=Rect(0, 0 - 0, 0) mEndDragOrChangingBounds=Rect(0, 0 - 0, 0) mBottomLeftCornerLeash=null mBottomRightCornerLeash=null mDragBarLeash=null mCornerHintSize=0x0 mDragBarSize=0x0}},
                                                                                                            {m=TO_BACK f=FILLS_TASK leash=Surface(name=ActivityRecord{145987420 u0 com.tapman104.mpvplayer/.MainActivity t47})/@0xa926805 sb=Rect(0, 0 - 1080, 2400) eb=Rect(0, 0 - 1080, 2400) epz=Point(1080, 2400) d=0 bc=ff202124 component=com.tapman104.mpvplayer/.MainActivity opt={t=FROM_STYLE mUserId=0} ntPopUpView={mIsTryEnterWindowingMode=false mIsEnterWindowingModeLandscape=false mIsChangingWindowformBounds=false mStartPos=Point(0, 0) mEndPos=Point(0, 0) mStartScale=0.0 mEndScale=0.0 mStartCornerRadius=0.0 mEndCornerRadius=0.0 mAppBounds=Rect(0, 0 - 0, 0) mWindowCrop=Rect(0, 0 - 0, 0) mStartDragOrChangingBounds=Rect(0, 0 - 0, 0) mEndDragOrChangingBounds=Rect(0, 0 - 0, 0) mBottomLeftCornerLeash=null mBottomRightCornerLeash=null mDragBarLeash=null mCornerHintSize=0x0 mDragBarSize=0x0}}
                                                                                                        ]}
2026-06-28 13:24:34.846  2400-2522  WindowManagerShell      com.android.systemui                 V  Transition doesn't have explicit remote, search filters for match for {id=261 t=OPEN f=0x0 trk=0 isSameTaskSwitch=false r=[0@Point(0, 0)] c=[{m=OPEN f=FILLS_TASK leash=Surface(name=ActivityRecord{135220264 u0 com.google.android.documentsui/com.android.documentsui.picker.PickActivity t47})/@0xf54477c sb=Rect(0, 0 - 0, 0) eb=Rect(0, 0 - 1080, 2400) epz=Point(1080, 2400) d=-1->0 r=-1->0:-1 bc=ff202124 component=com.google.android.documentsui/com.android.documentsui.picker.PickActivity opt={t=FROM_STYLE mUserId=0} ntPopUpView={mIsTryEnterWindowingMode=false mIsEnterWindowingModeLandscape=false mIsChangingWindowformBounds=false mStartPos=Point(0, 0) mEndPos=Point(0, 0) mStartScale=0.0 mEndScale=0.0 mStartCornerRadius=0.0 mEndCornerRadius=0.0 mAppBounds=Rect(0, 0 - 0, 0) mWindowCrop=Rect(0, 0 - 0, 0) mStartDragOrChangingBounds=Rect(0, 0 - 0, 0) mEndDragOrChangingBounds=Rect(0, 0 - 0, 0) mBottomLeftCornerLeash=null mBottomRightCornerLeash=null mDragBarLeash=null mCornerHintSize=0x0 mDragBarSize=0x0}},{m=TO_BACK f=FILLS_TASK leash=Surface(name=ActivityRecord{145987420 u0 com.tapman104.mpvplayer/.MainActivity t47})/@0xa926805 sb=Rect(0, 0 - 1080, 2400) eb=Rect(0, 0 - 1080, 2400) epz=Point(1080, 2400) d=0 bc=ff202124 component=com.tapman104.mpvplayer/.MainActivity opt={t=FROM_STYLE mUserId=0} ntPopUpView={mIsTryEnterWindowingMode=false mIsEnterWindowingModeLandscape=false mIsChangingWindowformBounds=false mStartPos=Point(0, 0) mEndPos=Point(0, 0) mStartScale=0.0 mEndScale=0.0 mStartCornerRadius=0.0 mEndCornerRadius=0.0 mAppBounds=Rect(0, 0 - 0, 0) mWindowCrop=Rect(0, 0 - 0, 0) mStartDragOrChangingBounds=Rect(0, 0 - 0, 0) mEndDragOrChangingBounds=Rect(0, 0 - 0, 0) mBottomLeftCornerLeash=null mBottomRightCornerLeash=null mDragBarLeash=null mCornerHintSize=0x0 mDragBarSize=0x0}}]}
2026-06-28 13:24:34.847  2400-2522  WindowManagerShell      com.android.systemui                 V  start default transition animation, info = {id=261 t=OPEN f=0x0 trk=0 isSameTaskSwitch=false r=[0@Point(0, 0)] c=[{m=OPEN f=FILLS_TASK leash=Surface(name=ActivityRecord{135220264 u0 com.google.android.documentsui/com.android.documentsui.picker.PickActivity t47})/@0xf54477c sb=Rect(0, 0 - 0, 0) eb=Rect(0, 0 - 1080, 2400) epz=Point(1080, 2400) d=-1->0 r=-1->0:-1 bc=ff202124 component=com.google.android.documentsui/com.android.documentsui.picker.PickActivity opt={t=FROM_STYLE mUserId=0} ntPopUpView={mIsTryEnterWindowingMode=false mIsEnterWindowingModeLandscape=false mIsChangingWindowformBounds=false mStartPos=Point(0, 0) mEndPos=Point(0, 0) mStartScale=0.0 mEndScale=0.0 mStartCornerRadius=0.0 mEndCornerRadius=0.0 mAppBounds=Rect(0, 0 - 0, 0) mWindowCrop=Rect(0, 0 - 0, 0) mStartDragOrChangingBounds=Rect(0, 0 - 0, 0) mEndDragOrChangingBounds=Rect(0, 0 - 0, 0) mBottomLeftCornerLeash=null mBottomRightCornerLeash=null mDragBarLeash=null mCornerHintSize=0x0 mDragBarSize=0x0}},{m=TO_BACK f=FILLS_TASK leash=Surface(name=ActivityRecord{145987420 u0 com.tapman104.mpvplayer/.MainActivity t47})/@0xa926805 sb=Rect(0, 0 - 1080, 2400) eb=Rect(0, 0 - 1080, 2400) epz=Point(1080, 2400) d=0 bc=ff202124 component=com.tapman104.mpvplayer/.MainActivity opt={t=FROM_STYLE mUserId=0} ntPopUpView={mIsTryEnterWindowingMode=false mIsEnterWindowingModeLandscape=false mIsChangingWindowformBounds=false mStartPos=Point(0, 0) mEndPos=Point(0, 0) mStartScale=0.0 mEndScale=0.0 mStartCornerRadius=0.0 mEndCornerRadius=0.0 mAppBounds=Rect(0, 0 - 0, 0) mWindowCrop=Rect(0, 0 - 0, 0) mStartDragOrChangingBounds=Rect(0, 0 - 0, 0) mEndDragOrChangingBounds=Rect(0, 0 - 0, 0) mBottomLeftCornerLeash=null mBottomRightCornerLeash=null mDragBarLeash=null mCornerHintSize=0x0 mDragBarSize=0x0}}]}
2026-06-28 13:24:34.863  1626-1663  WindowManager           system_server                        V  Sent Transition (#261) createdAt=06-28 13:24:34.526 via request=TransitionRequestInfo { type = OPEN, triggerTask = TaskInfo{userId=0 taskId=47 effectiveUid=10273 displayId=0 isRunning=true baseIntent=Intent { act=android.intent.action.MAIN cat=[android.intent.category.LAUNCHER] flg=0x10200000 cmp=com.tapman104.mpvplayer/.MainActivity } baseActivity=ComponentInfo{com.tapman104.mpvplayer/com.tapman104.mpvplayer.MainActivity} topActivity=ComponentInfo{com.google.android.documentsui/com.android.documentsui.picker.PickActivity} origActivity=null realActivity=ComponentInfo{com.tapman104.mpvplayer/com.tapman104.mpvplayer.MainActivity} numActivities=2 lastActiveTime=4750822 supportsMultiWindow=true resizeMode=1 isResizeable=true minWidth=-1 minHeight=-1 defaultMinSize=220 token=WCT{RemoteToken{9219dd Task{911bbeb #47 type=standard A=10273:com.tapman104.mpvplayer}}} topActivityType=1 pictureInPictureParams=null shouldDockBigOverlays=false launchIntoPipHostTaskId=-1 lastParentTaskIdBeforePip=-1 displayCutoutSafeInsets=Rect(0, 0 - 0, 0) topActivityInfo=ActivityInfo{facba06 com.android.documentsui.picker.PickActivity} launchCookies=[android.os.BinderProxy@b31a423] positionInParent=Point(0, 0) parentTaskId=-1 isFocused=true isVisible=true isVisibleRequested=true isTopActivityNoDisplay=false isSleeping=false locusId=null displayAreaFeatureId=1 isTopActivityTransparent=false isActivityStackTransparent=false lastNonFullscreenBounds=Rect(279, 681 - 801, 1761) capturedLink=null capturedLinkTimestamp=0 requestedVisibleTypes=-9 topActivityRequestOpenInBrowserEducationTimestamp=0 appCompatTaskInfo=AppCompatTaskInfo { topActivityInSizeCompat=false eligibleForLetterboxEducation= false isLetterboxEducationEnabled= false isLetterboxDoubleTapEnabled= false eligibleForUserAspectRatioButton= false topActivityBoundsLetterboxed= false isFromLetterboxDoubleTap= false topActivityLetterboxVerticalPosition= -1 topActivityLetterboxHorizontalPosition= -1 topActivityLetterboxWidth=-1 topActivityLetterboxHeight=-1 topActivityAppBounds=Rect(0, 0 - 1080, 2400) isUserFullscreenOverrideEnabled=false isSystemFullscreenOverrideEnabled=false hasMinAspectRatioOverride=false topActivityLetterboxBounds=null cameraCompatTaskInfo=CameraCompatTaskInfo { freeformCameraCompatMode=inactive}} topActivityMainWindowFrame=null}, pipChange = null, remoteTransition = null, displayChange = null, flags = 0, debugId = 261 }
2026-06-28 13:24:34.864  1626-1663  WindowManager           system_server                        V      info={id=261 t=OPEN f=0x0 trk=0 isSameTaskSwitch=false r=[0@Point(0, 0)] c=[
                                                                                                            {m=OPEN f=FILLS_TASK leash=Surface(name=ActivityRecord{135220264 u0 com.google.android.documentsui/com.android.documentsui.picker.PickActivity t47})/@0x6c9943a sb=Rect(0, 0 - 0, 0) eb=Rect(0, 0 - 1080, 2400) epz=Point(1080, 2400) d=-1->0 r=-1->0:-1 bc=ff202124 component=com.google.android.documentsui/com.android.documentsui.picker.PickActivity opt={t=FROM_STYLE mUserId=0} ntPopUpView={mIsTryEnterWindowingMode=false mIsEnterWindowingModeLandscape=false mIsChangingWindowformBounds=false mStartPos=Point(0, 0) mEndPos=Point(0, 0) mStartScale=0.0 mEndScale=0.0 mStartCornerRadius=0.0 mEndCornerRadius=0.0 mAppBounds=Rect(0, 0 - 0, 0) mWindowCrop=Rect(0, 0 - 0, 0) mStartDragOrChangingBounds=Rect(0, 0 - 0, 0) mEndDragOrChangingBounds=Rect(0, 0 - 0, 0) mBottomLeftCornerLeash=null mBottomRightCornerLeash=null mDragBarLeash=null mCornerHintSize=0x0 mDragBarSize=0x0}},
                                                                                                            {m=TO_BACK f=FILLS_TASK leash=Surface(name=ActivityRecord{145987420 u0 com.tapman104.mpvplayer/.MainActivity t47})/@0xefa5f65 sb=Rect(0, 0 - 1080, 2400) eb=Rect(0, 0 - 1080, 2400) epz=Point(1080, 2400) d=0 bc=ff202124 component=com.tapman104.mpvplayer/.MainActivity opt={t=FROM_STYLE mUserId=0} ntPopUpView={mIsTryEnterWindowingMode=false mIsEnterWindowingModeLandscape=false mIsChangingWindowformBounds=false mStartPos=Point(0, 0) mEndPos=Point(0, 0) mStartScale=0.0 mEndScale=0.0 mStartCornerRadius=0.0 mEndCornerRadius=0.0 mAppBounds=Rect(0, 0 - 0, 0) mWindowCrop=Rect(0, 0 - 0, 0) mStartDragOrChangingBounds=Rect(0, 0 - 0, 0) mEndDragOrChangingBounds=Rect(0, 0 - 0, 0) mBottomLeftCornerLeash=null mBottomRightCornerLeash=null mDragBarLeash=null mCornerHintSize=0x0 mDragBarSize=0x0}}
                                                                                                        ]}
2026-06-28 13:24:35.031 28304-28375 ProfileInstaller        com.tapman104.mpvplayer              D  Installing profile for com.tapman104.mpvplayer
2026-06-28 13:24:35.315  1626-1666  PowerHalWrapper         system_server                        I  amsBoostNotify pid:28304,activity:com.tapman104.mpvplayer.MainActivity, package:com.tapman104.mpvplayer, mProcessCreatePackcom.tapman104.mpvplayer 
2026-06-28 13:24:35.315  1626-1666  mtkpower_client         system_server                        I  [PowerHal_Wrap_notifyAppState] com.tapman104.mpvplayer/com.tapman104.mpvplayer.MainActivity pid=28304 activityId:145987420 state:0
2026-06-28 13:24:35.316  1004-1004  vendor.med...e.mediatek ven...ower_applist-service.mediatek  I  packName: com.tapman104.mpvplayer actName: com.tapman104.mpvplayer.MainActivity pid: 28304 uid: 10273 state: 0
2026-06-28 13:24:35.316  1004-1004  MTK_APPList             ven...ower_applist-service.mediatek  I  [notifyAPPstate] com.tapman104.mpvplayer/com.tapman104.mpvplayer.MainActivity, pid=28304, uid=10273, state:PAUSED, fps:-1, win:1
2026-06-28 13:24:35.321 28304-28304 VRI[MainActivity]       com.tapman104.mpvplayer              D  visibilityChanged oldVisibility=true newVisibility=false
2026-06-28 13:24:35.331  1044-1044  SurfaceFlinger          surfaceflinger                       I  onHandleDestroyed: layerId=4520, name=b3beca9 ActivityRecordInputSink com.tapman104.mpvplayer/.MainActivity#4520
2026-06-28 13:24:35.331 28304-28326 HWUI                    com.tapman104.mpvplayer              D  endAllActiveAnimators on 0xb400007457756140 (UnprojectedRipple) with handle 0xb4000074c7788970
2026-06-28 13:24:35.338 28304-28304 BLASTBufferQueue        com.tapman104.mpvplayer              D  [VRI[MainActivity]#0](f:0,a:4) destructor()
2026-06-28 13:24:35.338 28304-28304 BufferQueueConsumer     com.tapman104.mpvplayer              D  [VRI[MainActivity]#0(BLAST Consumer)0](id:6e9000000000,api:0,p:-1,c:28304) disconnect
2026-06-28 13:24:35.355  1044-1044  SurfaceFlinger          surfaceflinger                       I  onHandleDestroyed: layerId=4525, name=com.tapman104.mpvplayer/com.tapman104.mpvplayer.MainActivity#4525
2026-06-28 13:24:36.427  1626-1800  PowerHalWrapper         system_server                        I  amsBoostNotify pid:27613,activity:com.android.documentsui.picker.PickActivity, package:com.google.android.documentsui, mProcessCreatePackcom.tapman104.mpvplayer 
2026-06-28 13:24:36.432  1626-1800  PowerHalWrapper         system_server                        I  <amsBoostResume> last:com.google.android.documentsui, next:com.tapman104.mpvplayerhasATProcess:true 
2026-06-28 13:24:36.447  1626-2447  NtMemoryManager         system_server                        D  mIsHighPressureScene: false : com.tapman104.mpvplayer
2026-06-28 13:24:36.447  1626-2447  NtProcessManager        system_server                        D  Top app: com.tapman104.mpvplayer
2026-06-28 13:24:36.447  1626-2447  WindowManager           system_server                        D  [SG_DEBUG]Set SyncGroup{id=262 name=Transition-CLOSE} on ActivityRecord{145987420 u0 com.tapman104.mpvplayer/.MainActivity t47}
2026-06-28 13:24:36.447  1626-2447  NtGameModeImpl          system_server                        V  onAppFocusChanged: pkg=com.tapman104.mpvplayer, uid=10273, category=-1, launchMode= 1
2026-06-28 13:24:36.447  1626-2447  NtPopUpViewImpl         system_server                        D  PopUpView: onAppFocusChanged: newTask=Task{911bbeb #47 type=standard A=10273:com.tapman104.mpvplayer}, showDimmer=false
2026-06-28 13:24:36.447  1626-2447  NtKafkaEventHelper      system_server                        D  onActivityRecordChanged: info com.tapman104.mpvplayer:10273:28304
2026-06-28 13:24:36.448  1626-2447  PowerHalWrapper         system_server                        I  amsBoostNotify pid:28304,activity:com.tapman104.mpvplayer.MainActivity, package:com.tapman104.mpvplayer, mProcessCreatePackcom.tapman104.mpvplayer 
2026-06-28 13:24:36.448  1626-2447  mtkpower_client         system_server                        I  [PowerHal_Wrap_notifyAppState] com.tapman104.mpvplayer/com.tapman104.mpvplayer.MainActivity pid=28304 activityId:145987420 state:1
2026-06-28 13:24:36.448  1004-1004  vendor.med...e.mediatek ven...ower_applist-service.mediatek  I  packName: com.tapman104.mpvplayer actName: com.tapman104.mpvplayer.MainActivity pid: 28304 uid: 10273 state: 1
2026-06-28 13:24:36.449  1004-1004  MTK_APPList             ven...ower_applist-service.mediatek  I  [notifyAPPstate] com.tapman104.mpvplayer/com.tapman104.mpvplayer.MainActivity, pid=28304, uid=10273, state:RESUMED, fps:-1, win:0
2026-06-28 13:24:36.449  1004-1004  MTK_APPList             ven...ower_applist-service.mediatek  I  [notifyAPPstate] multi_resumed_app_info[1] com.tapman104.mpvplayer/com.tapman104.mpvplayer.MainActivity, pid:28304, fps:-1, isMultiWindow:0
2026-06-28 13:24:36.449  1004-1004  MTK_APPList             ven...ower_applist-service.mediatek  I  [notifyAPPstate] foreground:com.tapman104.mpvplayer, pid:28304, uid:10273
2026-06-28 13:24:36.449  1626-2447  PowerHalWrapper         system_server                        I  amsBoostNotify pid:28304,activity:com.tapman104.mpvplayer.MainActivity, package:com.tapman104.mpvplayer, mProcessCreatePackcom.tapman104.mpvplayer 
2026-06-28 13:24:36.449  1626-2447  mtkpower_client         system_server                        I  [PowerHal_Wrap_notifyAppState] com.tapman104.mpvplayer/com.tapman104.mpvplayer.MainActivity pid=28304 activityId:145987420 state:1
2026-06-28 13:24:36.450  1004-1004  MTK_APPList             ven...ower_applist-service.mediatek  I  [notifyAPPstate] pc:0, com.google.android.documentsui => com.tapman104.mpvplayer
2026-06-28 13:24:36.451  1004-1004  vendor.med...e.mediatek ven...ower_applist-service.mediatek  I  packName: com.tapman104.mpvplayer actName: com.tapman104.mpvplayer.MainActivity pid: 28304 uid: 10273 state: 1
2026-06-28 13:24:36.451  1004-1004  MTK_APPList             ven...ower_applist-service.mediatek  I  [notifyAPPstate] com.tapman104.mpvplayer/com.tapman104.mpvplayer.MainActivity, pid=28304, uid=10273, state:RESUMED, fps:-1, win:1
2026-06-28 13:24:36.451  1004-1004  MTK_APPList             ven...ower_applist-service.mediatek  I  [notifyAPPstate] multi_resumed_app_info[1] com.tapman104.mpvplayer/com.tapman104.mpvplayer.MainActivity, pid:28304, fps:-1, isMultiWindow:1
2026-06-28 13:24:36.451  1004-1004  MTK_APPList             ven...ower_applist-service.mediatek  I  [notifyAPPstate] foreground:com.tapman104.mpvplayer, pid:28304, uid:10273
2026-06-28 13:24:36.453  1004-1004  MTK_APPList             ven...ower_applist-service.mediatek  I  [notifyAPPstate] act com.android.searchlauncher.SearchLauncher => com.tapman104.mpvplayer.MainActivity
2026-06-28 13:24:36.459 28304-28304 ViewRootImpl            com.tapman104.mpvplayer              D  Skipping stats log for color mode
2026-06-28 13:24:36.460  2379-7233  TopAppSceneDetector     com.nothing.proxy                    D  currentFocusApp=com.tapman104.mpvplayer
2026-06-28 13:24:36.461  2379-7233  NearbyDetector          com.nothing.proxy                    D  onTopActivityChanged: top class name: com.tapman104.mpvplayer.MainActivity
2026-06-28 13:24:36.461  2379-7233  GameSceneDetector       com.nothing.proxy                    D  onTopChanged=com.tapman104.mpvplayer, isBoostTypeGame=false, isCategoryGame=false, isTopGame=false
2026-06-28 13:24:36.462  2379-7233  SceneManager            com.nothing.proxy                    D  TopAPP=com.tapman104.mpvplayer
2026-06-28 13:24:36.466  1626-1800  WindowManager           system_server                        D  [SG_DEBUG]Set SyncGroup{id=262 name=Transition-CLOSE} on ActivityRecord{7953410 u0 com.tapman104.mpvplayer/.PlayerActivity
2026-06-28 13:24:36.470  1626-1800  NtAppUsageManager       system_server                        D  Duration is too short, ignore : 23 in com.tapman104.mpvplayer
2026-06-28 13:24:36.470  1626-1800  PowerHalWrapper         system_server                        I  amsBoostNotify pid:28304,activity:com.tapman104.mpvplayer.MainActivity, package:com.tapman104.mpvplayer, mProcessCreatePackcom.tapman104.mpvplayer 
2026-06-28 13:24:36.470  1626-1800  mtkpower_client         system_server                        I  [PowerHal_Wrap_notifyAppState] com.tapman104.mpvplayer/com.tapman104.mpvplayer.MainActivity pid=28304 activityId:145987420 state:0
2026-06-28 13:24:36.470  1004-1004  vendor.med...e.mediatek ven...ower_applist-service.mediatek  I  packName: com.tapman104.mpvplayer actName: com.tapman104.mpvplayer.MainActivity pid: 28304 uid: 10273 state: 0
2026-06-28 13:24:36.470  1004-1004  MTK_APPList             ven...ower_applist-service.mediatek  I  [notifyAPPstate] com.tapman104.mpvplayer/com.tapman104.mpvplayer.MainActivity, pid=28304, uid=10273, state:PAUSED, fps:-1, win:1
2026-06-28 13:24:36.472  1626-1800  PowerHalWrapper         system_server                        I  <amsBoostResume> last:com.tapman104.mpvplayer, next:com.tapman104.mpvplayerhasATProcess:false 
2026-06-28 13:24:36.474  1626-1800  ActivityTaskManager     system_server                        I  START u0 {dat=content://com.android.providers.media.documents/... flg=0x1 xflg=0x4 cmp=com.tapman104.mpvplayer/.PlayerActivity} with LAUNCH_SINGLE_TOP from uid 10273 pid 28304 (sr=145987420) (BAL_ALLOW_VISIBLE_WINDOW) result code=0
2026-06-28 13:24:36.475 28304-28304 ActivityThread          com.tapman104.mpvplayer              D  handleResumeActivity#3 r.window=com.android.internal.policy.PhoneWindow@3e7dda0a.mFinished = falsewillBeVisible = true
2026-06-28 13:24:36.479  1626-1800  WindowManager           system_server                        W  Changing focus from null to Window{84bf003 u0 com.tapman104.mpvplayer/com.tapman104.mpvplayer.MainActivity} displayId=0 Callers=com.android.server.wm.RootWindowContainer.updateFocusedWindowLocked:494 com.android.server.wm.WindowManagerService.updateFocusedWindowLocked:6824 com.android.server.wm.WindowManagerService.relayoutWindow:2788 com.android.server.wm.Session.relayout:288 
2026-06-28 13:24:36.480  1626-1800  WindowManager           system_server                        I  Relayout Window{84bf003 u0 com.tapman104.mpvplayer/com.tapman104.mpvplayer.MainActivity}: oldVis=8 newVis=0 focusMayChange = true requestedWidth = 1080 requestedHeight = 2400 outFrames = ClientWindowFrames{frame=[0,0][1080,2400] display=[0,0][1080,2400] parentFrame=[0,0][0,0]} outSurfaceControl = Surface(name=com.tapman104.mpvplayer/com.tapman104.mpvplayer.MainActivity)/@0x9dc778b
2026-06-28 13:24:36.481 28304-28304 BufferQueueConsumer     com.tapman104.mpvplayer              D  [](id:6e9000000001,api:0,p:-1,c:28304) connect: controlledByApp=false
2026-06-28 13:24:36.481 28304-28304 BLASTBufferQueue        com.tapman104.mpvplayer              D  [VRI[MainActivity]#1](f:0,a:0) constructor()
2026-06-28 13:24:36.481 28304-28304 BLASTBufferQueue        com.tapman104.mpvplayer              D  [VRI[MainActivity]#1](f:0,a:0) update width=1080 height=2400 format=-1 mTransformHint=0
2026-06-28 13:24:36.485  1626-1667  SurfaceComposerClient   system_server                        D  Transaction::apply InputWindowCommands.focusRequests timestamp=4712843883280, windowName=84bf003 com.tapman104.mpvplayer/com.tapman104.mpvplayer.MainActivity
2026-06-28 13:24:36.487 28304-28326 BLASTBufferQueue        com.tapman104.mpvplayer              D  [VRI[MainActivity]#1](f:0,a:1) acquireNextBufferLocked size=1080x2400 mFrameNumber=1 applyTransaction=true mTimestamp=4712849904588(auto) mPendingTransactions.size=0 graphicBufferId=121564754345993 transform=0
2026-06-28 13:24:36.491  1626-1800  NtMemoryManager         system_server                        D  mIsHighPressureScene: false : com.tapman104.mpvplayer
2026-06-28 13:24:36.491  1626-1800  NtProcessManager        system_server                        D  Top app: com.tapman104.mpvplayer
2026-06-28 13:24:36.496  1626-1800  NtGameModeImpl          system_server                        V  onAppFocusChanged: pkg=com.tapman104.mpvplayer, uid=10273, category=-1, launchMode= 1
2026-06-28 13:24:36.496  1626-1800  NtPopUpViewImpl         system_server                        D  PopUpView: onAppFocusChanged: newTask=Task{911bbeb #47 type=standard A=10273:com.tapman104.mpvplayer}, showDimmer=false
2026-06-28 13:24:36.496  1626-1800  NtKafkaEventHelper      system_server                        D  onActivityRecordChanged: info com.tapman104.mpvplayer:10273:28304
2026-06-28 13:24:36.496  1626-1800  WindowManager           system_server                        W  Changing focus from Window{84bf003 u0 com.tapman104.mpvplayer/com.tapman104.mpvplayer.MainActivity} to null displayId=0 Callers=com.android.server.wm.RootWindowContainer.updateFocusedWindowLocked:494 com.android.server.wm.WindowManagerService.updateFocusedWindowLocked:6824 com.android.server.wm.ActivityTaskManagerService.setLastResumedActivityUncheckLocked:5275 com.android.server.wm.ActivityTaskSupervisor.updateTopResumedActivityIfNeeded:2419 
2026-06-28 13:24:36.498  1044-1439  SurfaceFlinger          surfaceflinger                       D  updateWinowInfo=1, setFocusedWindow timestamp=4712843883280, windowName=84bf003 com.tapman104.mpvplayer/com.tapman104.mpvplayer.MainActivity
2026-06-28 13:24:36.498  1626-1800  PowerHalWrapper         system_server                        I  amsBoostNotify pid:28304,activity:com.tapman104.mpvplayer.PlayerActivity, package:com.tapman104.mpvplayer, mProcessCreatePackcom.tapman104.mpvplayer 
2026-06-28 13:24:36.498  1626-1800  mtkpower_client         system_server                        I  [PowerHal_Wrap_notifyAppState] com.tapman104.mpvplayer/com.tapman104.mpvplayer.PlayerActivity pid=28304 activityId:7953410 state:1
2026-06-28 13:24:36.499  1004-1004  vendor.med...e.mediatek ven...ower_applist-service.mediatek  I  packName: com.tapman104.mpvplayer actName: com.tapman104.mpvplayer.PlayerActivity pid: 28304 uid: 10273 state: 1
2026-06-28 13:24:36.499  1004-1004  MTK_APPList             ven...ower_applist-service.mediatek  I  [notifyAPPstate] com.tapman104.mpvplayer/com.tapman104.mpvplayer.PlayerActivity, pid=28304, uid=10273, state:RESUMED, fps:-1, win:0
2026-06-28 13:24:36.499  1004-1004  MTK_APPList             ven...ower_applist-service.mediatek  I  [notifyAPPstate] multi_resumed_app_info[1] com.tapman104.mpvplayer/com.tapman104.mpvplayer.PlayerActivity, pid:28304, fps:-1, isMultiWindow:0
2026-06-28 13:24:36.499  1004-1004  MTK_APPList             ven...ower_applist-service.mediatek  I  [notifyAPPstate] foreground:com.tapman104.mpvplayer, pid:28304, uid:10273
2026-06-28 13:24:36.500  1004-1004  MTK_APPList             ven...ower_applist-service.mediatek  I  [notifyAPPstate] act com.tapman104.mpvplayer.MainActivity => com.tapman104.mpvplayer.PlayerActivity
2026-06-28 13:24:36.503 28304-28304 an104.mpvplayer         com.tapman104.mpvplayer              I  AssetManager2(0xb40000743775e058) locale list changing from [] to [en-IN]
2026-06-28 13:24:36.542 28304-28304 MpvController           com.tapman104.mpvplayer              D  Initializing MPV engine
2026-06-28 13:24:36.559 28304-28304 ActivityThread          com.tapman104.mpvplayer              D  handleResumeActivity#3 r.window=nulla.mFinished = falsewillBeVisible = true
2026-06-28 13:24:36.559 28304-28304 ActivityThread          com.tapman104.mpvplayer              D  handleResumeActivity#4 addView a.mVisibleFromClient=truea.mWindowAdded=falsedecor=DecorView@ef6882c[]
2026-06-28 13:24:36.559 28304-28304 ActivityThread          com.tapman104.mpvplayer              D  handleResumeActivity#5 addView decor=DecorView@ef6882c[]
2026-06-28 13:24:36.561 28304-28304 VRI[PlayerActivity]     com.tapman104.mpvplayer              D  hardware acceleration = true, forceHwAccelerated = false
2026-06-28 13:24:36.561 28304-28304 InsetsController        com.tapman104.mpvplayer              D  Setting requestedVisibleTypes to -16 (was -9)
2026-06-28 13:24:36.565 28304-28304 InputEventReceiver      com.tapman104.mpvplayer              D  Input log is disabled in InputEventReceiver.
2026-06-28 13:24:36.603 28304-28382 nativeloader            com.tapman104.mpvplayer              D  Load /data/app/~~ab20T57ZFneVvV6YSt798Q==/com.tapman104.mpvplayer-3Xs_1phe5L3FQUSXCF_gJg==/base.apk!/lib/arm64-v8a/libmpv.so using class loader ns clns-9 (caller=/data/app/~~ab20T57ZFneVvV6YSt798Q==/com.tapman104.mpvplayer-3Xs_1phe5L3FQUSXCF_gJg==/base.apk!classes12.dex): ok
2026-06-28 13:24:36.605 28304-28382 nativeloader            com.tapman104.mpvplayer              D  Load /data/app/~~ab20T57ZFneVvV6YSt798Q==/com.tapman104.mpvplayer-3Xs_1phe5L3FQUSXCF_gJg==/base.apk!/lib/arm64-v8a/libplayer.so using class loader ns clns-9 (caller=/data/app/~~ab20T57ZFneVvV6YSt798Q==/com.tapman104.mpvplayer-3Xs_1phe5L3FQUSXCF_gJg==/base.apk!classes12.dex): ok
2026-06-28 13:24:36.641 28304-28382 MpvController           com.tapman104.mpvplayer              D  MPV engine initialized successfully
2026-06-28 13:24:36.652 28304-28395 mpv                     com.tapman104.mpvplayer              V  event: idle
2026-06-28 13:24:36.653 28304-28395 MpvEventDispatcher      com.tapman104.mpvplayer              D  Received MPV event: 11
2026-06-28 13:24:36.653 28304-28395 mpv                     com.tapman104.mpvplayer              V  [cplayer:v] mpv v0.41.0-60-g85bf9f4ff Copyright © 2000-2026 mpv/MPlayer/mplayer2 projects
2026-06-28 13:24:36.654 28304-28395 mpv                     com.tapman104.mpvplayer              V  [cplayer:v]  built on Jan  9 2026 18:02:40
2026-06-28 13:24:36.654 28304-28395 mpv                     com.tapman104.mpvplayer              V  [cplayer:v] libplacebo version: v7.358.0 (v7.351.0-136-g8ee78f96)
2026-06-28 13:24:36.655 28304-28395 mpv                     com.tapman104.mpvplayer              V  [cplayer:v] FFmpeg version: N-122396-g91ae6d10ab
2026-06-28 13:24:36.655 28304-28395 mpv                     com.tapman104.mpvplayer              V  [cplayer:v] FFmpeg library versions:
2026-06-28 13:24:36.655 28304-28395 mpv                     com.tapman104.mpvplayer              V  [cplayer:v]    libavcodec      62.23.102
2026-06-28 13:24:36.656 28304-28395 mpv                     com.tapman104.mpvplayer              V  [cplayer:v]    libavdevice     62.2.100
2026-06-28 13:24:36.656 28304-28395 mpv                     com.tapman104.mpvplayer              V  [cplayer:v]    libavfilter     11.10.101
2026-06-28 13:24:36.656 28304-28395 mpv                     com.tapman104.mpvplayer              V  [cplayer:v]    libavformat     62.8.102
2026-06-28 13:24:36.656 28304-28395 mpv                     com.tapman104.mpvplayer              V  [cplayer:v]    libavutil       60.23.100
2026-06-28 13:24:36.657 28304-28395 mpv                     com.tapman104.mpvplayer              V  [cplayer:v]    libswresample   6.2.100
2026-06-28 13:24:36.658 28304-28395 mpv                     com.tapman104.mpvplayer              V  [cplayer:v]    libswscale      9.3.100
2026-06-28 13:24:36.658 28304-28395 mpv                     com.tapman104.mpvplayer              V  [cplayer:v] Configuration: -Diconv=disabled -Dlua=enabled -Dlibmpv=true -Dcplayer=false -Dmanpage-build=disabled -Ddefault_library=shared --cross-file=/home/runner/work/mpvlibAndroid/mpvlibAndroid/buildscripts/prefix/arm64/crossfile.txt
2026-06-28 13:24:36.658 28304-28395 mpv                     com.tapman104.mpvplayer              V  [cplayer:v] List of enabled features: aaudio android android-media-ndk audiotrack build-date cplugins dvbin egl-android ffmpeg gl glibc-thread-name gpl libass libavdevice libdl libplacebo linux-fstatfs lua memrchr opensles posix ppoll pthread-condattr-setclock vector vt.h zlib
2026-06-28 13:24:36.658 28304-28395 mpv                     com.tapman104.mpvplayer              V  [clipboard:v] Initialized vo clipboard backend.
2026-06-28 13:24:36.658 28304-28395 mpv                     com.tapman104.mpvplayer              V  [cplayer:v] Waiting for scripts...
2026-06-28 13:24:36.659 28304-28395 mpv                     com.tapman104.mpvplayer              V  [cplayer:v] Set property: sub-scale=1.000000 -> 1
2026-06-28 13:24:36.660 28304-28395 mpv                     com.tapman104.mpvplayer              V  [cplayer:v] Set property: sub-pos=90.000000 -> 1
2026-06-28 13:24:36.660 28304-28395 mpv                     com.tapman104.mpvplayer              V  [cplayer:v] Done loading scripts.
2026-06-28 13:24:36.734  1626-2447  CoreBackPreview         system_server                        D  Window{5840975 u0 com.tapman104.mpvplayer/com.tapman104.mpvplayer.PlayerActivity}: Setting back callback OnBackInvokedCallbackInfo{mCallback=android.window.IOnBackInvokedCallback$Stub$Proxy@398c7f1, mPriority=0, mIsAnimationCallback=false, mOverrideBehavior=0}
2026-06-28 13:24:36.772  1626-2447  WindowManager           system_server                        W  Changing focus from null to Window{5840975 u0 com.tapman104.mpvplayer/com.tapman104.mpvplayer.PlayerActivity} displayId=0 Callers=com.android.server.wm.RootWindowContainer.updateFocusedWindowLocked:494 com.android.server.wm.WindowManagerService.updateFocusedWindowLocked:6824 com.android.server.wm.WindowManagerService.relayoutWindow:2788 com.android.server.wm.Session.relayout:288 
2026-06-28 13:24:36.775  1626-2447  WindowManager           system_server                        I  Relayout Window{5840975 u0 com.tapman104.mpvplayer/com.tapman104.mpvplayer.PlayerActivity}: oldVis=4 newVis=0 focusMayChange = true requestedWidth = 2400 requestedHeight = 1080 outFrames = ClientWindowFrames{frame=[0,0][2400,1080] display=[0,0][2400,1080] parentFrame=[0,0][0,0]} outSurfaceControl = Surface(name=com.tapman104.mpvplayer/com.tapman104.mpvplayer.PlayerActivity)/@0x3c87cf3
2026-06-28 13:24:36.776 28304-28304 BufferQueueConsumer     com.tapman104.mpvplayer              D  [](id:6e9000000002,api:0,p:-1,c:28304) connect: controlledByApp=false
2026-06-28 13:24:36.776 28304-28304 BLASTBufferQueue        com.tapman104.mpvplayer              D  [VRI[PlayerActivity]#2](f:0,a:0) constructor()
2026-06-28 13:24:36.777 28304-28304 BLASTBufferQueue        com.tapman104.mpvplayer              D  [VRI[PlayerActivity]#2](f:0,a:0) update width=2400 height=1080 format=-3 mTransformHint=4
2026-06-28 13:24:36.777 28304-28304 NtViewRootImpl          com.tapman104.mpvplayer              D  mPopUpViewOffsets: offset=(0.0, 0.0), scale=(1.0, 1.0)
2026-06-28 13:24:36.777  1626-1667  SurfaceComposerClient   system_server                        D  Transaction::apply InputWindowCommands.focusRequests timestamp=4713138686973, windowName=5840975 com.tapman104.mpvplayer/com.tapman104.mpvplayer.PlayerActivity
2026-06-28 13:24:36.787  1626-1667  WindowManager           system_server                        D  update navigation bar window=Window{5840975 u0 com.tapman104.mpvplayer/com.tapman104.mpvplayer.PlayerActivity}, disableFlags=0, appearance=0, this=com.android.server.wm.DisplayPolicy@b5402b
2026-06-28 13:24:36.789  1044-1439  SurfaceFlinger          surfaceflinger                       D  updateWinowInfo=1, setFocusedWindow timestamp=4713138686973, windowName=5840975 com.tapman104.mpvplayer/com.tapman104.mpvplayer.PlayerActivity
2026-06-28 13:24:36.794  1044-1385  SurfaceFlinger          surfaceflinger                       D  [SF client] NEW(0xb40000775e7e2620) for (28304:com.tapman104.mpvplayer)
2026-06-28 13:24:36.796 28304-28304 BufferQueueConsumer     com.tapman104.mpvplayer              D  [](id:6e9000000003,api:0,p:-1,c:28304) connect: controlledByApp=false
2026-06-28 13:24:36.796 28304-28304 BLASTBufferQueue        com.tapman104.mpvplayer              D  [75af9c3 SurfaceView[com.tapman104.mpvplayer/com.tapman104.mpvplayer.PlayerActivity]#3](f:0,a:0) constructor()
2026-06-28 13:24:36.796 28304-28304 BLASTBufferQueue        com.tapman104.mpvplayer              D  [75af9c3 SurfaceView[com.tapman104.mpvplayer/com.tapman104.mpvplayer.PlayerActivity]#3](f:0,a:0) update width=2400 height=1080 format=4 mTransformHint=4
2026-06-28 13:24:36.797 28304-28304 MpvSurface              com.tapman104.mpvplayer              D  surfaceChanged: width=2400, height=1080
2026-06-28 13:24:36.797 28304-28382 MpvSurface              com.tapman104.mpvplayer              D  attachSurface gen=1
2026-06-28 13:24:36.797 28304-28395 mpv                     com.tapman104.mpvplayer              V  [cplayer:v] Set property: android-surface-size="2400x1080" -> 1
2026-06-28 13:24:36.798 28304-28395 mpv                     com.tapman104.mpvplayer              V  [cplayer:v] Set property: vo="gpu" -> 1
2026-06-28 13:24:36.799 28304-28395 mpv                     com.tapman104.mpvplayer              V  [vo/gpu/opengl:v] Initializing GPU context 'android'
2026-06-28 13:24:36.800 28304-28397 libEGL                  com.tapman104.mpvplayer              E  [NT Camera Debug][eglGetErrorImpl()]:err EGL Current pid:28304 tid 28397
2026-06-28 13:24:36.800 28304-28395 mpv                     com.tapman104.mpvplayer              V  [vo/gpu/opengl:v] EGL_VERSION=1.5 Android META-EGL
2026-06-28 13:24:36.800 28304-28395 mpv                     com.tapman104.mpvplayer              V  [vo/gpu/opengl:v] EGL_VENDOR=Android
2026-06-28 13:24:36.801 28304-28395 mpv                     com.tapman104.mpvplayer              V  [vo/gpu/opengl:v] EGL_CLIENT_APIS=OpenGL_ES
2026-06-28 13:24:36.802 28304-28395 mpv                     com.tapman104.mpvplayer              V  [vo/gpu/opengl:v] Trying to create Desktop OpenGL context.
2026-06-28 13:24:36.804 28304-28395 mpv                     com.tapman104.mpvplayer              V  [vo/gpu/opengl:v] Could not bind API!
2026-06-28 13:24:36.804 28304-28395 mpv                     com.tapman104.mpvplayer              V  [vo/gpu/opengl:v] Trying to create GLES 2.x + context.
2026-06-28 13:24:36.809 28304-28395 mpv                     com.tapman104.mpvplayer              V  [vo/gpu/opengl:v] GL_VERSION='OpenGL ES 3.2 v1.r44p1-01eac0.148b774f93332d7e562320793fb6c4c9'
2026-06-28 13:24:36.810 28304-28395 mpv                     com.tapman104.mpvplayer              V  [vo/gpu/opengl:v] Detected GLES 3.2.
2026-06-28 13:24:36.811 28304-28395 mpv                     com.tapman104.mpvplayer              V  [vo/gpu/opengl:v] GL_VENDOR='ARM'
2026-06-28 13:24:36.812 28304-28395 mpv                     com.tapman104.mpvplayer              V  [vo/gpu/opengl:v] GL_RENDERER='Mali-G615 MC2'
2026-06-28 13:24:36.812 28304-28395 mpv                     com.tapman104.mpvplayer              V  [vo/gpu/opengl:v] GL_SHADING_LANGUAGE_VERSION='OpenGL ES GLSL ES 3.20'
2026-06-28 13:24:36.813 28304-28395 mpv                     com.tapman104.mpvplayer              V  [vo/gpu/opengl:v] Loaded extension GL_EXT_buffer_storage.
2026-06-28 13:24:36.813 28304-28395 mpv                     com.tapman104.mpvplayer              V  [vo/gpu/opengl:v] 16 bit UNORM textures not available.
2026-06-28 13:24:36.814 28304-28395 mpv                     com.tapman104.mpvplayer              V  [vo/gpu:v] Testing FBO format rgba16f
2026-06-28 13:24:36.814 28304-28395 mpv                     com.tapman104.mpvplayer              V  [vo/gpu:v] Using FBO format rgba16f.
2026-06-28 13:24:36.814 28304-28395 mpv                     com.tapman104.mpvplayer              V  [vo/gpu:v] Disabling HDR peak computation (one or more of the following is not supported: compute shaders=0, SSBO=1).
2026-06-28 13:24:36.815 28304-28395 mpv                     com.tapman104.mpvplayer              V  [vo/gpu:v] reconfig to 960x540 rgba rgb/bt.709/srgb/full/display CL=mpeg1/jpeg
2026-06-28 13:24:36.815 28304-28395 mpv                     com.tapman104.mpvplayer              V  [vo/gpu:v] Resize: 2400x1080
2026-06-28 13:24:36.815 28304-28395 mpv                     com.tapman104.mpvplayer              V  [vo/gpu:v] Window size: 2400x1080 (Borders: l=0 t=0 r=0 b=0)
2026-06-28 13:24:36.816 28304-28395 mpv                     com.tapman104.mpvplayer              V  [vo/gpu:v] Video source: 960x540 (1:1)
2026-06-28 13:24:36.816 28304-28395 mpv                     com.tapman104.mpvplayer              V  [vo/gpu:v] Video display: (0, 0) 960x540 -> (240, 0) 1920x1080
2026-06-28 13:24:36.816 28304-28395 mpv                     com.tapman104.mpvplayer              V  [vo/gpu:v] Video scale: 2.000000/2.000000
2026-06-28 13:24:36.816 28304-28395 mpv                     com.tapman104.mpvplayer              V  [vo/gpu:v] OSD borders: l=240 t=0 r=240 b=0
2026-06-28 13:24:36.817 28304-28395 mpv                     com.tapman104.mpvplayer              V  event: video-reconfig
2026-06-28 13:24:36.819 28397-28397 physical-m...anager mgm com.tapman104.mpvplayer              I  switch rank1->0 (90) order=0 nr_rank={42097,0}
2026-06-28 13:24:36.817 28304-28395 MpvEventDispatcher      com.tapman104.mpvplayer              D  Received MPV event: 17
2026-06-28 13:24:36.817 28304-28395 mpv                     com.tapman104.mpvplayer              V  [vo/gpu:v] Video borders: l=240 t=0 r=240 b=0
2026-06-28 13:24:36.818 28304-28395 mpv                     com.tapman104.mpvplayer              V  [vo/gpu:v] Reported display depth: 8
2026-06-28 13:24:36.818 28304-28395 mpv                     com.tapman104.mpvplayer              V  [vo/gpu:v] Texture for plane 0: 960x540
2026-06-28 13:24:36.819 28304-28395 mpv                     com.tapman104.mpvplayer              V  [vo/gpu:v] Testing FBO format rgba16f
2026-06-28 13:24:36.819 28304-28395 mpv                     com.tapman104.mpvplayer              V  [vo/gpu:v] Using FBO format rgba16f.
2026-06-28 13:24:36.819 28304-28397 BLASTBufferQueue        com.tapman104.mpvplayer              D  [75af9c3 SurfaceView[com.tapman104.mpvplayer/com.tapman104.mpvplayer.PlayerActivity]#3](f:0,a:1) acquireNextBufferLocked size=2400x1080 mFrameNumber=1 applyTransaction=true mTimestamp=4713182488588(auto) mPendingTransactions.size=0 graphicBufferId=121564754345999 transform=7
2026-06-28 13:24:36.822 28304-28395 mpv                     com.tapman104.mpvplayer              V  [osd/libass:v] libass API version: 0x1704000
2026-06-28 13:24:36.823 28304-28395 mpv                     com.tapman104.mpvplayer              V  [osd/libass:v] libass source: commit: 0.17.4-21-gfadc390583f24eb5cf98f16925fd3adee50bca88
2026-06-28 13:24:36.824 28304-28395 mpv                     com.tapman104.mpvplayer              V  [osd/libass:v] Shaper: FriBidi 1.0.16 (SIMPLE) HarfBuzz-ng 11.4.3 (COMPLEX)
2026-06-28 13:24:36.824 28304-28395 mpv                     com.tapman104.mpvplayer              V  [osd/libass:v] Setting up fonts...
2026-06-28 13:24:36.826 28304-28395 mpv                     com.tapman104.mpvplayer              V  [osd/libass:v] Loading font file '/data/user/0/com.tapman104.mpvplayer/files/fonts/Roboto-Regular.ttf'
2026-06-28 13:24:36.829 28304-28395 mpv                     com.tapman104.mpvplayer              V  [osd/libass:info] can't find selected font provider
2026-06-28 13:24:36.829 28304-28395 mpv                     com.tapman104.mpvplayer              V  [osd/libass:v] Done.
2026-06-28 13:24:36.838 28304-28326 BLASTBufferQueue        com.tapman104.mpvplayer              D  [VRI[PlayerActivity]#2](f:0,a:1) acquireNextBufferLocked size=2400x1080 mFrameNumber=1 applyTransaction=true mTimestamp=4713201305511(auto) mPendingTransactions.size=0 graphicBufferId=121564754345998 transform=7
2026-06-28 13:24:36.840  1626-1667  WindowManager           system_server                        D  [SG_DEBUG]Clear [finished]SyncGroup{id=262 name=Transition-CLOSE} on ActivityRecord{145987420 u0 com.tapman104.mpvplayer/.MainActivity t47}
2026-06-28 13:24:36.840  1626-1667  WindowManager           system_server                        D  [SG_DEBUG]Clear [finished]SyncGroup{id=262 name=Transition-CLOSE} on ActivityRecord{7953410 u0 com.tapman104.mpvplayer/.PlayerActivity t47}
2026-06-28 13:24:36.843  1626-1663  ActivityTaskManager     system_server                        I  Displayed com.tapman104.mpvplayer/.PlayerActivity for user 0: +379ms
2026-06-28 13:24:36.844  2400-2522  WindowManagerShell      com.android.systemui                 V  onTransitionReady (#262) android.os.BinderProxy@bb1b5fe: {id=262 t=CLOSE f=0x0 trk=0 isSameTaskSwitch=false r=[0@Point(0, 0)] c=[
