2026-06-28 21:18:33.485 18971-19503 mpv                     com.tapman104.mpvplayer              V  [mkv:v] cached range 0: 949.247000 <-> 968.516000 (bof=0, eof=0)
2026-06-28 21:18:33.485 18971-19494 AudioTrack              com.tapman104.mpvplayer              D  flush(915): 0xb40000727c3e4d10, prior state:STATE_FLUSHED, packageName: com.tapman104.mpvplayer
2026-06-28 21:18:33.485 18971-19503 mpv                     com.tapman104.mpvplayer              V  [mkv:v] cached range 1: 189.196000 <-> 668.425000 (bof=0, eof=0)
2026-06-28 21:18:33.486 18971-19494 AudioTrack              com.tapman104.mpvplayer              D  updateStateToService: AudioTrackStatus state:4
2026-06-28 21:18:33.486 18971-19503 mpv                     com.tapman104.mpvplayer              V  [mkv:v] ...using this range for in-cache seek.
2026-06-28 21:18:33.486 18971-19503 mpv                     com.tapman104.mpvplayer              V  [mkv:v] seeking stream 0 (video) to packet 270.861000/-9223372036854775808.000000
2026-06-28 21:18:33.486 18971-19772 MediaCodec              com.tapman104.mpvplayer              D  [0xb4000072dc5031d0] setState: 7
2026-06-28 21:18:33.486 18971-19503 mpv                     com.tapman104.mpvplayer              V  [mkv:v] seeking stream 1 (audio) to packet 272.633500/-9223372036854775808.000000
2026-06-28 21:18:33.486 18971-19503 mpv                     com.tapman104.mpvplayer              V  [mkv:v] seeking stream 2 (sub) to packet 270.827000/-9223372036854775808.000000
2026-06-28 21:18:33.486  1624-2325  AS.AudioService         system_server                        D  AudioTrackStatus: pid = 18971; uid = 10273; sessionId = 1113; streamType = 3; state = 4; pkgName = com.tapman104.mpvplayer
2026-06-28 21:18:33.502 18971-19773 PipelineWatcher         com.tapman104.mpvplayer              D  onWorkDone: frameIndex not found (18446744073709551615); ignored
2026-06-28 21:18:33.502 18971-19773 PipelineWatcher         com.tapman104.mpvplayer              D  onWorkDone: frameIndex not found (18446744073709551615); ignored
2026-06-28 21:18:33.502 18971-19773 PipelineWatcher         com.tapman104.mpvplayer              D  onWorkDone: frameIndex not found (18446744073709551615); ignored
2026-06-28 21:18:33.502 18971-19773 PipelineWatcher         com.tapman104.mpvplayer              D  onWorkDone: frameIndex not found (18446744073709551615); ignored
2026-06-28 21:18:33.502 18971-19773 PipelineWatcher         com.tapman104.mpvplayer              D  onWorkDone: frameIndex not found (18446744073709551615); ignored
2026-06-28 21:18:33.502 18971-19773 PipelineWatcher         com.tapman104.mpvplayer              D  onWorkDone: frameIndex not found (18446744073709551615); ignored
2026-06-28 21:18:33.502 18971-19773 PipelineWatcher         com.tapman104.mpvplayer              D  onWorkDone: frameIndex not found (18446744073709551615); ignored
2026-06-28 21:18:33.502 18971-19773 PipelineWatcher         com.tapman104.mpvplayer              D  onWorkDone: frameIndex not found (18446744073709551615); ignored
2026-06-28 21:18:33.502 18971-19772 MediaCodec              com.tapman104.mpvplayer              D  [0xb4000072dc5031d0] setState: 6
2026-06-28 21:18:33.502 18971-19772 CCodecConfig            com.tapman104.mpvplayer              I  query failed after returning 19 values (BAD_INDEX)
2026-06-28 21:18:33.502 18971-19773 CCodecBufferChannel     com.tapman104.mpvplayer              D  [c2.mtk.avc.decoder#906] flushed work; ignored.
2026-06-28 21:18:33.502 18971-19773 CCodecBufferChannel     com.tapman104.mpvplayer              D  [c2.mtk.avc.decoder#906] Discard frames from previous generation.
2026-06-28 21:18:33.502 18971-19773 PipelineWatcher         com.tapman104.mpvplayer              D  onWorkDone: frameIndex not found (18446744073709551615); ignored
2026-06-28 21:18:33.502 18971-19773 CCodecBufferChannel     com.tapman104.mpvplayer              D  [c2.mtk.avc.decoder#906] flushed work not feedInput.
2026-06-28 21:18:33.502 18971-19773 CCodecBufferChannel     com.tapman104.mpvplayer              D  [c2.mtk.avc.decoder#906] flushed work; ignored.
2026-06-28 21:18:33.502 18971-19773 CCodecBufferChannel     com.tapman104.mpvplayer              D  [c2.mtk.avc.decoder#906] Discard frames from previous generation.
2026-06-28 21:18:33.502 18971-19773 PipelineWatcher         com.tapman104.mpvplayer              D  onWorkDone: frameIndex not found (18446744073709551615); ignored
2026-06-28 21:18:33.502 18971-19773 CCodecBufferChannel     com.tapman104.mpvplayer              D  [c2.mtk.avc.decoder#906] flushed work not feedInput.
2026-06-28 21:18:33.502 18971-19772 Codec2Client            com.tapman104.mpvplayer              W  query -- param skipped: index = 1342179345.
2026-06-28 21:18:33.502 18971-19772 Codec2Client            com.tapman104.mpvplayer              W  query -- param skipped: index = 2415921170.
2026-06-28 21:18:33.502 18971-19772 Codec2Client            com.tapman104.mpvplayer              W  query -- param skipped: index = 1610614798.
2026-06-28 21:18:33.504 18971-19772 MediaCodec              com.tapman104.mpvplayer              D  [0xb4000072dc5031d0] setState: 7
2026-06-28 21:18:33.515 18971-19773 PipelineWatcher         com.tapman104.mpvplayer              D  onWorkDone: frameIndex not found (18446744073709551615); ignored
2026-06-28 21:18:33.515 18971-19773 PipelineWatcher         com.tapman104.mpvplayer              D  onWorkDone: frameIndex not found (18446744073709551615); ignored
2026-06-28 21:18:33.515 18971-19773 PipelineWatcher         com.tapman104.mpvplayer              D  onWorkDone: frameIndex not found (18446744073709551615); ignored
2026-06-28 21:18:33.515 18971-19773 PipelineWatcher         com.tapman104.mpvplayer              D  onWorkDone: frameIndex not found (18446744073709551615); ignored
2026-06-28 21:18:33.515 18971-19773 PipelineWatcher         com.tapman104.mpvplayer              D  onWorkDone: frameIndex not found (18446744073709551615); ignored
2026-06-28 21:18:33.515 18971-19773 PipelineWatcher         com.tapman104.mpvplayer              D  onWorkDone: frameIndex not found (18446744073709551615); ignored
2026-06-28 21:18:33.515 18971-19773 PipelineWatcher         com.tapman104.mpvplayer              D  onWorkDone: frameIndex not found (18446744073709551615); ignored
2026-06-28 21:18:33.515 18971-19773 PipelineWatcher         com.tapman104.mpvplayer              D  onWorkDone: frameIndex not found (18446744073709551615); ignored
2026-06-28 21:18:33.515 18971-19773 PipelineWatcher         com.tapman104.mpvplayer              D  onWorkDone: frameIndex not found (18446744073709551615); ignored
2026-06-28 21:18:33.515 18971-19773 PipelineWatcher         com.tapman104.mpvplayer              D  onWorkDone: frameIndex not found (18446744073709551615); ignored
2026-06-28 21:18:33.515 18971-19772 MediaCodec              com.tapman104.mpvplayer              D  [0xb4000072dc5031d0] setState: 6
2026-06-28 21:18:33.515 18971-19772 CCodecConfig            com.tapman104.mpvplayer              I  query failed after returning 19 values (BAD_INDEX)
2026-06-28 21:18:33.516 18971-19772 Codec2Client            com.tapman104.mpvplayer              W  query -- param skipped: index = 1342179345.
2026-06-28 21:18:33.516 18971-19772 Codec2Client            com.tapman104.mpvplayer              W  query -- param skipped: index = 2415921170.
2026-06-28 21:18:33.516 18971-19772 Codec2Client            com.tapman104.mpvplayer              W  query -- param skipped: index = 1610614798.
2026-06-28 21:18:33.517 18971-19503 mpv                     com.tapman104.mpvplayer              V  event: seek
2026-06-28 21:18:33.517 18971-19503 MpvEventDispatcher      com.tapman104.mpvplayer              D  Received MPV event: 20
2026-06-28 21:18:33.518 18971-19503 mpv                     com.tapman104.mpvplayer              V  [cplayer:v] hr-seek, skipping to 272.655000
2026-06-28 21:18:33.519 18971-19773 CCodecBufferChannel     com.tapman104.mpvplayer              D  [c2.mtk.avc.decoder#906] Discard frames from previous generation.
2026-06-28 21:18:33.519 18971-19773 Codec2-Out...ufferQueue com.tapman104.mpvplayer              D  set max dequeue count 19 from update
2026-06-28 21:18:33.520 18971-19772 CCodecBufferChannel     com.tapman104.mpvplayer              D  [c2.mtk.avc.decoder#906] send inputSlots num:8 to codec
2026-06-28 21:18:33.524 18971-19515 CCodecBufferChannel     com.tapman104.mpvplayer              D  [c2.mtk.avc.decoder#906] Ignoring stale input buffer done callback: last flush index = 1717, frameIndex = 1717
2026-06-28 21:18:33.534 18971-19503 mpv                     com.tapman104.mpvplayer              V  [vd:v] Decoder format: 1920x1080 [0:1] mediacodec bt.709/bt.709/bt.1886/limited/auto CL=unknown crop=1920x1080+0+0 A=none
2026-06-28 21:18:33.535 18971-19503 mpv                     com.tapman104.mpvplayer              V  [vd:warn] Setting video-aspect-override to -1 is deprecated.
2026-06-28 21:18:33.536 18971-19503 mpv                     com.tapman104.mpvplayer              V  [vd:warn] Use --video-aspect-override=no --video-aspect-mode=container instead.
2026-06-28 21:18:33.536 18971-19503 mpv                     com.tapman104.mpvplayer              V  [vd:v] Using container aspect ratio.
2026-06-28 21:18:33.617 18971-19324 PowerHalMgrImpl         com.tapman104.mpvplayer              I  hdl:14902, pid:18971 
2026-06-28 21:18:33.721 18971-19503 mpv                     com.tapman104.mpvplayer              V  [cplayer:v] first video frame after restart shown
2026-06-28 21:18:33.723 18971-19503 mpv                     com.tapman104.mpvplayer              V  [cplayer:v] audio ready
2026-06-28 21:18:33.723 18971-19494 AudioTrack              com.tapman104.mpvplayer              D  pause(915): 0xb40000727c3e4d10, prior state:STATE_FLUSHED, packageName: com.tapman104.mpvplayer
2026-06-28 21:18:33.723 18971-19494 AudioTrack              com.tapman104.mpvplayer              D  flush(915): 0xb40000727c3e4d10, prior state:STATE_FLUSHED, packageName: com.tapman104.mpvplayer
2026-06-28 21:18:33.723 18971-19494 AudioTrack              com.tapman104.mpvplayer              D  updateStateToService: AudioTrackStatus state:4
2026-06-28 21:18:33.724 18971-19772 MediaCodec              com.tapman104.mpvplayer              D  [0xb4000072dc5031d0] setState: 7
2026-06-28 21:18:33.724  1624-3202  AS.AudioService         system_server                        D  AudioTrackStatus: pid = 18971; uid = 10273; sessionId = 1113; streamType = 3; state = 4; pkgName = com.tapman104.mpvplayer
2026-06-28 21:18:33.724 18971-19503 mpv                     com.tapman104.mpvplayer              V  [mkv:v] queuing seek to 299.096000
2026-06-28 21:18:33.725 18971-19503 mpv                     com.tapman104.mpvplayer              V  [mkv:v] cached range 0: 949.247000 <-> 968.516000 (bof=0, eof=0)
2026-06-28 21:18:33.726 18971-19503 mpv                     com.tapman104.mpvplayer              V  [mkv:v] cached range 1: 189.196000 <-> 668.425000 (bof=0, eof=0)
2026-06-28 21:18:33.726 18971-19503 mpv                     com.tapman104.mpvplayer              V  [mkv:v] ...using this range for in-cache seek.
2026-06-28 21:18:33.726 18971-19503 mpv                     com.tapman104.mpvplayer              V  [mkv:v] seeking stream 0 (video) to packet 297.012000/-9223372036854775808.000000
2026-06-28 21:18:33.726 18971-19503 mpv                     com.tapman104.mpvplayer              V  [mkv:v] seeking stream 1 (audio) to packet 299.073500/-9223372036854775808.000000
2026-06-28 21:18:33.726 18971-19503 mpv                     com.tapman104.mpvplayer              V  [mkv:v] seeking stream 2 (sub) to packet 295.967000/-9223372036854775808.000000
2026-06-28 21:18:33.731 18971-19773 PipelineWatcher         com.tapman104.mpvplayer              D  onWorkDone: frameIndex not found (18446744073709551615); ignored
2026-06-28 21:18:33.732 18971-19773 PipelineWatcher         com.tapman104.mpvplayer              D  onWorkDone: frameIndex not found (18446744073709551615); ignored
2026-06-28 21:18:33.732 18971-19773 PipelineWatcher         com.tapman104.mpvplayer              D  onWorkDone: frameIndex not found (18446744073709551615); ignored
2026-06-28 21:18:33.732 18971-19773 PipelineWatcher         com.tapman104.mpvplayer              D  onWorkDone: frameIndex not found (18446744073709551615); ignored
2026-06-28 21:18:33.732 18971-19773 PipelineWatcher         com.tapman104.mpvplayer              D  onWorkDone: frameIndex not found (18446744073709551615); ignored
2026-06-28 21:18:33.732 18971-19773 PipelineWatcher         com.tapman104.mpvplayer              D  onWorkDone: frameIndex not found (18446744073709551615); ignored
2026-06-28 21:18:33.732 18971-19773 PipelineWatcher         com.tapman104.mpvplayer              D  onWorkDone: frameIndex not found (18446744073709551615); ignored
2026-06-28 21:18:33.732 18971-19773 PipelineWatcher         com.tapman104.mpvplayer              D  onWorkDone: frameIndex not found (18446744073709551615); ignored
2026-06-28 21:18:33.732 18971-19773 PipelineWatcher         com.tapman104.mpvplayer              D  onWorkDone: frameIndex not found (18446744073709551615); ignored
2026-06-28 21:18:33.732 18971-19773 PipelineWatcher         com.tapman104.mpvplayer              D  onWorkDone: frameIndex not found (18446744073709551615); ignored
2026-06-28 21:18:33.732 18971-19772 MediaCodec              com.tapman104.mpvplayer              D  [0xb4000072dc5031d0] setState: 6
2026-06-28 21:18:33.732 18971-19772 CCodecConfig            com.tapman104.mpvplayer              I  query failed after returning 19 values (BAD_INDEX)
2026-06-28 21:18:33.733 18971-19772 Codec2Client            com.tapman104.mpvplayer              W  query -- param skipped: index = 1342179345.
2026-06-28 21:18:33.733 18971-19772 Codec2Client            com.tapman104.mpvplayer              W  query -- param skipped: index = 2415921170.
2026-06-28 21:18:33.733 18971-19772 Codec2Client            com.tapman104.mpvplayer              W  query -- param skipped: index = 1610614798.
2026-06-28 21:18:33.734 18971-19772 MediaCodec              com.tapman104.mpvplayer              D  [0xb4000072dc5031d0] setState: 7
2026-06-28 21:18:33.738 18971-19773 PipelineWatcher         com.tapman104.mpvplayer              D  onWorkDone: frameIndex not found (18446744073709551615); ignored
2026-06-28 21:18:33.738 18971-19773 PipelineWatcher         com.tapman104.mpvplayer              D  onWorkDone: frameIndex not found (18446744073709551615); ignored
2026-06-28 21:18:33.739 18971-19772 MediaCodec              com.tapman104.mpvplayer              D  [0xb4000072dc5031d0] setState: 6
2026-06-28 21:18:33.739 18971-19772 CCodecConfig            com.tapman104.mpvplayer              I  query failed after returning 19 values (BAD_INDEX)
2026-06-28 21:18:33.739 18971-19773 CCodecBufferChannel     com.tapman104.mpvplayer              D  [c2.mtk.avc.decoder#906] flushed work; ignored.
2026-06-28 21:18:33.739 18971-19773 CCodecBufferChannel     com.tapman104.mpvplayer              D  [c2.mtk.avc.decoder#906] Discard frames from previous generation.
2026-06-28 21:18:33.739 18971-19773 PipelineWatcher         com.tapman104.mpvplayer              D  onWorkDone: frameIndex not found (18446744073709551615); ignored
2026-06-28 21:18:33.739 18971-19773 CCodecBufferChannel     com.tapman104.mpvplayer              D  [c2.mtk.avc.decoder#906] flushed work not feedInput.
2026-06-28 21:18:33.740 18971-19773 CCodecBufferChannel     com.tapman104.mpvplayer              D  [c2.mtk.avc.decoder#906] flushed work; ignored.
2026-06-28 21:18:33.740 18971-19773 CCodecBufferChannel     com.tapman104.mpvplayer              D  [c2.mtk.avc.decoder#906] Discard frames from previous generation.
2026-06-28 21:18:33.740 18971-19773 PipelineWatcher         com.tapman104.mpvplayer              D  onWorkDone: frameIndex not found (18446744073709551615); ignored
2026-06-28 21:18:33.740 18971-19773 CCodecBufferChannel     com.tapman104.mpvplayer              D  [c2.mtk.avc.decoder#906] flushed work not feedInput.
2026-06-28 21:18:33.740 18971-19772 Codec2Client            com.tapman104.mpvplayer              W  query -- param skipped: index = 1342179345.
2026-06-28 21:18:33.741 18971-19772 Codec2Client            com.tapman104.mpvplayer              W  query -- param skipped: index = 2415921170.
2026-06-28 21:18:33.741 18971-19772 Codec2Client            com.tapman104.mpvplayer              W  query -- param skipped: index = 1610614798.
2026-06-28 21:18:33.741 18971-19773 CCodecBufferChannel     com.tapman104.mpvplayer              D  [c2.mtk.avc.decoder#906] flushed work; ignored.
2026-06-28 21:18:33.741 18971-19773 CCodecBufferChannel     com.tapman104.mpvplayer              D  [c2.mtk.avc.decoder#906] Discard frames from previous generation.
2026-06-28 21:18:33.741 18971-19773 PipelineWatcher         com.tapman104.mpvplayer              D  onWorkDone: frameIndex not found (18446744073709551615); ignored
2026-06-28 21:18:33.741 18971-19773 CCodecBufferChannel     com.tapman104.mpvplayer              D  [c2.mtk.avc.decoder#906] flushed work not feedInput.
2026-06-28 21:18:33.742 18971-19773 CCodecBufferChannel     com.tapman104.mpvplayer              D  [c2.mtk.avc.decoder#906] flushed work; ignored.
2026-06-28 21:18:33.742 18971-19773 CCodecBufferChannel     com.tapman104.mpvplayer              D  [c2.mtk.avc.decoder#906] Discard frames from previous generation.
2026-06-28 21:18:33.742 18971-19773 PipelineWatcher         com.tapman104.mpvplayer              D  onWorkDone: frameIndex not found (18446744073709551615); ignored
2026-06-28 21:18:33.742 18971-19773 CCodecBufferChannel     com.tapman104.mpvplayer              D  [c2.mtk.avc.decoder#906] flushed work not feedInput.
2026-06-28 21:18:33.742 18971-19503 mpv                     com.tapman104.mpvplayer              V  [cplayer:v] hr-seek, skipping to 299.096000
2026-06-28 21:18:33.742 18971-19773 CCodecBufferChannel     com.tapman104.mpvplayer              D  [c2.mtk.avc.decoder#906] flushed work; ignored.
2026-06-28 21:18:33.742 18971-19773 CCodecBufferChannel     com.tapman104.mpvplayer              D  [c2.mtk.avc.decoder#906] Discard frames from previous generation.
2026-06-28 21:18:33.742 18971-19773 PipelineWatcher         com.tapman104.mpvplayer              D  onWorkDone: frameIndex not found (18446744073709551615); ignored
2026-06-28 21:18:33.742 18971-19773 CCodecBufferChannel     com.tapman104.mpvplayer              D  [c2.mtk.avc.decoder#906] flushed work not feedInput.
2026-06-28 21:18:33.742 18971-19773 CCodecBufferChannel     com.tapman104.mpvplayer              D  [c2.mtk.avc.decoder#906] flushed work; ignored.
2026-06-28 21:18:33.742 18971-19773 CCodecBufferChannel     com.tapman104.mpvplayer              D  [c2.mtk.avc.decoder#906] Discard frames from previous generation.
2026-06-28 21:18:33.742 18971-19773 PipelineWatcher         com.tapman104.mpvplayer              D  onWorkDone: frameIndex not found (18446744073709551615); ignored
2026-06-28 21:18:33.742 18971-19773 CCodecBufferChannel     com.tapman104.mpvplayer              D  [c2.mtk.avc.decoder#906] flushed work not feedInput.
2026-06-28 21:18:33.742 18971-19773 CCodecBufferChannel     com.tapman104.mpvplayer              D  [c2.mtk.avc.decoder#906] flushed work; ignored.
2026-06-28 21:18:33.742 18971-19773 CCodecBufferChannel     com.tapman104.mpvplayer              D  [c2.mtk.avc.decoder#906] Discard frames from previous generation.
2026-06-28 21:18:33.742 18971-19773 PipelineWatcher         com.tapman104.mpvplayer              D  onWorkDone: frameIndex not found (18446744073709551615); ignored
2026-06-28 21:18:33.742 18971-19773 CCodecBufferChannel     com.tapman104.mpvplayer              D  [c2.mtk.avc.decoder#906] flushed work not feedInput.
2026-06-28 21:18:33.742 18971-19773 CCodecBufferChannel     com.tapman104.mpvplayer              D  [c2.mtk.avc.decoder#906] flushed work; ignored.
2026-06-28 21:18:33.742 18971-19773 CCodecBufferChannel     com.tapman104.mpvplayer              D  [c2.mtk.avc.decoder#906] Discard frames from previous generation.
2026-06-28 21:18:33.742 18971-19773 PipelineWatcher         com.tapman104.mpvplayer              D  onWorkDone: frameIndex not found (18446744073709551615); ignored
2026-06-28 21:18:33.742 18971-19773 CCodecBufferChannel     com.tapman104.mpvplayer              D  [c2.mtk.avc.decoder#906] flushed work not feedInput.
2026-06-28 21:18:33.742 18971-19503 mpv                     com.tapman104.mpvplayer              V  event: seek
2026-06-28 21:18:33.743 18971-19503 MpvEventDispatcher      com.tapman104.mpvplayer              D  Received MPV event: 20
2026-06-28 21:18:33.745 18971-19773 CCodecBufferChannel     com.tapman104.mpvplayer              D  [c2.mtk.avc.decoder#906] Discard frames from previous generation.
2026-06-28 21:18:33.745 18971-19773 Codec2-Out...ufferQueue com.tapman104.mpvplayer              D  set max dequeue count 19 from update
2026-06-28 21:18:33.747 18971-19772 CCodecBufferChannel     com.tapman104.mpvplayer              D  [c2.mtk.avc.decoder#906] send inputSlots num:8 to codec
2026-06-28 21:18:33.750 18971-19515 CCodecBufferChannel     com.tapman104.mpvplayer              D  [c2.mtk.avc.decoder#906] Ignoring stale input buffer done callback: last flush index = 1771, frameIndex = 1771
2026-06-28 21:18:33.759 18971-19503 mpv                     com.tapman104.mpvplayer              V  [vd:v] Decoder format: 1920x1080 [0:1] mediacodec bt.709/bt.709/bt.1886/limited/auto CL=unknown crop=1920x1080+0+0 A=none
2026-06-28 21:18:33.759 18971-19503 mpv                     com.tapman104.mpvplayer              V  [vd:warn] Setting video-aspect-override to -1 is deprecated.
2026-06-28 21:18:33.760 18971-19503 mpv                     com.tapman104.mpvplayer              V  [vd:warn] Use --video-aspect-override=no --video-aspect-mode=container instead.
2026-06-28 21:18:33.760 18971-19503 mpv                     com.tapman104.mpvplayer              V  [vd:v] Using container aspect ratio.
2026-06-28 21:18:33.878 18971-18971 ScrollIdentify          com.tapman104.mpvplayer              I  on fling
2026-06-28 21:18:33.932 18971-19515 BufferPoolAccessor2.0   com.tapman104.mpvplayer              D  bufferpool2 0xb40000718c4127c8 : 10(20971520 size) total buffers - 9(18874368 size) used buffers - 2162/2172 (recycle/alloc) - 9/1946 (fetch/transfer)
2026-06-28 21:18:33.972 18971-19503 mpv                     com.tapman104.mpvplayer              V  [cplayer:v] first video frame after restart shown
2026-06-28 21:18:33.977 18971-19503 mpv                     com.tapman104.mpvplayer              V  [cplayer:v] audio ready
2026-06-28 21:18:33.977 18971-19494 AudioTrack              com.tapman104.mpvplayer              D  pause(915): 0xb40000727c3e4d10, prior state:STATE_FLUSHED, packageName: com.tapman104.mpvplayer
2026-06-28 21:18:33.978 18971-19494 AudioTrack              com.tapman104.mpvplayer              D  flush(915): 0xb40000727c3e4d10, prior state:STATE_FLUSHED, packageName: com.tapman104.mpvplayer
2026-06-28 21:18:33.978 18971-19503 mpv                     com.tapman104.mpvplayer              V  [mkv:v] queuing seek to 315.917000
2026-06-28 21:18:33.978 18971-19494 AudioTrack              com.tapman104.mpvplayer              D  updateStateToService: AudioTrackStatus state:4
2026-06-28 21:18:33.979 18971-19772 MediaCodec              com.tapman104.mpvplayer              D  [0xb4000072dc5031d0] setState: 7
2026-06-28 21:18:33.980  1624-2325  AS.AudioService         system_server                        D  AudioTrackStatus: pid = 18971; uid = 10273; sessionId = 1113; streamType = 3; state = 4; pkgName = com.tapman104.mpvplayer
2026-06-28 21:18:33.980 18971-19503 mpv                     com.tapman104.mpvplayer              V  [mkv:v] cached range 0: 949.247000 <-> 968.516000 (bof=0, eof=0)
2026-06-28 21:18:33.981 18971-19503 mpv                     com.tapman104.mpvplayer              V  [mkv:v] cached range 1: 189.196000 <-> 668.425000 (bof=0, eof=0)
2026-06-28 21:18:33.981 18971-19503 mpv                     com.tapman104.mpvplayer              V  [mkv:v] ...using this range for in-cache seek.
2026-06-28 21:18:33.982 18971-19503 mpv                     com.tapman104.mpvplayer              V  [mkv:v] seeking stream 0 (video) to packet 310.776000/-9223372036854775808.000000
2026-06-28 21:18:33.982 18971-19503 mpv                     com.tapman104.mpvplayer              V  [mkv:v] seeking stream 1 (audio) to packet 315.893500/-9223372036854775808.000000
2026-06-28 21:18:33.983 18971-19503 mpv                     com.tapman104.mpvplayer              V  [mkv:v] seeking stream 2 (sub) to packet 309.837000/-9223372036854775808.000000
2026-06-28 21:18:33.987 18971-19773 PipelineWatcher         com.tapman104.mpvplayer              D  onWorkDone: frameIndex not found (18446744073709551615); ignored
2026-06-28 21:18:33.987 18971-19773 PipelineWatcher         com.tapman104.mpvplayer              D  onWorkDone: frameIndex not found (18446744073709551615); ignored
2026-06-28 21:18:33.987 18971-19773 PipelineWatcher         com.tapman104.mpvplayer              D  onWorkDone: frameIndex not found (18446744073709551615); ignored
2026-06-28 21:18:33.987 18971-19773 PipelineWatcher         com.tapman104.mpvplayer              D  onWorkDone: frameIndex not found (18446744073709551615); ignored
2026-06-28 21:18:33.987 18971-19773 PipelineWatcher         com.tapman104.mpvplayer              D  onWorkDone: frameIndex not found (18446744073709551615); ignored
2026-06-28 21:18:33.987 18971-19773 PipelineWatcher         com.tapman104.mpvplayer              D  onWorkDone: frameIndex not found (18446744073709551615); ignored
2026-06-28 21:18:33.987 18971-19773 PipelineWatcher         com.tapman104.mpvplayer              D  onWorkDone: frameIndex not found (18446744073709551615); ignored
2026-06-28 21:18:33.987 18971-19773 PipelineWatcher         com.tapman104.mpvplayer              D  onWorkDone: frameIndex not found (18446744073709551615); ignored
2026-06-28 21:18:33.987 18971-19772 MediaCodec              com.tapman104.mpvplayer              D  [0xb4000072dc5031d0] setState: 6
2026-06-28 21:18:33.987 18971-19772 CCodecConfig            com.tapman104.mpvplayer              I  query failed after returning 19 values (BAD_INDEX)
2026-06-28 21:18:33.989 18971-19772 Codec2Client            com.tapman104.mpvplayer              W  query -- param skipped: index = 1342179345.
2026-06-28 21:18:33.989 18971-19772 Codec2Client            com.tapman104.mpvplayer              W  query -- param skipped: index = 2415921170.
2026-06-28 21:18:33.989 18971-19772 Codec2Client            com.tapman104.mpvplayer              W  query -- param skipped: index = 1610614798.
2026-06-28 21:18:33.990 18971-19772 MediaCodec              com.tapman104.mpvplayer              D  [0xb4000072dc5031d0] setState: 7
2026-06-28 21:18:33.993 18971-19773 PipelineWatcher         com.tapman104.mpvplayer              D  onWorkDone: frameIndex not found (18446744073709551615); ignored
2026-06-28 21:18:33.993 18971-19772 MediaCodec              com.tapman104.mpvplayer              D  [0xb4000072dc5031d0] setState: 6
2026-06-28 21:18:33.993 18971-19773 CCodecBufferChannel     com.tapman104.mpvplayer              D  [c2.mtk.avc.decoder#906] flushed work; ignored.
2026-06-28 21:18:33.993 18971-19773 CCodecBufferChannel     com.tapman104.mpvplayer              D  [c2.mtk.avc.decoder#906] Discard frames from previous generation.
2026-06-28 21:18:33.993 18971-19773 PipelineWatcher         com.tapman104.mpvplayer              D  onWorkDone: frameIndex not found (18446744073709551615); ignored
2026-06-28 21:18:33.993 18971-19773 CCodecBufferChannel     com.tapman104.mpvplayer              D  [c2.mtk.avc.decoder#906] flushed work not feedInput.
2026-06-28 21:18:33.993 18971-19772 CCodecConfig            com.tapman104.mpvplayer              I  query failed after returning 19 values (BAD_INDEX)
2026-06-28 21:18:33.993 18971-19773 CCodecBufferChannel     com.tapman104.mpvplayer              D  [c2.mtk.avc.decoder#906] flushed work; ignored.
2026-06-28 21:18:33.994 18971-19773 CCodecBufferChannel     com.tapman104.mpvplayer              D  [c2.mtk.avc.decoder#906] Discard frames from previous generation.
2026-06-28 21:18:33.994 18971-19773 PipelineWatcher         com.tapman104.mpvplayer              D  onWorkDone: frameIndex not found (18446744073709551615); ignored
2026-06-28 21:18:33.994 18971-19773 CCodecBufferChannel     com.tapman104.mpvplayer              D  [c2.mtk.avc.decoder#906] flushed work not feedInput.
2026-06-28 21:18:33.994 18971-19773 CCodecBufferChannel     com.tapman104.mpvplayer              D  [c2.mtk.avc.decoder#906] flushed work; ignored.
2026-06-28 21:18:33.994 18971-19773 CCodecBufferChannel     com.tapman104.mpvplayer              D  [c2.mtk.avc.decoder#906] Discard frames from previous generation.
2026-06-28 21:18:33.994 18971-19773 PipelineWatcher         com.tapman104.mpvplayer              D  onWorkDone: frameIndex not found (18446744073709551615); ignored
2026-06-28 21:18:33.994 18971-19773 CCodecBufferChannel     com.tapman104.mpvplayer              D  [c2.mtk.avc.decoder#906] flushed work not feedInput.
2026-06-28 21:18:33.994 18971-19772 Codec2Client            com.tapman104.mpvplayer              W  query -- param skipped: index = 1342179345.
2026-06-28 21:18:33.994 18971-19772 Codec2Client            com.tapman104.mpvplayer              W  query -- param skipped: index = 2415921170.
2026-06-28 21:18:33.994 18971-19772 Codec2Client            com.tapman104.mpvplayer              W  query -- param skipped: index = 1610614798.
2026-06-28 21:18:33.994 18971-19773 CCodecBufferChannel     com.tapman104.mpvplayer              D  [c2.mtk.avc.decoder#906] flushed work; ignored.
2026-06-28 21:18:33.994 18971-19773 CCodecBufferChannel     com.tapman104.mpvplayer              D  [c2.mtk.avc.decoder#906] Discard frames from previous generation.
2026-06-28 21:18:33.994 18971-19773 PipelineWatcher         com.tapman104.mpvplayer              D  onWorkDone: frameIndex not found (18446744073709551615); ignored
2026-06-28 21:18:33.994 18971-19773 CCodecBufferChannel     com.tapman104.mpvplayer              D  [c2.mtk.avc.decoder#906] flushed work not feedInput.
2026-06-28 21:18:33.994 18971-19773 CCodecBufferChannel     com.tapman104.mpvplayer              D  [c2.mtk.avc.decoder#906] flushed work; ignored.
2026-06-28 21:18:33.994 18971-19773 CCodecBufferChannel     com.tapman104.mpvplayer              D  [c2.mtk.avc.decoder#906] Discard frames from previous generation.
2026-06-28 21:18:33.994 18971-19773 PipelineWatcher         com.tapman104.mpvplayer              D  onWorkDone: frameIndex not found (18446744073709551615); ignored
2026-06-28 21:18:33.994 18971-19773 CCodecBufferChannel     com.tapman104.mpvplayer              D  [c2.mtk.avc.decoder#906] flushed work not feedInput.
2026-06-28 21:18:33.995 18971-19773 CCodecBufferChannel     com.tapman104.mpvplayer              D  [c2.mtk.avc.decoder#906] flushed work; ignored.
2026-06-28 21:18:33.995 18971-19773 CCodecBufferChannel     com.tapman104.mpvplayer              D  [c2.mtk.avc.decoder#906] Discard frames from previous generation.
2026-06-28 21:18:33.995 18971-19773 PipelineWatcher         com.tapman104.mpvplayer              D  onWorkDone: frameIndex not found (18446744073709551615); ignored
2026-06-28 21:18:33.995 18971-19773 CCodecBufferChannel     com.tapman104.mpvplayer              D  [c2.mtk.avc.decoder#906] flushed work not feedInput.
2026-06-28 21:18:33.995 18971-19503 mpv                     com.tapman104.mpvplayer              V  event: seek
2026-06-28 21:18:33.996 18971-19773 CCodecBufferChannel     com.tapman104.mpvplayer              D  [c2.mtk.avc.decoder#906] flushed work; ignored.
2026-06-28 21:18:33.996 18971-19773 CCodecBufferChannel     com.tapman104.mpvplayer              D  [c2.mtk.avc.decoder#906] Discard frames from previous generation.
2026-06-28 21:18:33.996 18971-19773 PipelineWatcher         com.tapman104.mpvplayer              D  onWorkDone: frameIndex not found (18446744073709551615); ignored
2026-06-28 21:18:33.996 18971-19773 CCodecBufferChannel     com.tapman104.mpvplayer              D  [c2.mtk.avc.decoder#906] flushed work not feedInput.
2026-06-28 21:18:33.996 18971-19503 MpvEventDispatcher      com.tapman104.mpvplayer              D  Received MPV event: 20
2026-06-28 21:18:33.996 18971-19773 CCodecBufferChannel     com.tapman104.mpvplayer              D  [c2.mtk.avc.decoder#906] flushed work; ignored.
2026-06-28 21:18:33.996 18971-19773 CCodecBufferChannel     com.tapman104.mpvplayer              D  [c2.mtk.avc.decoder#906] Discard frames from previous generation.
2026-06-28 21:18:33.996 18971-19773 PipelineWatcher         com.tapman104.mpvplayer              D  onWorkDone: frameIndex not found (18446744073709551615); ignored
2026-06-28 21:18:33.996 18971-19773 CCodecBufferChannel     com.tapman104.mpvplayer              D  [c2.mtk.avc.decoder#906] flushed work not feedInput.
2026-06-28 21:18:33.996 18971-19773 CCodecBufferChannel     com.tapman104.mpvplayer              D  [c2.mtk.avc.decoder#906] flushed work; ignored.
2026-06-28 21:18:33.996 18971-19773 CCodecBufferChannel     com.tapman104.mpvplayer              D  [c2.mtk.avc.decoder#906] Discard frames from previous generation.
2026-06-28 21:18:33.996 18971-19773 PipelineWatcher         com.tapman104.mpvplayer              D  onWorkDone: frameIndex not found (18446744073709551615); ignored
2026-06-28 21:18:33.996 18971-19773 CCodecBufferChannel     com.tapman104.mpvplayer              D  [c2.mtk.avc.decoder#906] flushed work not feedInput.
2026-06-28 21:18:33.996 18971-19503 mpv                     com.tapman104.mpvplayer              V  [cplayer:v] hr-seek, skipping to 315.917000
2026-06-28 21:18:33.999 18971-19773 CCodecBufferChannel     com.tapman104.mpvplayer              D  [c2.mtk.avc.decoder#906] Discard frames from previous generation.
2026-06-28 21:18:33.999 18971-19773 Codec2-Out...ufferQueue com.tapman104.mpvplayer              D  set max dequeue count 19 from update
2026-06-28 21:18:34.000 18971-19772 CCodecBufferChannel     com.tapman104.mpvplayer              D  [c2.mtk.avc.decoder#906] send inputSlots num:8 to codec
2026-06-28 21:18:34.004 18971-19515 CCodecBufferChannel     com.tapman104.mpvplayer              D  [c2.mtk.avc.decoder#906] Ignoring stale input buffer done callback: last flush index = 1832, frameIndex = 1832
2026-06-28 21:18:34.013 18971-19503 mpv                     com.tapman104.mpvplayer              V  [vd:v] Decoder format: 1920x1080 [0:1] mediacodec bt.709/bt.709/bt.1886/limited/auto CL=unknown crop=1920x1080+0+0 A=none
2026-06-28 21:18:34.014 18971-19503 mpv                     com.tapman104.mpvplayer              V  [vd:warn] Setting video-aspect-override to -1 is deprecated.
2026-06-28 21:18:34.014 18971-19503 mpv                     com.tapman104.mpvplayer              V  [vd:warn] Use --video-aspect-override=no --video-aspect-mode=container instead.
2026-06-28 21:18:34.014 18971-19503 mpv                     com.tapman104.mpvplayer              V  [vd:v] Using container aspect ratio.
2026-06-28 21:18:34.101  1024-1024  BufferQueueProducer     surfaceflinger                       I  [com.tapman104.mpvplayer/com.tapman104.mpvplayer.PlayerActivity#9221](this:0xb400007c876687b8,id:-1,api:0,p:-1,c:1024) queueBuffer: fps=62.62 dur=1006.09 max=108.82 min=8.19
2026-06-28 21:18:34.230 18971-19515 PipelineWatcher         com.tapman104.mpvplayer              D  onInputBufferReleased: frameIndex not found (1886); ignored
2026-06-28 21:18:34.548 18971-19503 mpv                     com.tapman104.mpvplayer              V  [cplayer:v] first video frame after restart shown
2026-06-28 21:18:34.549 18971-19503 mpv                     com.tapman104.mpvplayer              V  [cplayer:v] audio ready
2026-06-28 21:18:34.549 18971-19494 AudioTrack              com.tapman104.mpvplayer              D  start(915): 0xb40000727c3e4d10, prior state:STATE_FLUSHED, packageName: com.tapman104.mpvplayer
2026-06-28 21:18:34.549 18971-19503 mpv                     com.tapman104.mpvplayer              V  [cplayer:v] starting audio playback
2026-06-28 21:18:34.554  1024-1024  BufferQueueProducer     surfaceflinger                       I  [b44ccc7 SurfaceView[com.tapman104.mpvplayer/com.tapman104.mpvplayer.PlayerActivity](BLAST)#9226](this:0xb400007c873e2108,id:-1,api:0,p:-1,c:1024) queueBuffer: fps=3.61 dur=1383.34 max=578.59 min=67.06
2026-06-28 21:18:34.573  1624-2324  AppOps                  system_server                        E  attributionTag  not declared in manifest of com.tapman104.mpvplayer
2026-06-28 21:18:34.576  1624-2324  AppOps                  system_server                        E  attributionTag  not declared in manifest of com.tapman104.mpvplayer
2026-06-28 21:18:34.578 18971-19503 mpv                     com.tapman104.mpvplayer              V  event: playback-restart
2026-06-28 21:18:34.578 18971-19503 MpvEventDispatcher      com.tapman104.mpvplayer              D  Received MPV event: 21
2026-06-28 21:18:34.579 18971-19503 mpv                     com.tapman104.mpvplayer              V  [cplayer:v] playback restart complete @ 315.948000, audio=playing, video=playing
2026-06-28 21:18:34.582 18971-19503 mpv                     com.tapman104.mpvplayer              V  [cplayer:warn] Audio device underrun detected.
2026-06-28 21:18:34.582 18971-19503 mpv                     com.tapman104.mpvplayer              V  [cplayer:v] restarting audio after underrun
2026-06-28 21:18:34.675  2233-11032 DetectSceneService      com.nothing.audioeffect              D  pid = 18971 processName = com.tapman104.mpvplayer
2026-06-28 21:18:34.961 18971-19795 AudioTrack              com.tapman104.mpvplayer              D  updateStateToService: AudioTrackStatus state:0
2026-06-28 21:18:34.962  1624-2324  AS.AudioService         system_server                        D  AudioTrackStatus: pid = 18971; uid = 10273; sessionId = 1113; streamType = 3; state = 0; pkgName = com.tapman104.mpvplayer
2026-06-28 21:18:34.962  1624-2324  NtAudioGlyphServiceImpl system_server                        D  addAudioLightRequest for uid:10273 pid:18971 pkgName:com.tapman104.mpvplayer audioType:3 addby: 2 sessionId:1113 with lightId:107 csvId:-1 noAudio:false
2026-06-28 21:18:34.962  1624-2324  NtAudioGlyphServiceImpl system_server                        D  AudioLightRequests[1]+ AudioLightRequest@81f6802{Id:107,uid:10273,pid:18971,noAudio:false,csvId:-1,pkg:com.tapman104.mpvplayer,session:-1,addby:2}
2026-06-28 21:18:34.962  1624-2324  AS.AudioService         system_server                        D  [reportAudioTrackStatusChanged]start broadcast, pid = 18971, uid = 10273, status = 0, streamType = 3, pkgName = com.tapman104.mpvplayer, sessionId = 1113
2026-06-28 21:18:35.107  1024-1024  BufferQueueProducer     surfaceflinger                       I  [com.tapman104.mpvplayer/com.tapman104.mpvplayer.PlayerActivity#9221](this:0xb400007c876687b8,id:-1,api:0,p:-1,c:1024) queueBuffer: fps=67.59 dur=1005.99 max=435.99 min=7.99
2026-06-28 21:18:35.577  1024-1024  BufferQueueProducer     surfaceflinger                       I  [b44ccc7 SurfaceView[com.tapman104.mpvplayer/com.tapman104.mpvplayer.PlayerActivity](BLAST)#9226](this:0xb400007c873e2108,id:-1,api:0,p:-1,c:1024) queueBuffer: fps=15.64 dur=1022.78 max=217.79 min=8.46
2026-06-28 21:18:36.323  1024-1024  BufferQueueProducer     surfaceflinger                       I  [com.tapman104.mpvplayer/com.tapman104.mpvplayer.PlayerActivity#9221](this:0xb400007c876687b8,id:-1,api:0,p:-1,c:1024) queueBuffer: fps=4.11 dur=1215.72 max=1173.81 min=8.32
2026-06-28 21:18:36.583  1024-1024  BufferQueueProducer     surfaceflinger                       I  [b44ccc7 SurfaceView[com.tapman104.mpvplayer/com.tapman104.mpvplayer.PlayerActivity](BLAST)#9226](this:0xb400007c873e2108,id:-1,api:0,p:-1,c:1024) queueBuffer: fps=23.86 dur=1005.95 max=58.85 min=33.44
2026-06-28 21:18:36.830 18971-19493 AudioTrack              com.tapman104.mpvplayer              D  pause(915): 0xb40000727c3e4d10, prior state:STATE_ACTIVE, packageName: com.tapman104.mpvplayer
2026-06-28 21:18:36.830 18971-19493 AudioTrackShared        com.tapman104.mpvplayer              D  this(0xb4000071ec57b6d0), mCblk(0x70d42f0000), front(2908384), mIsOut 1, interrupt() FUTEX_WAKE
2026-06-28 21:18:36.831  1624-2324  AppOps                  system_server                        E  attributionTag  not declared in manifest of com.tapman104.mpvplayer
2026-06-28 21:18:36.832  1624-2324  AppOps                  system_server                        E  attributionTag  not declared in manifest of com.tapman104.mpvplayer
2026-06-28 21:18:36.832 18971-19493 AudioTrack              com.tapman104.mpvplayer              D  updateStateToService: AudioTrackStatus state:2
2026-06-28 21:18:36.833  1624-2324  AS.AudioService         system_server                        D  AudioTrackStatus: pid = 18971; uid = 10273; sessionId = 1113; streamType = 3; state = 2; pkgName = com.tapman104.mpvplayer
2026-06-28 21:18:36.834 18971-19493 AudioTrack              com.tapman104.mpvplayer              D  flush(915): 0xb40000727c3e4d10, prior state:STATE_PAUSED, packageName: com.tapman104.mpvplayer
2026-06-28 21:18:36.834 18971-19493 AudioTrack              com.tapman104.mpvplayer              D  updateStateToService: AudioTrackStatus state:4
2026-06-28 21:18:36.836  1624-2324  AS.AudioService         system_server                        D  AudioTrackStatus: pid = 18971; uid = 10273; sessionId = 1113; streamType = 3; state = 4; pkgName = com.tapman104.mpvplayer
2026-06-28 21:18:36.836 18971-19503 mpv                     com.tapman104.mpvplayer              V  [cplayer:v] Set property: pause=true -> 1
2026-06-28 21:18:36.943   991-1028  MTK_APPList             ven...ower_applist-service.mediatek  I  [notifyAPPstate] com.tapman104.mpvplayer/com.tapman104.mpvplayer.PlayerActivity, pid=18971, uid=10273, state:FPS_UPDATED, fps:-1, win:0
2026-06-28 21:18:36.943   991-1028  MTK_APPList             ven...ower_applist-service.mediatek  I  [notifyAPPstate] multi_resumed_app_info[0] com.tapman104.mpvplayer/com.tapman104.mpvplayer.PlayerActivity, pid:18971, fps:-1, isMultiWindow:0
2026-06-28 21:18:37.214  1624-2025  NtAudioGlyphServiceImpl system_server                        D  onAudioTrackStop request:AudioLightRequest@81f6802{Id:107,uid:10273,pid:18971,noAudio:false,csvId:-1,pkg:com.tapman104.mpvplayer,session:1113,addby:2}
2026-06-28 21:18:37.215  1624-2025  NtAudioGlyphServiceImpl system_server                        D  AudioLightRequests[0]- AudioLightRequest@81f6802{Id:107,uid:10273,pid:18971,noAudio:false,csvId:-1,pkg:com.tapman104.mpvplayer,session:1113,addby:2}
2026-06-28 21:18:37.216  1624-2025  NtAudioGlyphServiceImpl system_server                        D  onAudioTrackStop request:AudioLightRequest@81f6802{Id:107,uid:10273,pid:18971,noAudio:false,csvId:-1,pkg:com.tapman104.mpvplayer,session:1113,addby:2}
2026-06-28 21:18:37.216  1624-2025  NtAudioGlyphServiceImpl system_server                        D  AudioLightRequests[0]- AudioLightRequest@81f6802{Id:107,uid:10273,pid:18971,noAudio:false,csvId:-1,pkg:com.tapman104.mpvplayer,session:1113,addby:2}
2026-06-28 21:18:37.329  1024-1024  BufferQueueProducer     surfaceflinger                       I  [com.tapman104.mpvplayer/com.tapman104.mpvplayer.PlayerActivity#9221](this:0xb400007c876687b8,id:-1,api:0,p:-1,c:1024) queueBuffer: fps=101.39 dur=1005.97 max=84.05 min=8.03
2026-06-28 21:18:38.819 18971-19503 mpv                     com.tapman104.mpvplayer              V  [mkv:v] queuing seek to 309.697000
2026-06-28 21:18:38.820 18971-19494 AudioTrack              com.tapman104.mpvplayer              D  pause(915): 0xb40000727c3e4d10, prior state:STATE_FLUSHED, packageName: com.tapman104.mpvplayer
2026-06-28 21:18:38.820 18971-19494 AudioTrack              com.tapman104.mpvplayer              D  flush(915): 0xb40000727c3e4d10, prior state:STATE_FLUSHED, packageName: com.tapman104.mpvplayer
2026-06-28 21:18:38.822 18971-19503 mpv                     com.tapman104.mpvplayer              V  [mkv:v] cached range 0: 949.247000 <-> 968.516000 (bof=0, eof=0)
2026-06-28 21:18:38.823 18971-19494 AudioTrack              com.tapman104.mpvplayer              D  updateStateToService: AudioTrackStatus state:4
2026-06-28 21:18:38.823 18971-19772 MediaCodec              com.tapman104.mpvplayer              D  [0xb4000072dc5031d0] setState: 7
2026-06-28 21:18:38.823 18971-19503 mpv                     com.tapman104.mpvplayer              V  [mkv:v] cached range 1: 189.196000 <-> 668.425000 (bof=0, eof=0)
2026-06-28 21:18:38.824 18971-19503 mpv                     com.tapman104.mpvplayer              V  [mkv:v] ...using this range for in-cache seek.
2026-06-28 21:18:38.825  1624-2324  AS.AudioService         system_server                        D  AudioTrackStatus: pid = 18971; uid = 10273; sessionId = 1113; streamType = 3; state = 4; pkgName = com.tapman104.mpvplayer
2026-06-28 21:18:38.825 18971-19503 mpv                     com.tapman104.mpvplayer              V  [mkv:v] seeking stream 0 (video) to packet 307.147000/-9223372036854775808.000000
2026-06-28 21:18:38.825 18971-19503 mpv                     com.tapman104.mpvplayer              V  [mkv:v] seeking stream 1 (audio) to packet 309.673500/-9223372036854775808.000000
2026-06-28 21:18:38.826 18971-19503 mpv                     com.tapman104.mpvplayer              V  [mkv:v] seeking stream 2 (sub) to packet 304.147000/-9223372036854775808.000000
2026-06-28 21:18:38.828  1624-1648  WindowManager           system_server                        D  update navigation bar window=Window{74264ff u0 com.tapman104.mpvplayer/com.tapman104.mpvplayer.PlayerActivity}, disableFlags=0, appearance=0, this=com.android.server.wm.DisplayPolicy@6d31977
2026-06-28 21:18:38.835 18971-19324 PowerHalMgrImpl         com.tapman104.mpvplayer              I  hdl:14909, pid:18971 
2026-06-28 21:18:38.845 18971-19773 PipelineWatcher         com.tapman104.mpvplayer              D  onWorkDone: frameIndex not found (18446744073709551615); ignored
2026-06-28 21:18:38.845 18971-19773 PipelineWatcher         com.tapman104.mpvplayer              D  onWorkDone: frameIndex not found (18446744073709551615); ignored
2026-06-28 21:18:38.845 18971-19773 PipelineWatcher         com.tapman104.mpvplayer              D  onWorkDone: frameIndex not found (18446744073709551615); ignored
2026-06-28 21:18:38.845 18971-19773 PipelineWatcher         com.tapman104.mpvplayer              D  onWorkDone: frameIndex not found (18446744073709551615); ignored
2026-06-28 21:18:38.845 18971-19773 PipelineWatcher         com.tapman104.mpvplayer              D  onWorkDone: frameIndex not found (18446744073709551615); ignored
2026-06-28 21:18:38.845 18971-19773 PipelineWatcher         com.tapman104.mpvplayer              D  onWorkDone: frameIndex not found (18446744073709551615); ignored
2026-06-28 21:18:38.845 18971-19773 PipelineWatcher         com.tapman104.mpvplayer              D  onWorkDone: frameIndex not found (18446744073709551615); ignored
2026-06-28 21:18:38.845 18971-19773 PipelineWatcher         com.tapman104.mpvplayer              D  onWorkDone: frameIndex not found (18446744073709551615); ignored
2026-06-28 21:18:38.845 18971-19773 PipelineWatcher         com.tapman104.mpvplayer              D  onWorkDone: frameIndex not found (18446744073709551615); ignored
2026-06-28 21:18:38.845 18971-19773 PipelineWatcher         com.tapman104.mpvplayer              D  onWorkDone: frameIndex not found (18446744073709551615); ignored
2026-06-28 21:18:38.845 18971-19772 MediaCodec              com.tapman104.mpvplayer              D  [0xb4000072dc5031d0] setState: 6
2026-06-28 21:18:38.846 18971-19772 CCodecConfig            com.tapman104.mpvplayer              I  query failed after returning 19 values (BAD_INDEX)
2026-06-28 21:18:38.847  1024-1024  BufferQueueProducer     surfaceflinger                       I  [com.tapman104.mpvplayer/com.tapman104.mpvplayer.PlayerActivity#9221](this:0xb400007c876687b8,id:-1,api:0,p:-1,c:1024) queueBuffer: fps=24.38 dur=1517.83 max=1216.17 min=8.08
2026-06-28 21:18:38.847 18971-19772 Codec2Client            com.tapman104.mpvplayer              W  query -- param skipped: index = 1342179345.
2026-06-28 21:18:38.847 18971-19772 Codec2Client            com.tapman104.mpvplayer              W  query -- param skipped: index = 2415921170.
2026-06-28 21:18:38.847 18971-19772 Codec2Client            com.tapman104.mpvplayer              W  query -- param skipped: index = 1610614798.
2026-06-28 21:18:38.848 18971-19772 MediaCodec              com.tapman104.mpvplayer              D  [0xb4000072dc5031d0] setState: 7
2026-06-28 21:18:38.852 18971-19773 PipelineWatcher         com.tapman104.mpvplayer              D  onWorkDone: frameIndex not found (18446744073709551615); ignored
2026-06-28 21:18:38.852 18971-19773 CCodecBufferChannel     com.tapman104.mpvplayer              D  [c2.mtk.avc.decoder#906] flushed work; ignored.
2026-06-28 21:18:38.852 18971-19773 CCodecBufferChannel     com.tapman104.mpvplayer              D  [c2.mtk.avc.decoder#906] Discard frames from previous generation.
2026-06-28 21:18:38.852 18971-19773 PipelineWatcher         com.tapman104.mpvplayer              D  onWorkDone: frameIndex not found (18446744073709551615); ignored
2026-06-28 21:18:38.852 18971-19773 CCodecBufferChannel     com.tapman104.mpvplayer              D  [c2.mtk.avc.decoder#906] flushed work not feedInput.
2026-06-28 21:18:38.852 18971-19772 MediaCodec              com.tapman104.mpvplayer              D  [0xb4000072dc5031d0] setState: 6
2026-06-28 21:18:38.853 18971-19772 CCodecConfig            com.tapman104.mpvplayer              I  query failed after returning 19 values (BAD_INDEX)
