2026-06-28 21:18:38.853 18971-19773 CCodecBufferChannel     com.tapman104.mpvplayer              D  [c2.mtk.avc.decoder#906] flushed work; ignored.
2026-06-28 21:18:38.853 18971-19773 CCodecBufferChannel     com.tapman104.mpvplayer              D  [c2.mtk.avc.decoder#906] Discard frames from previous generation.
2026-06-28 21:18:38.853 18971-19773 PipelineWatcher         com.tapman104.mpvplayer              D  onWorkDone: frameIndex not found (18446744073709551615); ignored
2026-06-28 21:18:38.853 18971-19773 CCodecBufferChannel     com.tapman104.mpvplayer              D  [c2.mtk.avc.decoder#906] flushed work not feedInput.
2026-06-28 21:18:38.854 18971-19772 Codec2Client            com.tapman104.mpvplayer              W  query -- param skipped: index = 1342179345.
2026-06-28 21:18:38.854 18971-19772 Codec2Client            com.tapman104.mpvplayer              W  query -- param skipped: index = 2415921170.
2026-06-28 21:18:38.854 18971-19772 Codec2Client            com.tapman104.mpvplayer              W  query -- param skipped: index = 1610614798.
2026-06-28 21:18:38.854 18971-19773 CCodecBufferChannel     com.tapman104.mpvplayer              D  [c2.mtk.avc.decoder#906] flushed work; ignored.
2026-06-28 21:18:38.854 18971-19773 CCodecBufferChannel     com.tapman104.mpvplayer              D  [c2.mtk.avc.decoder#906] Discard frames from previous generation.
2026-06-28 21:18:38.854 18971-19773 PipelineWatcher         com.tapman104.mpvplayer              D  onWorkDone: frameIndex not found (18446744073709551615); ignored
2026-06-28 21:18:38.854 18971-19773 CCodecBufferChannel     com.tapman104.mpvplayer              D  [c2.mtk.avc.decoder#906] flushed work not feedInput.
2026-06-28 21:18:38.854 18971-19773 CCodecBufferChannel     com.tapman104.mpvplayer              D  [c2.mtk.avc.decoder#906] flushed work; ignored.
2026-06-28 21:18:38.854 18971-19773 CCodecBufferChannel     com.tapman104.mpvplayer              D  [c2.mtk.avc.decoder#906] Discard frames from previous generation.
2026-06-28 21:18:38.854 18971-19773 PipelineWatcher         com.tapman104.mpvplayer              D  onWorkDone: frameIndex not found (18446744073709551615); ignored
2026-06-28 21:18:38.854 18971-19773 CCodecBufferChannel     com.tapman104.mpvplayer              D  [c2.mtk.avc.decoder#906] flushed work not feedInput.
2026-06-28 21:18:38.854 18971-19773 CCodecBufferChannel     com.tapman104.mpvplayer              D  [c2.mtk.avc.decoder#906] flushed work; ignored.
2026-06-28 21:18:38.854 18971-19773 CCodecBufferChannel     com.tapman104.mpvplayer              D  [c2.mtk.avc.decoder#906] Discard frames from previous generation.
2026-06-28 21:18:38.854 18971-19773 PipelineWatcher         com.tapman104.mpvplayer              D  onWorkDone: frameIndex not found (18446744073709551615); ignored
2026-06-28 21:18:38.854 18971-19773 CCodecBufferChannel     com.tapman104.mpvplayer              D  [c2.mtk.avc.decoder#906] flushed work not feedInput.
2026-06-28 21:18:38.854 18971-19773 CCodecBufferChannel     com.tapman104.mpvplayer              D  [c2.mtk.avc.decoder#906] flushed work; ignored.
2026-06-28 21:18:38.854 18971-19773 CCodecBufferChannel     com.tapman104.mpvplayer              D  [c2.mtk.avc.decoder#906] Discard frames from previous generation.
2026-06-28 21:18:38.854 18971-19773 PipelineWatcher         com.tapman104.mpvplayer              D  onWorkDone: frameIndex not found (18446744073709551615); ignored
2026-06-28 21:18:38.854 18971-19773 CCodecBufferChannel     com.tapman104.mpvplayer              D  [c2.mtk.avc.decoder#906] flushed work not feedInput.
2026-06-28 21:18:38.855 18971-19503 mpv                     com.tapman104.mpvplayer              V  event: seek
2026-06-28 21:18:38.856 18971-19773 CCodecBufferChannel     com.tapman104.mpvplayer              D  [c2.mtk.avc.decoder#906] flushed work; ignored.
2026-06-28 21:18:38.856 18971-19773 CCodecBufferChannel     com.tapman104.mpvplayer              D  [c2.mtk.avc.decoder#906] Discard frames from previous generation.
2026-06-28 21:18:38.856 18971-19773 PipelineWatcher         com.tapman104.mpvplayer              D  onWorkDone: frameIndex not found (18446744073709551615); ignored
2026-06-28 21:18:38.856 18971-19773 CCodecBufferChannel     com.tapman104.mpvplayer              D  [c2.mtk.avc.decoder#906] flushed work not feedInput.
2026-06-28 21:18:38.856 18971-19773 CCodecBufferChannel     com.tapman104.mpvplayer              D  [c2.mtk.avc.decoder#906] flushed work; ignored.
2026-06-28 21:18:38.856 18971-19773 CCodecBufferChannel     com.tapman104.mpvplayer              D  [c2.mtk.avc.decoder#906] Discard frames from previous generation.
2026-06-28 21:18:38.856 18971-19773 PipelineWatcher         com.tapman104.mpvplayer              D  onWorkDone: frameIndex not found (18446744073709551615); ignored
2026-06-28 21:18:38.856 18971-19773 CCodecBufferChannel     com.tapman104.mpvplayer              D  [c2.mtk.avc.decoder#906] flushed work not feedInput.
2026-06-28 21:18:38.856 18971-19773 CCodecBufferChannel     com.tapman104.mpvplayer              D  [c2.mtk.avc.decoder#906] flushed work; ignored.
2026-06-28 21:18:38.856 18971-19773 CCodecBufferChannel     com.tapman104.mpvplayer              D  [c2.mtk.avc.decoder#906] Discard frames from previous generation.
2026-06-28 21:18:38.856 18971-19773 PipelineWatcher         com.tapman104.mpvplayer              D  onWorkDone: frameIndex not found (18446744073709551615); ignored
2026-06-28 21:18:38.856 18971-19773 CCodecBufferChannel     com.tapman104.mpvplayer              D  [c2.mtk.avc.decoder#906] flushed work not feedInput.
2026-06-28 21:18:38.857 18971-19503 MpvEventDispatcher      com.tapman104.mpvplayer              D  Received MPV event: 20
2026-06-28 21:18:38.857 18971-19503 mpv                     com.tapman104.mpvplayer              V  [cplayer:v] hr-seek, skipping to 309.697000
2026-06-28 21:18:38.860 18971-19773 CCodecBufferChannel     com.tapman104.mpvplayer              D  [c2.mtk.avc.decoder#906] Discard frames from previous generation.
2026-06-28 21:18:38.861 18971-19773 Codec2-Out...ufferQueue com.tapman104.mpvplayer              D  set max dequeue count 19 from update
2026-06-28 21:18:38.862 18971-19772 CCodecBufferChannel     com.tapman104.mpvplayer              D  [c2.mtk.avc.decoder#906] send inputSlots num:8 to codec
2026-06-28 21:18:38.865 18971-19515 CCodecBufferChannel     com.tapman104.mpvplayer              D  [c2.mtk.avc.decoder#906] Ignoring stale input buffer done callback: last flush index = 2010, frameIndex = 2010
2026-06-28 21:18:38.874 18971-19503 mpv                     com.tapman104.mpvplayer              V  [vd:v] Decoder format: 1920x1080 [0:1] mediacodec bt.709/bt.709/bt.1886/limited/auto CL=unknown crop=1920x1080+0+0 A=none
2026-06-28 21:18:38.874 18971-19503 mpv                     com.tapman104.mpvplayer              V  [vd:warn] Setting video-aspect-override to -1 is deprecated.
2026-06-28 21:18:38.874 18971-19503 mpv                     com.tapman104.mpvplayer              V  [vd:warn] Use --video-aspect-override=no --video-aspect-mode=container instead.
2026-06-28 21:18:38.874 18971-19503 mpv                     com.tapman104.mpvplayer              V  [vd:v] Using container aspect ratio.
2026-06-28 21:18:38.889 18971-18971 ScrollIdentify          com.tapman104.mpvplayer              I  on fling
2026-06-28 21:18:38.904 18971-19515 PipelineWatcher         com.tapman104.mpvplayer              D  onInputBufferReleased: frameIndex not found (2019); ignored
2026-06-28 21:18:38.944   991-1028  MTK_APPList             ven...ower_applist-service.mediatek  I  [notifyAPPstate] com.tapman104.mpvplayer/com.tapman104.mpvplayer.PlayerActivity, pid=18971, uid=10273, state:FPS_UPDATED, fps:120, win:0
2026-06-28 21:18:38.944   991-1028  MTK_APPList             ven...ower_applist-service.mediatek  I  [notifyAPPstate] multi_resumed_app_info[0] com.tapman104.mpvplayer/com.tapman104.mpvplayer.PlayerActivity, pid:18971, fps:120, isMultiWindow:0
2026-06-28 21:18:39.128 18971-19503 mpv                     com.tapman104.mpvplayer              V  [mkv:warn] Too many packets in the demuxer packet queues:
2026-06-28 21:18:39.131 18971-19503 mpv                     com.tapman104.mpvplayer              V  [mkv:warn]   video/0: 8646 packets, 36132224 bytes (refreshing)
2026-06-28 21:18:39.136 18971-19503 mpv                     com.tapman104.mpvplayer              V  [mkv:warn]   audio/1: 18051 packets, 12804288 bytes (refreshing)
2026-06-28 21:18:39.136 18971-19503 mpv                     com.tapman104.mpvplayer              V  [mkv:warn]   sub/2: 53 packets, 32352 bytes (lazy) (refreshing)
2026-06-28 21:18:39.141 18971-19503 mpv                     com.tapman104.mpvplayer              V  [cplayer:v] first video frame after restart shown
2026-06-28 21:18:39.141  1024-1024  BufferQueueProducer     surfaceflinger                       I  [b44ccc7 SurfaceView[com.tapman104.mpvplayer/com.tapman104.mpvplayer.PlayerActivity](BLAST)#9226](this:0xb400007c873e2108,id:-1,api:0,p:-1,c:1024) queueBuffer: fps=3.13 dur=2558.91 max=2273.95 min=33.52
2026-06-28 21:18:39.142 18971-19503 mpv                     com.tapman104.mpvplayer              V  [cplayer:v] audio ready
2026-06-28 21:18:39.142 18971-19494 AudioTrack              com.tapman104.mpvplayer              D  pause(915): 0xb40000727c3e4d10, prior state:STATE_FLUSHED, packageName: com.tapman104.mpvplayer
2026-06-28 21:18:39.142 18971-19494 AudioTrack              com.tapman104.mpvplayer              D  flush(915): 0xb40000727c3e4d10, prior state:STATE_FLUSHED, packageName: com.tapman104.mpvplayer
2026-06-28 21:18:39.142 18971-19494 AudioTrack              com.tapman104.mpvplayer              D  updateStateToService: AudioTrackStatus state:4
2026-06-28 21:18:39.143 18971-19503 mpv                     com.tapman104.mpvplayer              V  [mkv:v] queuing seek to 295.515000
2026-06-28 21:18:39.143 18971-19503 mpv                     com.tapman104.mpvplayer              V  [mkv:v] cached range 0: 949.247000 <-> 968.516000 (bof=0, eof=0)
2026-06-28 21:18:39.144 18971-19503 mpv                     com.tapman104.mpvplayer              V  [mkv:v] cached range 1: 189.196000 <-> 668.425000 (bof=0, eof=0)
2026-06-28 21:18:39.144 18971-19772 MediaCodec              com.tapman104.mpvplayer              D  [0xb4000072dc5031d0] setState: 7
2026-06-28 21:18:39.144 18971-19503 mpv                     com.tapman104.mpvplayer              V  [mkv:v] ...using this range for in-cache seek.
2026-06-28 21:18:39.145 18971-19503 mpv                     com.tapman104.mpvplayer              V  [mkv:v] seeking stream 0 (video) to packet 295.219000/-9223372036854775808.000000
2026-06-28 21:18:39.145 18971-19503 mpv                     com.tapman104.mpvplayer              V  [mkv:v] seeking stream 1 (audio) to packet 295.493500/-9223372036854775808.000000
2026-06-28 21:18:39.145  1624-2325  AS.AudioService         system_server                        D  AudioTrackStatus: pid = 18971; uid = 10273; sessionId = 1113; streamType = 3; state = 4; pkgName = com.tapman104.mpvplayer
2026-06-28 21:18:39.145 18971-19503 mpv                     com.tapman104.mpvplayer              V  [mkv:v] seeking stream 2 (sub) to packet 293.027000/-9223372036854775808.000000
2026-06-28 21:18:39.153 18971-19773 PipelineWatcher         com.tapman104.mpvplayer              D  onWorkDone: frameIndex not found (18446744073709551615); ignored
2026-06-28 21:18:39.153 18971-19773 PipelineWatcher         com.tapman104.mpvplayer              D  onWorkDone: frameIndex not found (18446744073709551615); ignored
2026-06-28 21:18:39.153 18971-19773 PipelineWatcher         com.tapman104.mpvplayer              D  onWorkDone: frameIndex not found (18446744073709551615); ignored
2026-06-28 21:18:39.153 18971-19773 PipelineWatcher         com.tapman104.mpvplayer              D  onWorkDone: frameIndex not found (18446744073709551615); ignored
2026-06-28 21:18:39.153 18971-19773 PipelineWatcher         com.tapman104.mpvplayer              D  onWorkDone: frameIndex not found (18446744073709551615); ignored
2026-06-28 21:18:39.153 18971-19773 PipelineWatcher         com.tapman104.mpvplayer              D  onWorkDone: frameIndex not found (18446744073709551615); ignored
2026-06-28 21:18:39.153 18971-19773 PipelineWatcher         com.tapman104.mpvplayer              D  onWorkDone: frameIndex not found (18446744073709551615); ignored
2026-06-28 21:18:39.153 18971-19773 PipelineWatcher         com.tapman104.mpvplayer              D  onWorkDone: frameIndex not found (18446744073709551615); ignored
2026-06-28 21:18:39.153 18971-19773 PipelineWatcher         com.tapman104.mpvplayer              D  onWorkDone: frameIndex not found (18446744073709551615); ignored
2026-06-28 21:18:39.153 18971-19773 PipelineWatcher         com.tapman104.mpvplayer              D  onWorkDone: frameIndex not found (18446744073709551615); ignored
2026-06-28 21:18:39.153 18971-19772 MediaCodec              com.tapman104.mpvplayer              D  [0xb4000072dc5031d0] setState: 6
2026-06-28 21:18:39.154 18971-19772 CCodecConfig            com.tapman104.mpvplayer              I  query failed after returning 19 values (BAD_INDEX)
2026-06-28 21:18:39.154 18971-19772 Codec2Client            com.tapman104.mpvplayer              W  query -- param skipped: index = 1342179345.
2026-06-28 21:18:39.154 18971-19772 Codec2Client            com.tapman104.mpvplayer              W  query -- param skipped: index = 2415921170.
2026-06-28 21:18:39.155 18971-19772 Codec2Client            com.tapman104.mpvplayer              W  query -- param skipped: index = 1610614798.
2026-06-28 21:18:39.155 18971-19772 MediaCodec              com.tapman104.mpvplayer              D  [0xb4000072dc5031d0] setState: 7
2026-06-28 21:18:39.159 18971-19773 PipelineWatcher         com.tapman104.mpvplayer              D  onWorkDone: frameIndex not found (18446744073709551615); ignored
2026-06-28 21:18:39.159 18971-19773 PipelineWatcher         com.tapman104.mpvplayer              D  onWorkDone: frameIndex not found (18446744073709551615); ignored
2026-06-28 21:18:39.159 18971-19773 PipelineWatcher         com.tapman104.mpvplayer              D  onWorkDone: frameIndex not found (18446744073709551615); ignored
2026-06-28 21:18:39.159 18971-19772 MediaCodec              com.tapman104.mpvplayer              D  [0xb4000072dc5031d0] setState: 6
2026-06-28 21:18:39.160 18971-19772 CCodecConfig            com.tapman104.mpvplayer              I  query failed after returning 19 values (BAD_INDEX)
2026-06-28 21:18:39.160 18971-19773 CCodecBufferChannel     com.tapman104.mpvplayer              D  [c2.mtk.avc.decoder#906] flushed work; ignored.
2026-06-28 21:18:39.160 18971-19773 CCodecBufferChannel     com.tapman104.mpvplayer              D  [c2.mtk.avc.decoder#906] Discard frames from previous generation.
2026-06-28 21:18:39.161 18971-19773 PipelineWatcher         com.tapman104.mpvplayer              D  onWorkDone: frameIndex not found (18446744073709551615); ignored
2026-06-28 21:18:39.161 18971-19773 CCodecBufferChannel     com.tapman104.mpvplayer              D  [c2.mtk.avc.decoder#906] flushed work not feedInput.
2026-06-28 21:18:39.161 18971-19773 CCodecBufferChannel     com.tapman104.mpvplayer              D  [c2.mtk.avc.decoder#906] flushed work; ignored.
2026-06-28 21:18:39.161 18971-19773 CCodecBufferChannel     com.tapman104.mpvplayer              D  [c2.mtk.avc.decoder#906] Discard frames from previous generation.
2026-06-28 21:18:39.161 18971-19773 PipelineWatcher         com.tapman104.mpvplayer              D  onWorkDone: frameIndex not found (18446744073709551615); ignored
2026-06-28 21:18:39.161 18971-19773 CCodecBufferChannel     com.tapman104.mpvplayer              D  [c2.mtk.avc.decoder#906] flushed work not feedInput.
2026-06-28 21:18:39.161 18971-19773 CCodecBufferChannel     com.tapman104.mpvplayer              D  [c2.mtk.avc.decoder#906] flushed work; ignored.
2026-06-28 21:18:39.161 18971-19773 CCodecBufferChannel     com.tapman104.mpvplayer              D  [c2.mtk.avc.decoder#906] Discard frames from previous generation.
2026-06-28 21:18:39.162 18971-19773 PipelineWatcher         com.tapman104.mpvplayer              D  onWorkDone: frameIndex not found (18446744073709551615); ignored
2026-06-28 21:18:39.162 18971-19773 CCodecBufferChannel     com.tapman104.mpvplayer              D  [c2.mtk.avc.decoder#906] flushed work not feedInput.
2026-06-28 21:18:39.162 18971-19773 CCodecBufferChannel     com.tapman104.mpvplayer              D  [c2.mtk.avc.decoder#906] flushed work; ignored.
2026-06-28 21:18:39.162 18971-19773 CCodecBufferChannel     com.tapman104.mpvplayer              D  [c2.mtk.avc.decoder#906] Discard frames from previous generation.
2026-06-28 21:18:39.162 18971-19773 PipelineWatcher         com.tapman104.mpvplayer              D  onWorkDone: frameIndex not found (18446744073709551615); ignored
2026-06-28 21:18:39.162 18971-19773 CCodecBufferChannel     com.tapman104.mpvplayer              D  [c2.mtk.avc.decoder#906] flushed work not feedInput.
2026-06-28 21:18:39.162 18971-19773 CCodecBufferChannel     com.tapman104.mpvplayer              D  [c2.mtk.avc.decoder#906] flushed work; ignored.
2026-06-28 21:18:39.162 18971-19773 CCodecBufferChannel     com.tapman104.mpvplayer              D  [c2.mtk.avc.decoder#906] Discard frames from previous generation.
2026-06-28 21:18:39.162 18971-19773 PipelineWatcher         com.tapman104.mpvplayer              D  onWorkDone: frameIndex not found (18446744073709551615); ignored
2026-06-28 21:18:39.162 18971-19773 CCodecBufferChannel     com.tapman104.mpvplayer              D  [c2.mtk.avc.decoder#906] flushed work not feedInput.
2026-06-28 21:18:39.162 18971-19773 CCodecBufferChannel     com.tapman104.mpvplayer              D  [c2.mtk.avc.decoder#906] flushed work; ignored.
2026-06-28 21:18:39.162 18971-19773 CCodecBufferChannel     com.tapman104.mpvplayer              D  [c2.mtk.avc.decoder#906] Discard frames from previous generation.
2026-06-28 21:18:39.162 18971-19773 PipelineWatcher         com.tapman104.mpvplayer              D  onWorkDone: frameIndex not found (18446744073709551615); ignored
2026-06-28 21:18:39.162 18971-19773 CCodecBufferChannel     com.tapman104.mpvplayer              D  [c2.mtk.avc.decoder#906] flushed work not feedInput.
2026-06-28 21:18:39.162 18971-19773 CCodecBufferChannel     com.tapman104.mpvplayer              D  [c2.mtk.avc.decoder#906] flushed work; ignored.
2026-06-28 21:18:39.162 18971-19773 CCodecBufferChannel     com.tapman104.mpvplayer              D  [c2.mtk.avc.decoder#906] Discard frames from previous generation.
2026-06-28 21:18:39.162 18971-19773 PipelineWatcher         com.tapman104.mpvplayer              D  onWorkDone: frameIndex not found (18446744073709551615); ignored
2026-06-28 21:18:39.162 18971-19773 CCodecBufferChannel     com.tapman104.mpvplayer              D  [c2.mtk.avc.decoder#906] flushed work not feedInput.
2026-06-28 21:18:39.162 18971-19772 Codec2Client            com.tapman104.mpvplayer              W  query -- param skipped: index = 1342179345.
2026-06-28 21:18:39.162 18971-19772 Codec2Client            com.tapman104.mpvplayer              W  query -- param skipped: index = 2415921170.
2026-06-28 21:18:39.162 18971-19772 Codec2Client            com.tapman104.mpvplayer              W  query -- param skipped: index = 1610614798.
2026-06-28 21:18:39.164 18971-19503 mpv                     com.tapman104.mpvplayer              V  event: seek
2026-06-28 21:18:39.164 18971-19503 MpvEventDispatcher      com.tapman104.mpvplayer              D  Received MPV event: 20
2026-06-28 21:18:39.165 18971-19503 mpv                     com.tapman104.mpvplayer              V  [cplayer:v] hr-seek, skipping to 295.515000
2026-06-28 21:18:39.167 18971-19773 CCodecBufferChannel     com.tapman104.mpvplayer              D  [c2.mtk.avc.decoder#906] Discard frames from previous generation.
2026-06-28 21:18:39.167 18971-19773 Codec2-Out...ufferQueue com.tapman104.mpvplayer              D  set max dequeue count 19 from update
2026-06-28 21:18:39.169 18971-19772 CCodecBufferChannel     com.tapman104.mpvplayer              D  [c2.mtk.avc.decoder#906] send inputSlots num:8 to codec
2026-06-28 21:18:39.171 18971-19515 CCodecBufferChannel     com.tapman104.mpvplayer              D  [c2.mtk.avc.decoder#906] Ignoring stale input buffer done callback: last flush index = 2083, frameIndex = 2083
2026-06-28 21:18:39.180 18971-19503 mpv                     com.tapman104.mpvplayer              V  [vd:v] Decoder format: 1920x1080 [0:1] mediacodec bt.709/bt.709/bt.1886/limited/auto CL=unknown crop=1920x1080+0+0 A=none
2026-06-28 21:18:39.181 18971-19503 mpv                     com.tapman104.mpvplayer              V  [vd:warn] Setting video-aspect-override to -1 is deprecated.
2026-06-28 21:18:39.181 18971-19503 mpv                     com.tapman104.mpvplayer              V  [vd:warn] Use --video-aspect-override=no --video-aspect-mode=container instead.
2026-06-28 21:18:39.182 18971-19503 mpv                     com.tapman104.mpvplayer              V  [vd:v] Using container aspect ratio.
2026-06-28 21:18:39.211 18971-19503 mpv                     com.tapman104.mpvplayer              V  [mkv:warn] Too many packets in the demuxer packet queues:
2026-06-28 21:18:39.213 18971-19503 mpv                     com.tapman104.mpvplayer              V  [mkv:warn]   video/0: 8987 packets, 37641040 bytes (refreshing)
2026-06-28 21:18:39.216 18971-19503 mpv                     com.tapman104.mpvplayer              V  [mkv:warn]   audio/1: 18760 packets, 13315536 bytes (refreshing)
2026-06-28 21:18:39.216 18971-19503 mpv                     com.tapman104.mpvplayer              V  [mkv:warn]   sub/2: 78 packets, 47664 bytes (lazy) (refreshing)
2026-06-28 21:18:39.221 18971-19503 mpv                     com.tapman104.mpvplayer              V  [cplayer:v] first video frame after restart shown
2026-06-28 21:18:39.222 18971-19503 mpv                     com.tapman104.mpvplayer              V  [cplayer:v] audio ready
2026-06-28 21:18:39.222 18971-19503 mpv                     com.tapman104.mpvplayer              V  [cplayer:v] starting audio playback
2026-06-28 21:18:39.222 18971-19503 mpv                     com.tapman104.mpvplayer              V  event: playback-restart
2026-06-28 21:18:39.222 18971-19503 MpvEventDispatcher      com.tapman104.mpvplayer              D  Received MPV event: 21
2026-06-28 21:18:39.224 18971-19503 mpv                     com.tapman104.mpvplayer              V  [cplayer:v] playback restart complete @ 295.511000, audio=playing, video=playing (paused)
2026-06-28 21:18:39.405 18971-19503 mpv                     com.tapman104.mpvplayer              V  [mkv:v] queuing seek to 289.321000
2026-06-28 21:18:39.408 18971-19503 mpv                     com.tapman104.mpvplayer              V  [mkv:v] cached range 0: 949.247000 <-> 968.516000 (bof=0, eof=0)
2026-06-28 21:18:39.408 18971-19503 mpv                     com.tapman104.mpvplayer              V  [mkv:v] cached range 1: 189.196000 <-> 668.425000 (bof=0, eof=0)
2026-06-28 21:18:39.409 18971-19494 AudioTrack              com.tapman104.mpvplayer              D  pause(915): 0xb40000727c3e4d10, prior state:STATE_FLUSHED, packageName: com.tapman104.mpvplayer
2026-06-28 21:18:39.413 18971-19503 mpv                     com.tapman104.mpvplayer              V  [mkv:v] ...using this range for in-cache seek.
2026-06-28 21:18:39.413 18971-19503 mpv                     com.tapman104.mpvplayer              V  [mkv:v] seeking stream 0 (video) to packet 289.087000/-9223372036854775808.000000
2026-06-28 21:18:39.416  1624-2325  CoreBackPreview         system_server                        D  startBackNavigation currentTask=Task{1c0909a #171 type=standard A=10273:com.tapman104.mpvplayer}, topRunningActivity=ActivityRecord{243212055 u0 com.tapman104.mpvplayer/.PlayerActivity t171}, callbackInfo=OnBackInvokedCallbackInfo{mCallback=android.window.IOnBackInvokedCallback$Stub$Proxy@15c25cd, mPriority=0, mIsAnimationCallback=false, mOverrideBehavior=0}, currentFocus=Window{74264ff u0 com.tapman104.mpvplayer/com.tapman104.mpvplayer.PlayerActivity}
2026-06-28 21:18:39.416 18971-19503 mpv                     com.tapman104.mpvplayer              V  [mkv:v] seeking stream 1 (audio) to packet 289.313500/-9223372036854775808.000000
2026-06-28 21:18:39.417 18971-19503 mpv                     com.tapman104.mpvplayer              V  [mkv:v] seeking stream 2 (sub) to packet 286.167000/-9223372036854775808.000000
2026-06-28 21:18:39.417 18971-19494 AudioTrack              com.tapman104.mpvplayer              D  flush(915): 0xb40000727c3e4d10, prior state:STATE_FLUSHED, packageName: com.tapman104.mpvplayer
2026-06-28 21:18:39.417 18971-19494 AudioTrack              com.tapman104.mpvplayer              D  updateStateToService: AudioTrackStatus state:4
2026-06-28 21:18:39.418  1624-3202  AS.AudioService         system_server                        D  AudioTrackStatus: pid = 18971; uid = 10273; sessionId = 1113; streamType = 3; state = 4; pkgName = com.tapman104.mpvplayer
2026-06-28 21:18:39.419 18971-19772 MediaCodec              com.tapman104.mpvplayer              D  [0xb4000072dc5031d0] setState: 7
2026-06-28 21:18:39.422 18971-19324 PowerHalMgrImpl         com.tapman104.mpvplayer              I  hdl:14913, pid:18971 
2026-06-28 21:18:39.439 18971-19773 PipelineWatcher         com.tapman104.mpvplayer              D  onWorkDone: frameIndex not found (18446744073709551615); ignored
2026-06-28 21:18:39.439 18971-19772 MediaCodec              com.tapman104.mpvplayer              D  [0xb4000072dc5031d0] setState: 6
2026-06-28 21:18:39.439 18971-19772 CCodecConfig            com.tapman104.mpvplayer              I  query failed after returning 19 values (BAD_INDEX)
2026-06-28 21:18:39.439 18971-19772 BufferPoolAccessor2.0   com.tapman104.mpvplayer              D  bufferpool2 0xb40000718c4127c8 : 10(20971520 size) total buffers - 1(2097152 size) used buffers - 2488/2498 (recycle/alloc) - 14/2228 (fetch/transfer)
2026-06-28 21:18:39.440 18971-19773 CCodecBufferChannel     com.tapman104.mpvplayer              D  [c2.mtk.avc.decoder#906] flushed work; ignored.
2026-06-28 21:18:39.440 18971-19773 CCodecBufferChannel     com.tapman104.mpvplayer              D  [c2.mtk.avc.decoder#906] Discard frames from previous generation.
2026-06-28 21:18:39.440 18971-19773 PipelineWatcher         com.tapman104.mpvplayer              D  onWorkDone: frameIndex not found (18446744073709551615); ignored
2026-06-28 21:18:39.440 18971-19773 CCodecBufferChannel     com.tapman104.mpvplayer              D  [c2.mtk.avc.decoder#906] flushed work not feedInput.
2026-06-28 21:18:39.440 18971-19773 CCodecBufferChannel     com.tapman104.mpvplayer              D  [c2.mtk.avc.decoder#906] flushed work; ignored.
2026-06-28 21:18:39.440 18971-19773 CCodecBufferChannel     com.tapman104.mpvplayer              D  [c2.mtk.avc.decoder#906] Discard frames from previous generation.
2026-06-28 21:18:39.440 18971-19773 PipelineWatcher         com.tapman104.mpvplayer              D  onWorkDone: frameIndex not found (18446744073709551615); ignored
2026-06-28 21:18:39.440 18971-19773 CCodecBufferChannel     com.tapman104.mpvplayer              D  [c2.mtk.avc.decoder#906] flushed work not feedInput.
2026-06-28 21:18:39.440 18971-19773 CCodecBufferChannel     com.tapman104.mpvplayer              D  [c2.mtk.avc.decoder#906] flushed work; ignored.
2026-06-28 21:18:39.440 18971-19773 CCodecBufferChannel     com.tapman104.mpvplayer              D  [c2.mtk.avc.decoder#906] Discard frames from previous generation.
2026-06-28 21:18:39.440 18971-19773 PipelineWatcher         com.tapman104.mpvplayer              D  onWorkDone: frameIndex not found (18446744073709551615); ignored
2026-06-28 21:18:39.440 18971-19773 CCodecBufferChannel     com.tapman104.mpvplayer              D  [c2.mtk.avc.decoder#906] flushed work not feedInput.
2026-06-28 21:18:39.440 18971-19773 CCodecBufferChannel     com.tapman104.mpvplayer              D  [c2.mtk.avc.decoder#906] flushed work; ignored.
2026-06-28 21:18:39.440 18971-19773 CCodecBufferChannel     com.tapman104.mpvplayer              D  [c2.mtk.avc.decoder#906] Discard frames from previous generation.
2026-06-28 21:18:39.440 18971-19773 PipelineWatcher         com.tapman104.mpvplayer              D  onWorkDone: frameIndex not found (18446744073709551615); ignored
2026-06-28 21:18:39.440 18971-19773 CCodecBufferChannel     com.tapman104.mpvplayer              D  [c2.mtk.avc.decoder#906] flushed work not feedInput.
2026-06-28 21:18:39.440 18971-19772 Codec2Client            com.tapman104.mpvplayer              W  query -- param skipped: index = 1342179345.
2026-06-28 21:18:39.440 18971-19772 Codec2Client            com.tapman104.mpvplayer              W  query -- param skipped: index = 2415921170.
2026-06-28 21:18:39.440 18971-19772 Codec2Client            com.tapman104.mpvplayer              W  query -- param skipped: index = 1610614798.
2026-06-28 21:18:39.441 18971-19773 CCodecBufferChannel     com.tapman104.mpvplayer              D  [c2.mtk.avc.decoder#906] flushed work; ignored.
2026-06-28 21:18:39.441 18971-19773 CCodecBufferChannel     com.tapman104.mpvplayer              D  [c2.mtk.avc.decoder#906] Discard frames from previous generation.
2026-06-28 21:18:39.441 18971-19773 PipelineWatcher         com.tapman104.mpvplayer              D  onWorkDone: frameIndex not found (18446744073709551615); ignored
2026-06-28 21:18:39.441 18971-19773 CCodecBufferChannel     com.tapman104.mpvplayer              D  [c2.mtk.avc.decoder#906] flushed work not feedInput.
2026-06-28 21:18:39.441 18971-19772 MediaCodec              com.tapman104.mpvplayer              D  [0xb4000072dc5031d0] setState: 7
2026-06-28 21:18:39.441 18971-19773 CCodecBufferChannel     com.tapman104.mpvplayer              D  [c2.mtk.avc.decoder#906] flushed work; ignored.
2026-06-28 21:18:39.441 18971-19773 CCodecBufferChannel     com.tapman104.mpvplayer              D  [c2.mtk.avc.decoder#906] Discard frames from previous generation.
2026-06-28 21:18:39.441 18971-19773 PipelineWatcher         com.tapman104.mpvplayer              D  onWorkDone: frameIndex not found (18446744073709551615); ignored
2026-06-28 21:18:39.441 18971-19773 CCodecBufferChannel     com.tapman104.mpvplayer              D  [c2.mtk.avc.decoder#906] flushed work not feedInput.
2026-06-28 21:18:39.445 18971-18971 ScrollIdentify          com.tapman104.mpvplayer              I  on fling
2026-06-28 21:18:39.456 18971-19773 PipelineWatcher         com.tapman104.mpvplayer              D  onWorkDone: frameIndex not found (18446744073709551615); ignored
2026-06-28 21:18:39.456 18971-19773 PipelineWatcher         com.tapman104.mpvplayer              D  onWorkDone: frameIndex not found (18446744073709551615); ignored
2026-06-28 21:18:39.456 18971-19773 PipelineWatcher         com.tapman104.mpvplayer              D  onWorkDone: frameIndex not found (18446744073709551615); ignored
2026-06-28 21:18:39.456 18971-19773 PipelineWatcher         com.tapman104.mpvplayer              D  onWorkDone: frameIndex not found (18446744073709551615); ignored
2026-06-28 21:18:39.456 18971-19773 PipelineWatcher         com.tapman104.mpvplayer              D  onWorkDone: frameIndex not found (18446744073709551615); ignored
2026-06-28 21:18:39.456 18971-19773 PipelineWatcher         com.tapman104.mpvplayer              D  onWorkDone: frameIndex not found (18446744073709551615); ignored
2026-06-28 21:18:39.456 18971-19773 PipelineWatcher         com.tapman104.mpvplayer              D  onWorkDone: frameIndex not found (18446744073709551615); ignored
2026-06-28 21:18:39.456 18971-19773 PipelineWatcher         com.tapman104.mpvplayer              D  onWorkDone: frameIndex not found (18446744073709551615); ignored
2026-06-28 21:18:39.456 18971-19773 CCodecBufferChannel     com.tapman104.mpvplayer              D  [c2.mtk.avc.decoder#906] flushed work; ignored.
2026-06-28 21:18:39.456 18971-19773 CCodecBufferChannel     com.tapman104.mpvplayer              D  [c2.mtk.avc.decoder#906] Discard frames from previous generation.
2026-06-28 21:18:39.456 18971-19773 PipelineWatcher         com.tapman104.mpvplayer              D  onWorkDone: frameIndex not found (18446744073709551615); ignored
2026-06-28 21:18:39.456 18971-19773 CCodecBufferChannel     com.tapman104.mpvplayer              D  [c2.mtk.avc.decoder#906] flushed work not feedInput.
2026-06-28 21:18:39.456 18971-19772 MediaCodec              com.tapman104.mpvplayer              D  [0xb4000072dc5031d0] setState: 6
2026-06-28 21:18:39.457 18971-19773 CCodecBufferChannel     com.tapman104.mpvplayer              D  [c2.mtk.avc.decoder#906] flushed work; ignored.
2026-06-28 21:18:39.457 18971-19773 CCodecBufferChannel     com.tapman104.mpvplayer              D  [c2.mtk.avc.decoder#906] Discard frames from previous generation.
2026-06-28 21:18:39.457 18971-19773 PipelineWatcher         com.tapman104.mpvplayer              D  onWorkDone: frameIndex not found (18446744073709551615); ignored
2026-06-28 21:18:39.457 18971-19773 CCodecBufferChannel     com.tapman104.mpvplayer              D  [c2.mtk.avc.decoder#906] flushed work not feedInput.
2026-06-28 21:18:39.457 18971-19772 CCodecConfig            com.tapman104.mpvplayer              I  query failed after returning 19 values (BAD_INDEX)
2026-06-28 21:18:39.458 18971-19773 CCodecBufferChannel     com.tapman104.mpvplayer              D  [c2.mtk.avc.decoder#906] flushed work; ignored.
2026-06-28 21:18:39.458 18971-19773 CCodecBufferChannel     com.tapman104.mpvplayer              D  [c2.mtk.avc.decoder#906] Discard frames from previous generation.
2026-06-28 21:18:39.458 18971-19773 PipelineWatcher         com.tapman104.mpvplayer              D  onWorkDone: frameIndex not found (18446744073709551615); ignored
2026-06-28 21:18:39.458 18971-19773 CCodecBufferChannel     com.tapman104.mpvplayer              D  [c2.mtk.avc.decoder#906] flushed work not feedInput.
2026-06-28 21:18:39.458 18971-19773 CCodecBufferChannel     com.tapman104.mpvplayer              D  [c2.mtk.avc.decoder#906] flushed work; ignored.
2026-06-28 21:18:39.458 18971-19773 CCodecBufferChannel     com.tapman104.mpvplayer              D  [c2.mtk.avc.decoder#906] Discard frames from previous generation.
2026-06-28 21:18:39.458 18971-19773 PipelineWatcher         com.tapman104.mpvplayer              D  onWorkDone: frameIndex not found (18446744073709551615); ignored
2026-06-28 21:18:39.458 18971-19773 CCodecBufferChannel     com.tapman104.mpvplayer              D  [c2.mtk.avc.decoder#906] flushed work not feedInput.
2026-06-28 21:18:39.458 18971-19773 CCodecBufferChannel     com.tapman104.mpvplayer              D  [c2.mtk.avc.decoder#906] flushed work; ignored.
2026-06-28 21:18:39.458 18971-19773 CCodecBufferChannel     com.tapman104.mpvplayer              D  [c2.mtk.avc.decoder#906] Discard frames from previous generation.
2026-06-28 21:18:39.458 18971-19773 PipelineWatcher         com.tapman104.mpvplayer              D  onWorkDone: frameIndex not found (18446744073709551615); ignored
2026-06-28 21:18:39.458 18971-19773 CCodecBufferChannel     com.tapman104.mpvplayer              D  [c2.mtk.avc.decoder#906] flushed work not feedInput.
2026-06-28 21:18:39.458 18971-19772 Codec2Client            com.tapman104.mpvplayer              W  query -- param skipped: index = 1342179345.
2026-06-28 21:18:39.458 18971-19772 Codec2Client            com.tapman104.mpvplayer              W  query -- param skipped: index = 2415921170.
2026-06-28 21:18:39.458 18971-19772 Codec2Client            com.tapman104.mpvplayer              W  query -- param skipped: index = 1610614798.
2026-06-28 21:18:39.459 18971-19503 mpv                     com.tapman104.mpvplayer              V  [cplayer:v] hr-seek, skipping to 289.321000
2026-06-28 21:18:39.460 18971-19503 mpv                     com.tapman104.mpvplayer              V  event: seek
2026-06-28 21:18:39.460 18971-19503 MpvEventDispatcher      com.tapman104.mpvplayer              D  Received MPV event: 20
2026-06-28 21:18:39.467 18971-19773 CCodecBufferChannel     com.tapman104.mpvplayer              D  [c2.mtk.avc.decoder#906] Discard frames from previous generation.
2026-06-28 21:18:39.467 18971-19773 Codec2-Out...ufferQueue com.tapman104.mpvplayer              D  set max dequeue count 19 from update
2026-06-28 21:18:39.471 18971-19772 CCodecBufferChannel     com.tapman104.mpvplayer              D  [c2.mtk.avc.decoder#906] send inputSlots num:8 to codec
2026-06-28 21:18:39.474 18971-19515 CCodecBufferChannel     com.tapman104.mpvplayer              D  [c2.mtk.avc.decoder#906] Ignoring stale input buffer done callback: last flush index = 2101, frameIndex = 2101
2026-06-28 21:18:39.488 18971-19503 mpv                     com.tapman104.mpvplayer              V  [vd:v] Decoder format: 1920x1080 [0:1] mediacodec bt.709/bt.709/bt.1886/limited/auto CL=unknown crop=1920x1080+0+0 A=none
2026-06-28 21:18:39.491 18971-19503 mpv                     com.tapman104.mpvplayer              V  [vd:warn] Setting video-aspect-override to -1 is deprecated.
2026-06-28 21:18:39.493 18971-19503 mpv                     com.tapman104.mpvplayer              V  [vd:warn] Use --video-aspect-override=no --video-aspect-mode=container instead.
2026-06-28 21:18:39.496 18971-19503 mpv                     com.tapman104.mpvplayer              V  [vd:v] Using container aspect ratio.
2026-06-28 21:18:39.514 18971-18971 VRI[PlayerActivity]     com.tapman104.mpvplayer              V  [ANR Warning]Input routeing takes more than 6000ms since 1970-01-01 05:30:00.000, this = com.mediatek.view.impl.ViewDebugManagerImpl@9277ebd
2026-06-28 21:18:39.514 18971-18971 VRI[PlayerActivity]     com.tapman104.mpvplayer              V  Input event delivered to android.view.ViewRootImpl$NativePreImeInputStage@29b52b9 at 2026-06-28 21:18:39.468
2026-06-28 21:18:39.514 18971-18971 VRI[PlayerActivity]     com.tapman104.mpvplayer              V  Input event delivered to android.view.ViewRootImpl$ViewPreImeInputStage@36cc6fe at 2026-06-28 21:18:39.468
2026-06-28 21:18:39.514 18971-18971 VRI[PlayerActivity]     com.tapman104.mpvplayer              V  Input event delivered to android.view.ViewRootImpl$EarlyPostImeInputStage@a8286d1 at 2026-06-28 21:18:39.508
2026-06-28 21:18:39.514 18971-18971 VRI[PlayerActivity]     com.tapman104.mpvplayer              V  Input event delivered to android.view.ViewRootImpl$ViewPostImeInputStage@ac11c37 at 2026-06-28 21:18:39.508
2026-06-28 21:18:39.515 18971-18971 VRI[PlayerActivity]     com.tapman104.mpvplayer              V  Input event delivered to android.view.ViewRootImpl$ImeInputStage@664e5f at 2026-06-28 21:18:39.468
2026-06-28 21:18:39.515 18971-18971 VRI[PlayerActivity]     com.tapman104.mpvplayer              V  Input event delivered to android.view.ViewRootImpl$NativePostImeInputStage@54d4536 at 2026-06-28 21:18:39.508
2026-06-28 21:18:39.515 18971-18971 VRI[PlayerActivity]     com.tapman104.mpvplayer              V  Input event delivered to android.view.ViewRootImpl$SyntheticInputStage@45bf5a4 at 2026-06-28 21:18:39.509
2026-06-28 21:18:39.515 18971-18971 Activity                com.tapman104.mpvplayer              D  com.tapman104.mpvplayer.PlayerActivity@8a0bb43 onBackPressed!
2026-06-28 21:18:39.517 18971-19503 mpv                     com.tapman104.mpvplayer              V  [mkv:warn] Too many packets in the demuxer packet queues:
2026-06-28 21:18:39.518 18971-19503 mpv                     com.tapman104.mpvplayer              V  [mkv:warn]   video/0: 9139 packets, 38960512 bytes (refreshing)
2026-06-28 21:18:39.522 18971-19503 mpv                     com.tapman104.mpvplayer              V  [mkv:warn]   audio/1: 19069 packets, 13537120 bytes (refreshing)
2026-06-28 21:18:39.522 18971-19503 mpv                     com.tapman104.mpvplayer              V  [mkv:warn]   sub/2: 105 packets, 64352 bytes (lazy) (refreshing)
2026-06-28 21:18:39.525 18971-18971 VRI[PlayerActivity]     com.tapman104.mpvplayer              V  [ANR Warning]Input routeing takes more than 6000ms since 1970-01-01 05:30:00.000, this = com.mediatek.view.impl.ViewDebugManagerImpl@9277ebd
2026-06-28 21:18:39.525 18971-18971 VRI[PlayerActivity]     com.tapman104.mpvplayer              V  Input event delivered to android.view.ViewRootImpl$EarlyPostImeInputStage@a8286d1 at 2026-06-28 21:18:39.515
2026-06-28 21:18:39.525 18971-19503 mpv                     com.tapman104.mpvplayer              V  [cplayer:v] first video frame after restart shown
2026-06-28 21:18:39.526 18971-18971 VRI[PlayerActivity]     com.tapman104.mpvplayer              V  Input event delivered to android.view.ViewRootImpl$ViewPostImeInputStage@ac11c37 at 2026-06-28 21:18:39.515
2026-06-28 21:18:39.526 18971-18971 VRI[PlayerActivity]     com.tapman104.mpvplayer              V  Input event delivered to android.view.ViewRootImpl$NativePostImeInputStage@54d4536 at 2026-06-28 21:18:39.515
2026-06-28 21:18:39.526 18971-18971 VRI[PlayerActivity]     com.tapman104.mpvplayer              V  Input event delivered to android.view.ViewRootImpl$SyntheticInputStage@45bf5a4 at 2026-06-28 21:18:39.524
2026-06-28 21:18:39.528 18971-19503 mpv                     com.tapman104.mpvplayer              V  [cplayer:v] audio ready
2026-06-28 21:18:39.528 18971-19503 mpv                     com.tapman104.mpvplayer              V  [mkv:v] queuing seek to 275.919000
2026-06-28 21:18:39.528 18971-19503 mpv                     com.tapman104.mpvplayer              V  [mkv:v] cached range 0: 949.247000 <-> 968.516000 (bof=0, eof=0)
2026-06-28 21:18:39.528 18971-19503 mpv                     com.tapman104.mpvplayer              V  [mkv:v] cached range 1: 189.196000 <-> 668.425000 (bof=0, eof=0)
2026-06-28 21:18:39.528 18971-19503 mpv                     com.tapman104.mpvplayer              V  [mkv:v] ...using this range for in-cache seek.
2026-06-28 21:18:39.528 18971-19494 AudioTrack              com.tapman104.mpvplayer              D  pause(915): 0xb40000727c3e4d10, prior state:STATE_FLUSHED, packageName: com.tapman104.mpvplayer
2026-06-28 21:18:39.529 18971-19503 mpv                     com.tapman104.mpvplayer              V  [mkv:v] seeking stream 0 (video) to packet 270.861000/-9223372036854775808.000000
2026-06-28 21:18:39.529 18971-19503 mpv                     com.tapman104.mpvplayer              V  [mkv:v] seeking stream 1 (audio) to packet 275.893500/-9223372036854775808.000000
2026-06-28 21:18:39.529 18971-19494 AudioTrack              com.tapman104.mpvplayer              D  flush(915): 0xb40000727c3e4d10, prior state:STATE_FLUSHED, packageName: com.tapman104.mpvplayer
2026-06-28 21:18:39.529 18971-19494 AudioTrack              com.tapman104.mpvplayer              D  updateStateToService: AudioTrackStatus state:4
2026-06-28 21:18:39.529  1624-3202  AS.AudioService         system_server                        D  AudioTrackStatus: pid = 18971; uid = 10273; sessionId = 1113; streamType = 3; state = 4; pkgName = com.tapman104.mpvplayer
2026-06-28 21:18:39.530 18971-19503 mpv                     com.tapman104.mpvplayer              V  [mkv:v] seeking stream 2 (sub) to packet 274.387000/-9223372036854775808.000000
2026-06-28 21:18:39.530 18971-19772 MediaCodec              com.tapman104.mpvplayer              D  [0xb4000072dc5031d0] setState: 7
2026-06-28 21:18:39.537 18971-19773 PipelineWatcher         com.tapman104.mpvplayer              D  onWorkDone: frameIndex not found (18446744073709551615); ignored
2026-06-28 21:18:39.537 18971-19773 PipelineWatcher         com.tapman104.mpvplayer              D  onWorkDone: frameIndex not found (18446744073709551615); ignored
2026-06-28 21:18:39.537 18971-19773 PipelineWatcher         com.tapman104.mpvplayer              D  onWorkDone: frameIndex not found (18446744073709551615); ignored
2026-06-28 21:18:39.537 18971-19773 PipelineWatcher         com.tapman104.mpvplayer              D  onWorkDone: frameIndex not found (18446744073709551615); ignored
2026-06-28 21:18:39.537 18971-19773 PipelineWatcher         com.tapman104.mpvplayer              D  onWorkDone: frameIndex not found (18446744073709551615); ignored
2026-06-28 21:18:39.537 18971-19773 PipelineWatcher         com.tapman104.mpvplayer              D  onWorkDone: frameIndex not found (18446744073709551615); ignored
2026-06-28 21:18:39.537 18971-19773 PipelineWatcher         com.tapman104.mpvplayer              D  onWorkDone: frameIndex not found (18446744073709551615); ignored
2026-06-28 21:18:39.537 18971-19773 PipelineWatcher         com.tapman104.mpvplayer              D  onWorkDone: frameIndex not found (18446744073709551615); ignored
2026-06-28 21:18:39.537 18971-19773 PipelineWatcher         com.tapman104.mpvplayer              D  onWorkDone: frameIndex not found (18446744073709551615); ignored
2026-06-28 21:18:39.537 18971-19773 PipelineWatcher         com.tapman104.mpvplayer              D  onWorkDone: frameIndex not found (18446744073709551615); ignored
2026-06-28 21:18:39.538 18971-19772 MediaCodec              com.tapman104.mpvplayer              D  [0xb4000072dc5031d0] setState: 6
2026-06-28 21:18:39.538 18971-19772 CCodecConfig            com.tapman104.mpvplayer              I  query failed after returning 19 values (BAD_INDEX)
2026-06-28 21:18:39.539 18971-19772 Codec2Client            com.tapman104.mpvplayer              W  query -- param skipped: index = 1342179345.
2026-06-28 21:18:39.539 18971-19772 Codec2Client            com.tapman104.mpvplayer              W  query -- param skipped: index = 2415921170.
2026-06-28 21:18:39.539 18971-19772 Codec2Client            com.tapman104.mpvplayer              W  query -- param skipped: index = 1610614798.
2026-06-28 21:18:39.540 18971-19772 MediaCodec              com.tapman104.mpvplayer              D  [0xb4000072dc5031d0] setState: 7
2026-06-28 21:18:39.541  1624-3202  WindowManager           system_server                        D  [SG_DEBUG]Set SyncGroup{id=570 name=Transition-CLOSE} on ActivityRecord{243212055 u0 com.tapman104.mpvplayer/.PlayerActivity t171 f}}
2026-06-28 21:18:39.542  1624-3202  PowerHalWrapper         system_server                        I  amsBoostNotify pid:18971,activity:com.tapman104.mpvplayer.PlayerActivity, package:com.tapman104.mpvplayer, mProcessCreatePackcom.google.android.documentsui 
2026-06-28 21:18:39.542  1624-3202  mtkpower_client         system_server                        I  [PowerHal_Wrap_notifyAppState] com.tapman104.mpvplayer/com.tapman104.mpvplayer.PlayerActivity pid=18971 activityId:243212055 state:0
2026-06-28 21:18:39.544 18971-19773 PipelineWatcher         com.tapman104.mpvplayer              D  onWorkDone: frameIndex not found (18446744073709551615); ignored
2026-06-28 21:18:39.544 18971-19773 PipelineWatcher         com.tapman104.mpvplayer              D  onWorkDone: frameIndex not found (18446744073709551615); ignored
2026-06-28 21:18:39.544 18971-19773 CCodecBufferChannel     com.tapman104.mpvplayer              D  [c2.mtk.avc.decoder#906] flushed work; ignored.
2026-06-28 21:18:39.544 18971-19773 CCodecBufferChannel     com.tapman104.mpvplayer              D  [c2.mtk.avc.decoder#906] Discard frames from previous generation.
2026-06-28 21:18:39.544 18971-19773 PipelineWatcher         com.tapman104.mpvplayer              D  onWorkDone: frameIndex not found (18446744073709551615); ignored
2026-06-28 21:18:39.544 18971-19773 CCodecBufferChannel     com.tapman104.mpvplayer              D  [c2.mtk.avc.decoder#906] flushed work not feedInput.
2026-06-28 21:18:39.544 18971-19772 MediaCodec              com.tapman104.mpvplayer              D  [0xb4000072dc5031d0] setState: 6
2026-06-28 21:18:39.544 18971-19772 CCodecConfig            com.tapman104.mpvplayer              I  query failed after returning 19 values (BAD_INDEX)
2026-06-28 21:18:39.545 18971-19773 CCodecBufferChannel     com.tapman104.mpvplayer              D  [c2.mtk.avc.decoder#906] flushed work; ignored.
2026-06-28 21:18:39.545 18971-19773 CCodecBufferChannel     com.tapman104.mpvplayer              D  [c2.mtk.avc.decoder#906] Discard frames from previous generation.
2026-06-28 21:18:39.545 18971-19773 PipelineWatcher         com.tapman104.mpvplayer              D  onWorkDone: frameIndex not found (18446744073709551615); ignored
2026-06-28 21:18:39.545 18971-19773 CCodecBufferChannel     com.tapman104.mpvplayer              D  [c2.mtk.avc.decoder#906] flushed work not feedInput.
2026-06-28 21:18:39.545   991-991   vendor.med...e.mediatek ven...ower_applist-service.mediatek  I  packName: com.tapman104.mpvplayer actName: com.tapman104.mpvplayer.PlayerActivity pid: 18971 uid: 10273 state: 0
2026-06-28 21:18:39.545   991-991   MTK_APPList             ven...ower_applist-service.mediatek  I  [notifyAPPstate] com.tapman104.mpvplayer/com.tapman104.mpvplayer.PlayerActivity, pid=18971, uid=10273, state:PAUSED, fps:120, win:0
2026-06-28 21:18:39.545 18971-19773 CCodecBufferChannel     com.tapman104.mpvplayer              D  [c2.mtk.avc.decoder#906] flushed work; ignored.
2026-06-28 21:18:39.545 18971-19773 CCodecBufferChannel     com.tapman104.mpvplayer              D  [c2.mtk.avc.decoder#906] Discard frames from previous generation.
2026-06-28 21:18:39.545 18971-19773 PipelineWatcher         com.tapman104.mpvplayer              D  onWorkDone: frameIndex not found (18446744073709551615); ignored
2026-06-28 21:18:39.545 18971-19773 CCodecBufferChannel     com.tapman104.mpvplayer              D  [c2.mtk.avc.decoder#906] flushed work not feedInput.
2026-06-28 21:18:39.545 18971-19773 CCodecBufferChannel     com.tapman104.mpvplayer              D  [c2.mtk.avc.decoder#906] flushed work; ignored.
2026-06-28 21:18:39.545 18971-19773 CCodecBufferChannel     com.tapman104.mpvplayer              D  [c2.mtk.avc.decoder#906] Discard frames from previous generation.
