2026-06-28 21:17:53.304  1624-2025  NtAudioGlyphServiceImpl system_server                        D  AudioLightRequests[0]- AudioLightRequest@de111ff{Id:107,uid:10273,pid:18971,noAudio:false,csvId:-1,pkg:com.tapman104.mpvplayer,session:1113,addby:2}
2026-06-28 21:17:53.585  1624-2325  NtAudioGlyphServiceImpl system_server                        D  addAudioLightRequest for uid:10273 pid:18971 pkgName:com.tapman104.mpvplayer audioType:3 addby: 2 sessionId:1113 with lightId:107 csvId:-1 noAudio:false
2026-06-28 21:17:53.586  1624-2325  NtAudioGlyphServiceImpl system_server                        D  AudioLightRequests[1]+ AudioLightRequest@f7fc74a{Id:107,uid:10273,pid:18971,noAudio:false,csvId:-1,pkg:com.tapman104.mpvplayer,session:-1,addby:2}
2026-06-28 21:17:53.586  1624-2325  AS.AudioService         system_server                        D  [reportAudioTrackStatusChanged]start broadcast, pid = 18971, uid = 10273, status = 0, streamType = 3, pkgName = com.tapman104.mpvplayer, sessionId = 1113
2026-06-28 21:17:53.628  1624-2325  AppOps                  system_server                        E  attributionTag  not declared in manifest of com.tapman104.mpvplayer
2026-06-28 21:17:53.629  1624-1639  AppOps                  system_server                        E  attributionTag  not declared in manifest of com.tapman104.mpvplayer
2026-06-28 21:17:53.794  1624-2324  AppOps                  system_server                        E  attributionTag  not declared in manifest of com.tapman104.mpvplayer
2026-06-28 21:17:53.796  1624-2325  AppOps                  system_server                        E  attributionTag  not declared in manifest of com.tapman104.mpvplayer
2026-06-28 21:17:54.013  1624-2025  NtAudioGlyphServiceImpl system_server                        D  onAudioTrackStop request:AudioLightRequest@f7fc74a{Id:107,uid:10273,pid:18971,noAudio:false,csvId:-1,pkg:com.tapman104.mpvplayer,session:1113,addby:2}
2026-06-28 21:17:54.014  1624-2025  NtAudioGlyphServiceImpl system_server                        D  AudioLightRequests[0]- AudioLightRequest@f7fc74a{Id:107,uid:10273,pid:18971,noAudio:false,csvId:-1,pkg:com.tapman104.mpvplayer,session:1113,addby:2}
2026-06-28 21:17:54.022  1624-2025  NtAudioGlyphServiceImpl system_server                        D  onAudioTrackStop request:AudioLightRequest@f7fc74a{Id:107,uid:10273,pid:18971,noAudio:false,csvId:-1,pkg:com.tapman104.mpvplayer,session:1113,addby:2}
2026-06-28 21:17:54.023  1624-2025  NtAudioGlyphServiceImpl system_server                        D  AudioLightRequests[0]- AudioLightRequest@f7fc74a{Id:107,uid:10273,pid:18971,noAudio:false,csvId:-1,pkg:com.tapman104.mpvplayer,session:1113,addby:2}
2026-06-28 21:17:54.217  1624-2325  NtAudioGlyphServiceImpl system_server                        D  addAudioLightRequest for uid:10273 pid:18971 pkgName:com.tapman104.mpvplayer audioType:3 addby: 2 sessionId:1113 with lightId:107 csvId:-1 noAudio:false
2026-06-28 21:17:54.217  1624-2325  NtAudioGlyphServiceImpl system_server                        D  AudioLightRequests[1]+ AudioLightRequest@dfb57d8{Id:107,uid:10273,pid:18971,noAudio:false,csvId:-1,pkg:com.tapman104.mpvplayer,session:-1,addby:2}
2026-06-28 21:17:54.217  1624-2325  AS.AudioService         system_server                        D  [reportAudioTrackStatusChanged]start broadcast, pid = 18971, uid = 10273, status = 0, streamType = 3, pkgName = com.tapman104.mpvplayer, sessionId = 1113
2026-06-28 21:17:56.580  1624-1639  AppOps                  system_server                        E  attributionTag  not declared in manifest of com.tapman104.mpvplayer
2026-06-28 21:17:56.581  1624-2324  AppOps                  system_server                        E  attributionTag  not declared in manifest of com.tapman104.mpvplayer
2026-06-28 21:17:56.821  1624-2324  AppOps                  system_server                        E  attributionTag  not declared in manifest of com.tapman104.mpvplayer
2026-06-28 21:17:56.822  1624-2324  AppOps                  system_server                        E  attributionTag  not declared in manifest of com.tapman104.mpvplayer
2026-06-28 21:17:56.963  1624-2025  NtAudioGlyphServiceImpl system_server                        D  onAudioTrackStop request:AudioLightRequest@dfb57d8{Id:107,uid:10273,pid:18971,noAudio:false,csvId:-1,pkg:com.tapman104.mpvplayer,session:1113,addby:2}
2026-06-28 21:17:56.963  1624-2025  NtAudioGlyphServiceImpl system_server                        D  AudioLightRequests[0]- AudioLightRequest@dfb57d8{Id:107,uid:10273,pid:18971,noAudio:false,csvId:-1,pkg:com.tapman104.mpvplayer,session:1113,addby:2}
2026-06-28 21:17:56.964  1624-2025  NtAudioGlyphServiceImpl system_server                        D  onAudioTrackStop request:AudioLightRequest@dfb57d8{Id:107,uid:10273,pid:18971,noAudio:false,csvId:-1,pkg:com.tapman104.mpvplayer,session:1113,addby:2}
2026-06-28 21:17:56.964  1624-2025  NtAudioGlyphServiceImpl system_server                        D  AudioLightRequests[0]- AudioLightRequest@dfb57d8{Id:107,uid:10273,pid:18971,noAudio:false,csvId:-1,pkg:com.tapman104.mpvplayer,session:1113,addby:2}
2026-06-28 21:17:57.236  1624-2325  NtAudioGlyphServiceImpl system_server                        D  addAudioLightRequest for uid:10273 pid:18971 pkgName:com.tapman104.mpvplayer audioType:3 addby: 2 sessionId:1113 with lightId:107 csvId:-1 noAudio:false
2026-06-28 21:17:57.237  1624-2325  NtAudioGlyphServiceImpl system_server                        D  AudioLightRequests[1]+ AudioLightRequest@33cb69{Id:107,uid:10273,pid:18971,noAudio:false,csvId:-1,pkg:com.tapman104.mpvplayer,session:-1,addby:2}
2026-06-28 21:17:57.237  1624-2325  AS.AudioService         system_server                        D  [reportAudioTrackStatusChanged]start broadcast, pid = 18971, uid = 10273, status = 0, streamType = 3, pkgName = com.tapman104.mpvplayer, sessionId = 1113
2026-06-28 21:17:58.933  1624-2324  AppOps                  system_server                        E  attributionTag  not declared in manifest of com.tapman104.mpvplayer
2026-06-28 21:17:58.936  1624-2325  AppOps                  system_server                        E  attributionTag  not declared in manifest of com.tapman104.mpvplayer
2026-06-28 21:17:59.318  1624-2025  NtAudioGlyphServiceImpl system_server                        D  onAudioTrackStop request:AudioLightRequest@33cb69{Id:107,uid:10273,pid:18971,noAudio:false,csvId:-1,pkg:com.tapman104.mpvplayer,session:1113,addby:2}
2026-06-28 21:17:59.318  1624-2025  NtAudioGlyphServiceImpl system_server                        D  AudioLightRequests[0]- AudioLightRequest@33cb69{Id:107,uid:10273,pid:18971,noAudio:false,csvId:-1,pkg:com.tapman104.mpvplayer,session:1113,addby:2}
2026-06-28 21:17:59.323  1624-2025  NtAudioGlyphServiceImpl system_server                        D  onAudioTrackStop request:AudioLightRequest@33cb69{Id:107,uid:10273,pid:18971,noAudio:false,csvId:-1,pkg:com.tapman104.mpvplayer,session:1113,addby:2}
2026-06-28 21:17:59.323  1624-2025  NtAudioGlyphServiceImpl system_server                        D  AudioLightRequests[0]- AudioLightRequest@33cb69{Id:107,uid:10273,pid:18971,noAudio:false,csvId:-1,pkg:com.tapman104.mpvplayer,session:1113,addby:2}
2026-06-28 21:17:59.408  1624-3200  AppOps                  system_server                        E  attributionTag  not declared in manifest of com.tapman104.mpvplayer
2026-06-28 21:17:59.409  1624-2325  AppOps                  system_server                        E  attributionTag  not declared in manifest of com.tapman104.mpvplayer
2026-06-28 21:17:59.799  1624-2325  NtAudioGlyphServiceImpl system_server                        D  addAudioLightRequest for uid:10273 pid:18971 pkgName:com.tapman104.mpvplayer audioType:3 addby: 2 sessionId:1113 with lightId:107 csvId:-1 noAudio:false
2026-06-28 21:17:59.799  1624-2325  NtAudioGlyphServiceImpl system_server                        D  AudioLightRequests[1]+ AudioLightRequest@418ebb4{Id:107,uid:10273,pid:18971,noAudio:false,csvId:-1,pkg:com.tapman104.mpvplayer,session:-1,addby:2}
2026-06-28 21:17:59.799  1624-2325  AS.AudioService         system_server                        D  [reportAudioTrackStatusChanged]start broadcast, pid = 18971, uid = 10273, status = 0, streamType = 3, pkgName = com.tapman104.mpvplayer, sessionId = 1113
2026-06-28 21:18:01.301  1624-2324  WindowManager           system_server                        W  Changing focus from Window{74264ff u0 com.tapman104.mpvplayer/com.tapman104.mpvplayer.PlayerActivity} to Window{155211 u0 com.tapman104.mpvplayer/com.tapman104.mpvplayer.PlayerActivity} displayId=0 Callers=com.android.server.wm.RootWindowContainer.updateFocusedWindowLocked:494 com.android.server.wm.WindowManagerService.updateFocusedWindowLocked:6824 com.android.server.wm.WindowManagerService.addWindowInner:2008 com.android.server.wm.WindowManagerService.addWindow:1929 
2026-06-28 21:18:01.359  1624-2324  CoreBackPreview         system_server                        D  Window{155211 u0 com.tapman104.mpvplayer/com.tapman104.mpvplayer.PlayerActivity}: Setting back callback OnBackInvokedCallbackInfo{mCallback=android.window.IOnBackInvokedCallback$Stub$Proxy@baf977, mPriority=0, mIsAnimationCallback=false, mOverrideBehavior=0}
2026-06-28 21:18:01.424 18971-18971 NtViewRootImpl          com.tapman104.mpvplayer              D  mPopUpViewOffsets: offset=(0.0, 0.0), scale=(1.0, 1.0)
2026-06-28 21:18:01.489  1624-1647  NtPerfTraceManagerImpl  system_server                        D  packageName = com.tapman104.mpvplayer, taskId = 171
2026-06-28 21:18:01.495 18971-18971 NtViewRootImpl          com.tapman104.mpvplayer              D  mPopUpViewOffsets: offset=(0.0, 0.0), scale=(1.0, 1.0)
2026-06-28 21:18:01.506  1624-3197  PackageConfigPersister  system_server                        W  App-specific configuration not found for packageName: com.tapman104.mpvplayer and userId: 0
2026-06-28 21:18:02.205  1624-1639  CoreBackPreview         system_server                        D  Window{155211 u0 com.tapman104.mpvplayer/com.tapman104.mpvplayer.PlayerActivity}: Setting back callback null
2026-06-28 21:18:02.217  1624-3197  WindowManager           system_server                        W  Changing focus from Window{155211 u0 com.tapman104.mpvplayer/com.tapman104.mpvplayer.PlayerActivity EXITING} to Window{74264ff u0 com.tapman104.mpvplayer/com.tapman104.mpvplayer.PlayerActivity} displayId=0 Callers=com.android.server.wm.RootWindowContainer.updateFocusedWindowLocked:494 com.android.server.wm.WindowManagerService.updateFocusedWindowLocked:6824 com.android.server.wm.WindowState.setupWindowForRemoveOnExit:2461 com.android.server.wm.WindowState.removeIfPossible:2408 
2026-06-28 21:18:02.242  1624-1647  NtPerfTraceManagerImpl  system_server                        D  packageName = com.tapman104.mpvplayer, taskId = 171
2026-06-28 21:18:02.250 18971-18971 NtViewRootImpl          com.tapman104.mpvplayer              D  mPopUpViewOffsets: offset=(0.0, 0.0), scale=(1.0, 1.0)
2026-06-28 21:18:02.259  1624-1639  PackageConfigPersister  system_server                        W  App-specific configuration not found for packageName: com.tapman104.mpvplayer and userId: 0
2026-06-28 21:18:02.370  1624-1648  WindowManager           system_server                        D  setParent old=ActivityRecord{243212055 u0 com.tapman104.mpvplayer/.PlayerActivity t171},new=null,this window=Window{155211 u0 com.tapman104.mpvplayer/com.tapman104.mpvplayer.PlayerActivity},callers=com.android.server.wm.WindowContainer.removeChild:896 com.android.server.wm.ActivityRecord.removeChild:4597 com.android.server.wm.ActivityRecord.removeChild:403 com.android.server.wm.WindowContainer.removeImmediately:949 com.android.server.wm.WindowState.removeImmediately:2255 com.android.server.wm.WindowState.destroySurface:3297 
2026-06-28 21:18:02.977  1624-1639  WindowManager           system_server                        W  Changing focus from Window{74264ff u0 com.tapman104.mpvplayer/com.tapman104.mpvplayer.PlayerActivity} to Window{3612cf1 u0 com.tapman104.mpvplayer/com.tapman104.mpvplayer.PlayerActivity} displayId=0 Callers=com.android.server.wm.RootWindowContainer.updateFocusedWindowLocked:494 com.android.server.wm.WindowManagerService.updateFocusedWindowLocked:6824 com.android.server.wm.WindowManagerService.addWindowInner:2008 com.android.server.wm.WindowManagerService.addWindow:1929 
2026-06-28 21:18:03.004  1624-1639  CoreBackPreview         system_server                        D  Window{3612cf1 u0 com.tapman104.mpvplayer/com.tapman104.mpvplayer.PlayerActivity}: Setting back callback OnBackInvokedCallbackInfo{mCallback=android.window.IOnBackInvokedCallback$Stub$Proxy@e427f57, mPriority=0, mIsAnimationCallback=false, mOverrideBehavior=0}
2026-06-28 21:18:03.038 18971-18971 NtViewRootImpl          com.tapman104.mpvplayer              D  mPopUpViewOffsets: offset=(0.0, 0.0), scale=(1.0, 1.0)
2026-06-28 21:18:03.097  1624-1647  NtPerfTraceManagerImpl  system_server                        D  packageName = com.tapman104.mpvplayer, taskId = 171
2026-06-28 21:18:03.106 18971-18971 NtViewRootImpl          com.tapman104.mpvplayer              D  mPopUpViewOffsets: offset=(0.0, 0.0), scale=(1.0, 1.0)
2026-06-28 21:18:03.120  1624-1639  PackageConfigPersister  system_server                        W  App-specific configuration not found for packageName: com.tapman104.mpvplayer and userId: 0
2026-06-28 21:18:03.926  1624-1639  CoreBackPreview         system_server                        D  Window{3612cf1 u0 com.tapman104.mpvplayer/com.tapman104.mpvplayer.PlayerActivity}: Setting back callback null
2026-06-28 21:18:03.938  1624-1639  WindowManager           system_server                        W  Changing focus from Window{3612cf1 u0 com.tapman104.mpvplayer/com.tapman104.mpvplayer.PlayerActivity EXITING} to Window{74264ff u0 com.tapman104.mpvplayer/com.tapman104.mpvplayer.PlayerActivity} displayId=0 Callers=com.android.server.wm.RootWindowContainer.updateFocusedWindowLocked:494 com.android.server.wm.WindowManagerService.updateFocusedWindowLocked:6824 com.android.server.wm.WindowState.setupWindowForRemoveOnExit:2461 com.android.server.wm.WindowState.removeIfPossible:2408 
2026-06-28 21:18:03.961  1624-1647  NtPerfTraceManagerImpl  system_server                        D  packageName = com.tapman104.mpvplayer, taskId = 171
2026-06-28 21:18:03.970 18971-18971 NtViewRootImpl          com.tapman104.mpvplayer              D  mPopUpViewOffsets: offset=(0.0, 0.0), scale=(1.0, 1.0)
2026-06-28 21:18:03.977  1624-2324  PackageConfigPersister  system_server                        W  App-specific configuration not found for packageName: com.tapman104.mpvplayer and userId: 0
2026-06-28 21:18:04.098  1624-1648  WindowManager           system_server                        D  setParent old=ActivityRecord{243212055 u0 com.tapman104.mpvplayer/.PlayerActivity t171},new=null,this window=Window{3612cf1 u0 com.tapman104.mpvplayer/com.tapman104.mpvplayer.PlayerActivity},callers=com.android.server.wm.WindowContainer.removeChild:896 com.android.server.wm.ActivityRecord.removeChild:4597 com.android.server.wm.ActivityRecord.removeChild:403 com.android.server.wm.WindowContainer.removeImmediately:949 com.android.server.wm.WindowState.removeImmediately:2255 com.android.server.wm.WindowState.destroySurface:3297 
2026-06-28 21:18:04.711  1624-3200  WindowManager           system_server                        W  Changing focus from Window{74264ff u0 com.tapman104.mpvplayer/com.tapman104.mpvplayer.PlayerActivity} to Window{86f400d u0 com.tapman104.mpvplayer/com.tapman104.mpvplayer.PlayerActivity} displayId=0 Callers=com.android.server.wm.RootWindowContainer.updateFocusedWindowLocked:494 com.android.server.wm.WindowManagerService.updateFocusedWindowLocked:6824 com.android.server.wm.WindowManagerService.addWindowInner:2008 com.android.server.wm.WindowManagerService.addWindow:1929 
2026-06-28 21:18:04.739  1624-3200  CoreBackPreview         system_server                        D  Window{86f400d u0 com.tapman104.mpvplayer/com.tapman104.mpvplayer.PlayerActivity}: Setting back callback OnBackInvokedCallbackInfo{mCallback=android.window.IOnBackInvokedCallback$Stub$Proxy@83f2dd3, mPriority=0, mIsAnimationCallback=false, mOverrideBehavior=0}
2026-06-28 21:18:04.770 18971-18971 NtViewRootImpl          com.tapman104.mpvplayer              D  mPopUpViewOffsets: offset=(0.0, 0.0), scale=(1.0, 1.0)
2026-06-28 21:18:04.825  1624-1647  NtPerfTraceManagerImpl  system_server                        D  packageName = com.tapman104.mpvplayer, taskId = 171
2026-06-28 21:18:04.832 18971-18971 NtViewRootImpl          com.tapman104.mpvplayer              D  mPopUpViewOffsets: offset=(0.0, 0.0), scale=(1.0, 1.0)
2026-06-28 21:18:04.843  1624-1639  PackageConfigPersister  system_server                        W  App-specific configuration not found for packageName: com.tapman104.mpvplayer and userId: 0
2026-06-28 21:18:06.020  1624-3202  CoreBackPreview         system_server                        D  Window{86f400d u0 com.tapman104.mpvplayer/com.tapman104.mpvplayer.PlayerActivity}: Setting back callback null
2026-06-28 21:18:06.032  1624-1639  WindowManager           system_server                        W  Changing focus from Window{86f400d u0 com.tapman104.mpvplayer/com.tapman104.mpvplayer.PlayerActivity EXITING} to Window{74264ff u0 com.tapman104.mpvplayer/com.tapman104.mpvplayer.PlayerActivity} displayId=0 Callers=com.android.server.wm.RootWindowContainer.updateFocusedWindowLocked:494 com.android.server.wm.WindowManagerService.updateFocusedWindowLocked:6824 com.android.server.wm.WindowState.setupWindowForRemoveOnExit:2461 com.android.server.wm.WindowState.removeIfPossible:2408 
2026-06-28 21:18:06.054  1624-1647  NtPerfTraceManagerImpl  system_server                        D  packageName = com.tapman104.mpvplayer, taskId = 171
2026-06-28 21:18:06.055 18971-18971 NtViewRootImpl          com.tapman104.mpvplayer              D  mPopUpViewOffsets: offset=(0.0, 0.0), scale=(1.0, 1.0)
2026-06-28 21:18:06.066  1624-3202  PackageConfigPersister  system_server                        W  App-specific configuration not found for packageName: com.tapman104.mpvplayer and userId: 0
2026-06-28 21:18:06.195  1624-1648  WindowManager           system_server                        D  setParent old=ActivityRecord{243212055 u0 com.tapman104.mpvplayer/.PlayerActivity t171},new=null,this window=Window{86f400d u0 com.tapman104.mpvplayer/com.tapman104.mpvplayer.PlayerActivity},callers=com.android.server.wm.WindowContainer.removeChild:896 com.android.server.wm.ActivityRecord.removeChild:4597 com.android.server.wm.ActivityRecord.removeChild:403 com.android.server.wm.WindowContainer.removeImmediately:949 com.android.server.wm.WindowState.removeImmediately:2255 com.android.server.wm.WindowState.destroySurface:3297 
2026-06-28 21:18:06.780  1624-3202  WindowManager           system_server                        W  Changing focus from Window{74264ff u0 com.tapman104.mpvplayer/com.tapman104.mpvplayer.PlayerActivity} to Window{b98f322 u0 com.tapman104.mpvplayer/com.tapman104.mpvplayer.PlayerActivity} displayId=0 Callers=com.android.server.wm.RootWindowContainer.updateFocusedWindowLocked:494 com.android.server.wm.WindowManagerService.updateFocusedWindowLocked:6824 com.android.server.wm.WindowManagerService.addWindowInner:2008 com.android.server.wm.WindowManagerService.addWindow:1929 
2026-06-28 21:18:06.806  1624-3202  CoreBackPreview         system_server                        D  Window{b98f322 u0 com.tapman104.mpvplayer/com.tapman104.mpvplayer.PlayerActivity}: Setting back callback OnBackInvokedCallbackInfo{mCallback=android.window.IOnBackInvokedCallback$Stub$Proxy@75e4370, mPriority=0, mIsAnimationCallback=false, mOverrideBehavior=0}
2026-06-28 21:18:06.836 18971-18971 NtViewRootImpl          com.tapman104.mpvplayer              D  mPopUpViewOffsets: offset=(0.0, 0.0), scale=(1.0, 1.0)
2026-06-28 21:18:06.893  1624-1647  NtPerfTraceManagerImpl  system_server                        D  packageName = com.tapman104.mpvplayer, taskId = 171
2026-06-28 21:18:06.895 18971-18971 NtViewRootImpl          com.tapman104.mpvplayer              D  mPopUpViewOffsets: offset=(0.0, 0.0), scale=(1.0, 1.0)
2026-06-28 21:18:06.907  1624-3200  PackageConfigPersister  system_server                        W  App-specific configuration not found for packageName: com.tapman104.mpvplayer and userId: 0
2026-06-28 21:18:08.763  1624-1639  CoreBackPreview         system_server                        D  Window{b98f322 u0 com.tapman104.mpvplayer/com.tapman104.mpvplayer.PlayerActivity}: Setting back callback null
2026-06-28 21:18:08.778  1624-1639  WindowManager           system_server                        W  Changing focus from Window{b98f322 u0 com.tapman104.mpvplayer/com.tapman104.mpvplayer.PlayerActivity EXITING} to Window{74264ff u0 com.tapman104.mpvplayer/com.tapman104.mpvplayer.PlayerActivity} displayId=0 Callers=com.android.server.wm.RootWindowContainer.updateFocusedWindowLocked:494 com.android.server.wm.WindowManagerService.updateFocusedWindowLocked:6824 com.android.server.wm.WindowState.setupWindowForRemoveOnExit:2461 com.android.server.wm.WindowState.removeIfPossible:2408 
2026-06-28 21:18:08.801  1624-1647  NtPerfTraceManagerImpl  system_server                        D  packageName = com.tapman104.mpvplayer, taskId = 171
2026-06-28 21:18:08.806 18971-18971 NtViewRootImpl          com.tapman104.mpvplayer              D  mPopUpViewOffsets: offset=(0.0, 0.0), scale=(1.0, 1.0)
2026-06-28 21:18:08.819  1624-2325  PackageConfigPersister  system_server                        W  App-specific configuration not found for packageName: com.tapman104.mpvplayer and userId: 0
2026-06-28 21:18:08.941  1624-1648  WindowManager           system_server                        D  setParent old=ActivityRecord{243212055 u0 com.tapman104.mpvplayer/.PlayerActivity t171},new=null,this window=Window{b98f322 u0 com.tapman104.mpvplayer/com.tapman104.mpvplayer.PlayerActivity},callers=com.android.server.wm.WindowContainer.removeChild:896 com.android.server.wm.ActivityRecord.removeChild:4597 com.android.server.wm.ActivityRecord.removeChild:403 com.android.server.wm.WindowContainer.removeImmediately:949 com.android.server.wm.WindowState.removeImmediately:2255 com.android.server.wm.WindowState.destroySurface:3297 
2026-06-28 21:18:09.445  1624-2325  WindowManager           system_server                        W  Changing focus from Window{74264ff u0 com.tapman104.mpvplayer/com.tapman104.mpvplayer.PlayerActivity} to Window{558aa82 u0 com.tapman104.mpvplayer/com.tapman104.mpvplayer.PlayerActivity} displayId=0 Callers=com.android.server.wm.RootWindowContainer.updateFocusedWindowLocked:494 com.android.server.wm.WindowManagerService.updateFocusedWindowLocked:6824 com.android.server.wm.WindowManagerService.addWindowInner:2008 com.android.server.wm.WindowManagerService.addWindow:1929 
2026-06-28 21:18:09.467  1624-2325  CoreBackPreview         system_server                        D  Window{558aa82 u0 com.tapman104.mpvplayer/com.tapman104.mpvplayer.PlayerActivity}: Setting back callback OnBackInvokedCallbackInfo{mCallback=android.window.IOnBackInvokedCallback$Stub$Proxy@61039d0, mPriority=0, mIsAnimationCallback=false, mOverrideBehavior=0}
2026-06-28 21:18:09.500 18971-18971 NtViewRootImpl          com.tapman104.mpvplayer              D  mPopUpViewOffsets: offset=(0.0, 0.0), scale=(1.0, 1.0)
2026-06-28 21:18:09.551  1624-1647  NtPerfTraceManagerImpl  system_server                        D  packageName = com.tapman104.mpvplayer, taskId = 171
2026-06-28 21:18:09.554 18971-18971 NtViewRootImpl          com.tapman104.mpvplayer              D  mPopUpViewOffsets: offset=(0.0, 0.0), scale=(1.0, 1.0)
2026-06-28 21:18:09.566  1624-1639  PackageConfigPersister  system_server                        W  App-specific configuration not found for packageName: com.tapman104.mpvplayer and userId: 0
2026-06-28 21:18:10.079  1624-2325  CoreBackPreview         system_server                        D  Window{558aa82 u0 com.tapman104.mpvplayer/com.tapman104.mpvplayer.PlayerActivity}: Setting back callback null
2026-06-28 21:18:10.101  1624-2325  WindowManager           system_server                        W  Changing focus from Window{558aa82 u0 com.tapman104.mpvplayer/com.tapman104.mpvplayer.PlayerActivity EXITING} to Window{74264ff u0 com.tapman104.mpvplayer/com.tapman104.mpvplayer.PlayerActivity} displayId=0 Callers=com.android.server.wm.RootWindowContainer.updateFocusedWindowLocked:494 com.android.server.wm.WindowManagerService.updateFocusedWindowLocked:6824 com.android.server.wm.WindowState.setupWindowForRemoveOnExit:2461 com.android.server.wm.WindowState.removeIfPossible:2408 
2026-06-28 21:18:10.113  1624-2325  WindowManager           system_server                        W  Changing focus from Window{74264ff u0 com.tapman104.mpvplayer/com.tapman104.mpvplayer.PlayerActivity} to Window{99dd983 u0 com.tapman104.mpvplayer/com.tapman104.mpvplayer.PlayerActivity} displayId=0 Callers=com.android.server.wm.RootWindowContainer.updateFocusedWindowLocked:494 com.android.server.wm.WindowManagerService.updateFocusedWindowLocked:6824 com.android.server.wm.WindowManagerService.addWindowInner:2008 com.android.server.wm.WindowManagerService.addWindow:1929 
2026-06-28 21:18:10.122  1624-1647  NtPerfTraceManagerImpl  system_server                        D  packageName = com.tapman104.mpvplayer, taskId = 171
2026-06-28 21:18:10.151  1624-1639  CoreBackPreview         system_server                        D  Window{99dd983 u0 com.tapman104.mpvplayer/com.tapman104.mpvplayer.PlayerActivity}: Setting back callback OnBackInvokedCallbackInfo{mCallback=android.window.IOnBackInvokedCallback$Stub$Proxy@bda8adf, mPriority=0, mIsAnimationCallback=false, mOverrideBehavior=0}
2026-06-28 21:18:10.197 18971-18971 NtViewRootImpl          com.tapman104.mpvplayer              D  mPopUpViewOffsets: offset=(0.0, 0.0), scale=(1.0, 1.0)
2026-06-28 21:18:10.262  1624-1648  WindowManager           system_server                        D  setParent old=ActivityRecord{243212055 u0 com.tapman104.mpvplayer/.PlayerActivity t171},new=null,this window=Window{558aa82 u0 com.tapman104.mpvplayer/com.tapman104.mpvplayer.PlayerActivity},callers=com.android.server.wm.WindowContainer.removeChild:896 com.android.server.wm.ActivityRecord.removeChild:4597 com.android.server.wm.ActivityRecord.removeChild:403 com.android.server.wm.WindowContainer.removeImmediately:949 com.android.server.wm.WindowState.removeImmediately:2255 com.android.server.wm.WindowState.destroySurface:3297 
2026-06-28 21:18:10.273  1624-1647  NtPerfTraceManagerImpl  system_server                        D  packageName = com.tapman104.mpvplayer, taskId = 171
2026-06-28 21:18:10.285 18971-18971 NtViewRootImpl          com.tapman104.mpvplayer              D  mPopUpViewOffsets: offset=(0.0, 0.0), scale=(1.0, 1.0)
2026-06-28 21:18:10.306  1624-3202  PackageConfigPersister  system_server                        W  App-specific configuration not found for packageName: com.tapman104.mpvplayer and userId: 0
2026-06-28 21:18:13.982  1624-3202  CoreBackPreview         system_server                        D  Window{99dd983 u0 com.tapman104.mpvplayer/com.tapman104.mpvplayer.PlayerActivity}: Setting back callback null
2026-06-28 21:18:14.006  1624-3202  WindowManager           system_server                        W  Changing focus from Window{99dd983 u0 com.tapman104.mpvplayer/com.tapman104.mpvplayer.PlayerActivity EXITING} to Window{74264ff u0 com.tapman104.mpvplayer/com.tapman104.mpvplayer.PlayerActivity} displayId=0 Callers=com.android.server.wm.RootWindowContainer.updateFocusedWindowLocked:494 com.android.server.wm.WindowManagerService.updateFocusedWindowLocked:6824 com.android.server.wm.WindowState.setupWindowForRemoveOnExit:2461 com.android.server.wm.WindowState.removeIfPossible:2408 
2026-06-28 21:18:14.030  1624-1647  NtPerfTraceManagerImpl  system_server                        D  packageName = com.tapman104.mpvplayer, taskId = 171
2026-06-28 21:18:14.041 18971-18971 NtViewRootImpl          com.tapman104.mpvplayer              D  mPopUpViewOffsets: offset=(0.0, 0.0), scale=(1.0, 1.0)
2026-06-28 21:18:14.045  1624-3200  PackageConfigPersister  system_server                        W  App-specific configuration not found for packageName: com.tapman104.mpvplayer and userId: 0
2026-06-28 21:18:14.167  1624-1648  WindowManager           system_server                        D  setParent old=ActivityRecord{243212055 u0 com.tapman104.mpvplayer/.PlayerActivity t171},new=null,this window=Window{99dd983 u0 com.tapman104.mpvplayer/com.tapman104.mpvplayer.PlayerActivity},callers=com.android.server.wm.WindowContainer.removeChild:896 com.android.server.wm.ActivityRecord.removeChild:4597 com.android.server.wm.ActivityRecord.removeChild:403 com.android.server.wm.WindowContainer.removeImmediately:949 com.android.server.wm.WindowState.removeImmediately:2255 com.android.server.wm.WindowState.destroySurface:3297 
2026-06-28 21:18:14.873  1624-3202  AppOps                  system_server                        E  attributionTag  not declared in manifest of com.tapman104.mpvplayer
2026-06-28 21:18:14.874  1624-3202  AppOps                  system_server                        E  attributionTag  not declared in manifest of com.tapman104.mpvplayer
2026-06-28 21:18:15.255  1624-2025  NtAudioGlyphServiceImpl system_server                        D  onAudioTrackStop request:AudioLightRequest@418ebb4{Id:107,uid:10273,pid:18971,noAudio:false,csvId:-1,pkg:com.tapman104.mpvplayer,session:1113,addby:2}
2026-06-28 21:18:15.256  1624-2025  NtAudioGlyphServiceImpl system_server                        D  AudioLightRequests[0]- AudioLightRequest@418ebb4{Id:107,uid:10273,pid:18971,noAudio:false,csvId:-1,pkg:com.tapman104.mpvplayer,session:1113,addby:2}
2026-06-28 21:18:15.259  1624-2025  NtAudioGlyphServiceImpl system_server                        D  onAudioTrackStop request:AudioLightRequest@418ebb4{Id:107,uid:10273,pid:18971,noAudio:false,csvId:-1,pkg:com.tapman104.mpvplayer,session:1113,addby:2}
2026-06-28 21:18:15.259  1624-2025  NtAudioGlyphServiceImpl system_server                        D  AudioLightRequests[0]- AudioLightRequest@418ebb4{Id:107,uid:10273,pid:18971,noAudio:false,csvId:-1,pkg:com.tapman104.mpvplayer,session:1113,addby:2}
2026-06-28 21:18:16.425  1624-2325  AppOps                  system_server                        E  attributionTag  not declared in manifest of com.tapman104.mpvplayer
2026-06-28 21:18:16.426  1624-2325  AppOps                  system_server                        E  attributionTag  not declared in manifest of com.tapman104.mpvplayer
2026-06-28 21:18:16.826  1624-3200  NtAudioGlyphServiceImpl system_server                        D  addAudioLightRequest for uid:10273 pid:18971 pkgName:com.tapman104.mpvplayer audioType:3 addby: 2 sessionId:1113 with lightId:107 csvId:-1 noAudio:false
2026-06-28 21:18:16.827  1624-3200  NtAudioGlyphServiceImpl system_server                        D  AudioLightRequests[1]+ AudioLightRequest@21f5d53{Id:107,uid:10273,pid:18971,noAudio:false,csvId:-1,pkg:com.tapman104.mpvplayer,session:-1,addby:2}
2026-06-28 21:18:16.827  1624-3200  AS.AudioService         system_server                        D  [reportAudioTrackStatusChanged]start broadcast, pid = 18971, uid = 10273, status = 0, streamType = 3, pkgName = com.tapman104.mpvplayer, sessionId = 1113
2026-06-28 21:18:17.363  1624-3200  AppOps                  system_server                        E  attributionTag  not declared in manifest of com.tapman104.mpvplayer
2026-06-28 21:18:17.364  1624-3202  AppOps                  system_server                        E  attributionTag  not declared in manifest of com.tapman104.mpvplayer
2026-06-28 21:18:17.587  1624-3200  AppOps                  system_server                        E  attributionTag  not declared in manifest of com.tapman104.mpvplayer
2026-06-28 21:18:17.588  1624-2325  AppOps                  system_server                        E  attributionTag  not declared in manifest of com.tapman104.mpvplayer
2026-06-28 21:18:17.718  1624-3200  AppOps                  system_server                        E  attributionTag  not declared in manifest of com.tapman104.mpvplayer
2026-06-28 21:18:17.719  1624-3200  AppOps                  system_server                        E  attributionTag  not declared in manifest of com.tapman104.mpvplayer
2026-06-28 21:18:17.748  1624-2025  NtAudioGlyphServiceImpl system_server                        D  onAudioTrackStop request:AudioLightRequest@21f5d53{Id:107,uid:10273,pid:18971,noAudio:false,csvId:-1,pkg:com.tapman104.mpvplayer,session:1113,addby:2}
2026-06-28 21:18:17.748  1624-2025  NtAudioGlyphServiceImpl system_server                        D  AudioLightRequests[0]- AudioLightRequest@21f5d53{Id:107,uid:10273,pid:18971,noAudio:false,csvId:-1,pkg:com.tapman104.mpvplayer,session:1113,addby:2}
2026-06-28 21:18:17.748  1624-2025  NtAudioGlyphServiceImpl system_server                        D  onAudioTrackStop request:AudioLightRequest@21f5d53{Id:107,uid:10273,pid:18971,noAudio:false,csvId:-1,pkg:com.tapman104.mpvplayer,session:1113,addby:2}
2026-06-28 21:18:17.748  1624-2025  NtAudioGlyphServiceImpl system_server                        D  AudioLightRequests[0]- AudioLightRequest@21f5d53{Id:107,uid:10273,pid:18971,noAudio:false,csvId:-1,pkg:com.tapman104.mpvplayer,session:1113,addby:2}
2026-06-28 21:18:17.928  1624-2325  AppOps                  system_server                        E  attributionTag  not declared in manifest of com.tapman104.mpvplayer
2026-06-28 21:18:17.937  1624-3200  AppOps                  system_server                        E  attributionTag  not declared in manifest of com.tapman104.mpvplayer
2026-06-28 21:18:18.099  1624-2025  NtAudioGlyphServiceImpl system_server                        D  onAudioTrackStop request:AudioLightRequest@21f5d53{Id:107,uid:10273,pid:18971,noAudio:false,csvId:-1,pkg:com.tapman104.mpvplayer,session:1113,addby:2}
2026-06-28 21:18:18.099  1624-2025  NtAudioGlyphServiceImpl system_server                        D  AudioLightRequests[0]- AudioLightRequest@21f5d53{Id:107,uid:10273,pid:18971,noAudio:false,csvId:-1,pkg:com.tapman104.mpvplayer,session:1113,addby:2}
2026-06-28 21:18:18.105  1624-2025  NtAudioGlyphServiceImpl system_server                        D  onAudioTrackStop request:AudioLightRequest@21f5d53{Id:107,uid:10273,pid:18971,noAudio:false,csvId:-1,pkg:com.tapman104.mpvplayer,session:1113,addby:2}
2026-06-28 21:18:18.105  1624-2025  NtAudioGlyphServiceImpl system_server                        D  AudioLightRequests[0]- AudioLightRequest@21f5d53{Id:107,uid:10273,pid:18971,noAudio:false,csvId:-1,pkg:com.tapman104.mpvplayer,session:1113,addby:2}
2026-06-28 21:18:18.336  1624-3200  NtAudioGlyphServiceImpl system_server                        D  addAudioLightRequest for uid:10273 pid:18971 pkgName:com.tapman104.mpvplayer audioType:3 addby: 2 sessionId:1113 with lightId:107 csvId:-1 noAudio:false
2026-06-28 21:18:18.336  1624-3200  NtAudioGlyphServiceImpl system_server                        D  AudioLightRequests[1]+ AudioLightRequest@6fc3690{Id:107,uid:10273,pid:18971,noAudio:false,csvId:-1,pkg:com.tapman104.mpvplayer,session:-1,addby:2}
2026-06-28 21:18:18.336  1624-3200  AS.AudioService         system_server                        D  [reportAudioTrackStatusChanged]start broadcast, pid = 18971, uid = 10273, status = 0, streamType = 3, pkgName = com.tapman104.mpvplayer, sessionId = 1113
2026-06-28 21:18:22.261  1624-3200  WindowManager           system_server                        W  Changing focus from Window{74264ff u0 com.tapman104.mpvplayer/com.tapman104.mpvplayer.PlayerActivity} to Window{3b87baf u0 com.tapman104.mpvplayer/com.tapman104.mpvplayer.PlayerActivity} displayId=0 Callers=com.android.server.wm.RootWindowContainer.updateFocusedWindowLocked:494 com.android.server.wm.WindowManagerService.updateFocusedWindowLocked:6824 com.android.server.wm.WindowManagerService.addWindowInner:2008 com.android.server.wm.WindowManagerService.addWindow:1929 
2026-06-28 21:18:22.287  1624-2325  CoreBackPreview         system_server                        D  Window{3b87baf u0 com.tapman104.mpvplayer/com.tapman104.mpvplayer.PlayerActivity}: Setting back callback OnBackInvokedCallbackInfo{mCallback=android.window.IOnBackInvokedCallback$Stub$Proxy@7ac1745, mPriority=0, mIsAnimationCallback=false, mOverrideBehavior=0}
2026-06-28 21:18:22.319 18971-18971 NtViewRootImpl          com.tapman104.mpvplayer              D  mPopUpViewOffsets: offset=(0.0, 0.0), scale=(1.0, 1.0)
2026-06-28 21:18:22.370  1624-1647  NtPerfTraceManagerImpl  system_server                        D  packageName = com.tapman104.mpvplayer, taskId = 171
2026-06-28 21:18:22.380 18971-18971 NtViewRootImpl          com.tapman104.mpvplayer              D  mPopUpViewOffsets: offset=(0.0, 0.0), scale=(1.0, 1.0)
2026-06-28 21:18:22.397  1624-3554  PackageConfigPersister  system_server                        W  App-specific configuration not found for packageName: com.tapman104.mpvplayer and userId: 0
2026-06-28 21:18:23.026  1624-3554  CoreBackPreview         system_server                        D  Window{3b87baf u0 com.tapman104.mpvplayer/com.tapman104.mpvplayer.PlayerActivity}: Setting back callback null
2026-06-28 21:18:23.038  1624-2325  WindowManager           system_server                        W  Changing focus from Window{3b87baf u0 com.tapman104.mpvplayer/com.tapman104.mpvplayer.PlayerActivity EXITING} to Window{74264ff u0 com.tapman104.mpvplayer/com.tapman104.mpvplayer.PlayerActivity} displayId=0 Callers=com.android.server.wm.RootWindowContainer.updateFocusedWindowLocked:494 com.android.server.wm.WindowManagerService.updateFocusedWindowLocked:6824 com.android.server.wm.WindowState.setupWindowForRemoveOnExit:2461 com.android.server.wm.WindowState.removeIfPossible:2408 
2026-06-28 21:18:23.056  1624-1647  NtPerfTraceManagerImpl  system_server                        D  packageName = com.tapman104.mpvplayer, taskId = 171
2026-06-28 21:18:23.062 18971-18971 NtViewRootImpl          com.tapman104.mpvplayer              D  mPopUpViewOffsets: offset=(0.0, 0.0), scale=(1.0, 1.0)
2026-06-28 21:18:23.067  1624-2324  PackageConfigPersister  system_server                        W  App-specific configuration not found for packageName: com.tapman104.mpvplayer and userId: 0
2026-06-28 21:18:23.197  1624-1648  WindowManager           system_server                        D  setParent old=ActivityRecord{243212055 u0 com.tapman104.mpvplayer/.PlayerActivity t171},new=null,this window=Window{3b87baf u0 com.tapman104.mpvplayer/com.tapman104.mpvplayer.PlayerActivity},callers=com.android.server.wm.WindowContainer.removeChild:896 com.android.server.wm.ActivityRecord.removeChild:4597 com.android.server.wm.ActivityRecord.removeChild:403 com.android.server.wm.WindowContainer.removeImmediately:949 com.android.server.wm.WindowState.removeImmediately:2255 com.android.server.wm.WindowState.destroySurface:3297 
2026-06-28 21:18:23.520  1624-2324  AppOps                  system_server                        E  attributionTag  not declared in manifest of com.tapman104.mpvplayer
2026-06-28 21:18:23.521  1624-3554  AppOps                  system_server                        E  attributionTag  not declared in manifest of com.tapman104.mpvplayer
2026-06-28 21:18:23.878  1624-3554  AppOps                  system_server                        E  attributionTag  not declared in manifest of com.tapman104.mpvplayer
2026-06-28 21:18:23.879  1624-3200  AppOps                  system_server                        E  attributionTag  not declared in manifest of com.tapman104.mpvplayer
2026-06-28 21:18:23.902  1624-2025  NtAudioGlyphServiceImpl system_server                        D  onAudioTrackStop request:AudioLightRequest@6fc3690{Id:107,uid:10273,pid:18971,noAudio:false,csvId:-1,pkg:com.tapman104.mpvplayer,session:1113,addby:2}
2026-06-28 21:18:23.902  1624-2025  NtAudioGlyphServiceImpl system_server                        D  AudioLightRequests[0]- AudioLightRequest@6fc3690{Id:107,uid:10273,pid:18971,noAudio:false,csvId:-1,pkg:com.tapman104.mpvplayer,session:1113,addby:2}
2026-06-28 21:18:23.906  1624-2025  NtAudioGlyphServiceImpl system_server                        D  onAudioTrackStop request:AudioLightRequest@6fc3690{Id:107,uid:10273,pid:18971,noAudio:false,csvId:-1,pkg:com.tapman104.mpvplayer,session:1113,addby:2}
2026-06-28 21:18:23.906  1624-2025  NtAudioGlyphServiceImpl system_server                        D  AudioLightRequests[0]- AudioLightRequest@6fc3690{Id:107,uid:10273,pid:18971,noAudio:false,csvId:-1,pkg:com.tapman104.mpvplayer,session:1113,addby:2}
2026-06-28 21:18:24.292  1624-2325  NtAudioGlyphServiceImpl system_server                        D  addAudioLightRequest for uid:10273 pid:18971 pkgName:com.tapman104.mpvplayer audioType:3 addby: 2 sessionId:1113 with lightId:107 csvId:-1 noAudio:false
2026-06-28 21:18:24.293  1624-2325  NtAudioGlyphServiceImpl system_server                        D  AudioLightRequests[1]+ AudioLightRequest@2b94269{Id:107,uid:10273,pid:18971,noAudio:false,csvId:-1,pkg:com.tapman104.mpvplayer,session:-1,addby:2}
2026-06-28 21:18:24.293  1624-2325  AS.AudioService         system_server                        D  [reportAudioTrackStatusChanged]start broadcast, pid = 18971, uid = 10273, status = 0, streamType = 3, pkgName = com.tapman104.mpvplayer, sessionId = 1113
2026-06-28 21:18:25.305  1624-2325  AppOps                  system_server                        E  attributionTag  not declared in manifest of com.tapman104.mpvplayer
2026-06-28 21:18:25.306  1624-3554  AppOps                  system_server                        E  attributionTag  not declared in manifest of com.tapman104.mpvplayer
2026-06-28 21:18:25.616  1624-3554  AppOps                  system_server                        E  attributionTag  not declared in manifest of com.tapman104.mpvplayer
2026-06-28 21:18:25.617  1624-3554  AppOps                  system_server                        E  attributionTag  not declared in manifest of com.tapman104.mpvplayer
2026-06-28 21:18:25.688  1624-2025  NtAudioGlyphServiceImpl system_server                        D  onAudioTrackStop request:AudioLightRequest@2b94269{Id:107,uid:10273,pid:18971,noAudio:false,csvId:-1,pkg:com.tapman104.mpvplayer,session:1113,addby:2}
2026-06-28 21:18:25.688  1624-2025  NtAudioGlyphServiceImpl system_server                        D  AudioLightRequests[0]- AudioLightRequest@2b94269{Id:107,uid:10273,pid:18971,noAudio:false,csvId:-1,pkg:com.tapman104.mpvplayer,session:1113,addby:2}
2026-06-28 21:18:25.689  1624-2025  NtAudioGlyphServiceImpl system_server                        D  onAudioTrackStop request:AudioLightRequest@2b94269{Id:107,uid:10273,pid:18971,noAudio:false,csvId:-1,pkg:com.tapman104.mpvplayer,session:1113,addby:2}
2026-06-28 21:18:25.689  1624-2025  NtAudioGlyphServiceImpl system_server                        D  AudioLightRequests[0]- AudioLightRequest@2b94269{Id:107,uid:10273,pid:18971,noAudio:false,csvId:-1,pkg:com.tapman104.mpvplayer,session:1113,addby:2}
2026-06-28 21:18:25.928  1624-2025  NtAudioGlyphServiceImpl system_server                        D  onAudioTrackStop request:AudioLightRequest@2b94269{Id:107,uid:10273,pid:18971,noAudio:false,csvId:-1,pkg:com.tapman104.mpvplayer,session:1113,addby:2}
2026-06-28 21:18:25.929  1624-2025  NtAudioGlyphServiceImpl system_server                        D  AudioLightRequests[0]- AudioLightRequest@2b94269{Id:107,uid:10273,pid:18971,noAudio:false,csvId:-1,pkg:com.tapman104.mpvplayer,session:1113,addby:2}
2026-06-28 21:18:26.037  1624-3200  NtAudioGlyphServiceImpl system_server                        D  addAudioLightRequest for uid:10273 pid:18971 pkgName:com.tapman104.mpvplayer audioType:3 addby: 2 sessionId:1113 with lightId:107 csvId:-1 noAudio:false
2026-06-28 21:18:26.037  1624-3200  NtAudioGlyphServiceImpl system_server                        D  AudioLightRequests[1]+ AudioLightRequest@91a9c25{Id:107,uid:10273,pid:18971,noAudio:false,csvId:-1,pkg:com.tapman104.mpvplayer,session:-1,addby:2}
2026-06-28 21:18:26.038  1624-3200  AS.AudioService         system_server                        D  [reportAudioTrackStatusChanged]start broadcast, pid = 18971, uid = 10273, status = 0, streamType = 3, pkgName = com.tapman104.mpvplayer, sessionId = 1113
2026-06-28 21:18:26.268  1624-2325  AppOps                  system_server                        E  attributionTag  not declared in manifest of com.tapman104.mpvplayer
2026-06-28 21:18:26.269  1624-2325  AppOps                  system_server                        E  attributionTag  not declared in manifest of com.tapman104.mpvplayer
2026-06-28 21:18:26.650  1624-2025  NtAudioGlyphServiceImpl system_server                        D  onAudioTrackStop request:AudioLightRequest@91a9c25{Id:107,uid:10273,pid:18971,noAudio:false,csvId:-1,pkg:com.tapman104.mpvplayer,session:1113,addby:2}
2026-06-28 21:18:26.650  1624-2025  NtAudioGlyphServiceImpl system_server                        D  AudioLightRequests[0]- AudioLightRequest@91a9c25{Id:107,uid:10273,pid:18971,noAudio:false,csvId:-1,pkg:com.tapman104.mpvplayer,session:1113,addby:2}
2026-06-28 21:18:26.658  1624-2025  NtAudioGlyphServiceImpl system_server                        D  onAudioTrackStop request:AudioLightRequest@91a9c25{Id:107,uid:10273,pid:18971,noAudio:false,csvId:-1,pkg:com.tapman104.mpvplayer,session:1113,addby:2}
2026-06-28 21:18:26.658  1624-2025  NtAudioGlyphServiceImpl system_server                        D  AudioLightRequests[0]- AudioLightRequest@91a9c25{Id:107,uid:10273,pid:18971,noAudio:false,csvId:-1,pkg:com.tapman104.mpvplayer,session:1113,addby:2}
2026-06-28 21:18:26.974  1624-2025  NtAudioGlyphServiceImpl system_server                        D  onAudioTrackStop request:AudioLightRequest@91a9c25{Id:107,uid:10273,pid:18971,noAudio:false,csvId:-1,pkg:com.tapman104.mpvplayer,session:1113,addby:2}
2026-06-28 21:18:26.974  1624-2025  NtAudioGlyphServiceImpl system_server                        D  AudioLightRequests[0]- AudioLightRequest@91a9c25{Id:107,uid:10273,pid:18971,noAudio:false,csvId:-1,pkg:com.tapman104.mpvplayer,session:1113,addby:2}
2026-06-28 21:18:29.753  1624-2325  AppOps                  system_server                        E  attributionTag  not declared in manifest of com.tapman104.mpvplayer
2026-06-28 21:18:29.754  1624-3202  AppOps                  system_server                        E  attributionTag  not declared in manifest of com.tapman104.mpvplayer
2026-06-28 21:18:29.799  1624-3202  AppOps                  system_server                        E  attributionTag  not declared in manifest of com.tapman104.mpvplayer
2026-06-28 21:18:29.799  1624-3202  AppOps                  system_server                        E  attributionTag  not declared in manifest of com.tapman104.mpvplayer
2026-06-28 21:18:30.146 18971-19772 Codec2Client            com.tapman104.mpvplayer              W  query -- param skipped: index = 1342179345.
2026-06-28 21:18:30.146 18971-19772 Codec2Client            com.tapman104.mpvplayer              W  query -- param skipped: index = 2415921170.
2026-06-28 21:18:30.146 18971-19772 Codec2Client            com.tapman104.mpvplayer              W  query -- param skipped: index = 1610614798.
2026-06-28 21:18:30.148 18971-19772 MediaCodec              com.tapman104.mpvplayer              D  [0xb4000072dc5031d0] setState: 7
2026-06-28 21:18:30.152 18971-19773 PipelineWatcher         com.tapman104.mpvplayer              D  onWorkDone: frameIndex not found (18446744073709551615); ignored
2026-06-28 21:18:30.153 18971-19772 MediaCodec              com.tapman104.mpvplayer              D  [0xb4000072dc5031d0] setState: 6
2026-06-28 21:18:30.153 18971-19773 CCodecBufferChannel     com.tapman104.mpvplayer              D  [c2.mtk.avc.decoder#906] flushed work; ignored.
2026-06-28 21:18:30.153 18971-19773 CCodecBufferChannel     com.tapman104.mpvplayer              D  [c2.mtk.avc.decoder#906] Discard frames from previous generation.
2026-06-28 21:18:30.153 18971-19773 PipelineWatcher         com.tapman104.mpvplayer              D  onWorkDone: frameIndex not found (18446744073709551615); ignored
2026-06-28 21:18:30.153 18971-19773 CCodecBufferChannel     com.tapman104.mpvplayer              D  [c2.mtk.avc.decoder#906] flushed work not feedInput.
2026-06-28 21:18:30.153 18971-19772 CCodecConfig            com.tapman104.mpvplayer              I  query failed after returning 19 values (BAD_INDEX)
2026-06-28 21:18:30.153 18971-19773 CCodecBufferChannel     com.tapman104.mpvplayer              D  [c2.mtk.avc.decoder#906] flushed work; ignored.
2026-06-28 21:18:30.153 18971-19773 CCodecBufferChannel     com.tapman104.mpvplayer              D  [c2.mtk.avc.decoder#906] Discard frames from previous generation.
2026-06-28 21:18:30.153 18971-19773 PipelineWatcher         com.tapman104.mpvplayer              D  onWorkDone: frameIndex not found (18446744073709551615); ignored
2026-06-28 21:18:30.153 18971-19773 CCodecBufferChannel     com.tapman104.mpvplayer              D  [c2.mtk.avc.decoder#906] flushed work not feedInput.
2026-06-28 21:18:30.153 18971-19773 CCodecBufferChannel     com.tapman104.mpvplayer              D  [c2.mtk.avc.decoder#906] flushed work; ignored.
2026-06-28 21:18:30.153 18971-19773 CCodecBufferChannel     com.tapman104.mpvplayer              D  [c2.mtk.avc.decoder#906] Discard frames from previous generation.
2026-06-28 21:18:30.153 18971-19773 PipelineWatcher         com.tapman104.mpvplayer              D  onWorkDone: frameIndex not found (18446744073709551615); ignored
2026-06-28 21:18:30.153 18971-19773 CCodecBufferChannel     com.tapman104.mpvplayer              D  [c2.mtk.avc.decoder#906] flushed work not feedInput.
2026-06-28 21:18:30.153 18971-19773 CCodecBufferChannel     com.tapman104.mpvplayer              D  [c2.mtk.avc.decoder#906] flushed work; ignored.
