2026-06-28 21:18:39.545 18971-19773 PipelineWatcher         com.tapman104.mpvplayer              D  onWorkDone: frameIndex not found (18446744073709551615); ignored
2026-06-28 21:18:39.545 18971-19773 CCodecBufferChannel     com.tapman104.mpvplayer              D  [c2.mtk.avc.decoder#906] flushed work not feedInput.
2026-06-28 21:18:39.545 18971-19773 CCodecBufferChannel     com.tapman104.mpvplayer              D  [c2.mtk.avc.decoder#906] flushed work; ignored.
2026-06-28 21:18:39.545 18971-19773 CCodecBufferChannel     com.tapman104.mpvplayer              D  [c2.mtk.avc.decoder#906] Discard frames from previous generation.
2026-06-28 21:18:39.545 18971-19773 PipelineWatcher         com.tapman104.mpvplayer              D  onWorkDone: frameIndex not found (18446744073709551615); ignored
2026-06-28 21:18:39.545 18971-19773 CCodecBufferChannel     com.tapman104.mpvplayer              D  [c2.mtk.avc.decoder#906] flushed work not feedInput.
2026-06-28 21:18:39.545 18971-19773 CCodecBufferChannel     com.tapman104.mpvplayer              D  [c2.mtk.avc.decoder#906] flushed work; ignored.
2026-06-28 21:18:39.545 18971-19773 CCodecBufferChannel     com.tapman104.mpvplayer              D  [c2.mtk.avc.decoder#906] Discard frames from previous generation.
2026-06-28 21:18:39.545 18971-19773 PipelineWatcher         com.tapman104.mpvplayer              D  onWorkDone: frameIndex not found (18446744073709551615); ignored
2026-06-28 21:18:39.545 18971-19773 CCodecBufferChannel     com.tapman104.mpvplayer              D  [c2.mtk.avc.decoder#906] flushed work not feedInput.
2026-06-28 21:18:39.546 18971-19773 CCodecBufferChannel     com.tapman104.mpvplayer              D  [c2.mtk.avc.decoder#906] flushed work; ignored.
2026-06-28 21:18:39.546 18971-19773 CCodecBufferChannel     com.tapman104.mpvplayer              D  [c2.mtk.avc.decoder#906] Discard frames from previous generation.
2026-06-28 21:18:39.546 18971-19773 PipelineWatcher         com.tapman104.mpvplayer              D  onWorkDone: frameIndex not found (18446744073709551615); ignored
2026-06-28 21:18:39.546 18971-19773 CCodecBufferChannel     com.tapman104.mpvplayer              D  [c2.mtk.avc.decoder#906] flushed work not feedInput.
2026-06-28 21:18:39.546 18971-19773 CCodecBufferChannel     com.tapman104.mpvplayer              D  [c2.mtk.avc.decoder#906] flushed work; ignored.
2026-06-28 21:18:39.546 18971-19773 CCodecBufferChannel     com.tapman104.mpvplayer              D  [c2.mtk.avc.decoder#906] Discard frames from previous generation.
2026-06-28 21:18:39.546 18971-19773 PipelineWatcher         com.tapman104.mpvplayer              D  onWorkDone: frameIndex not found (18446744073709551615); ignored
2026-06-28 21:18:39.546 18971-19773 CCodecBufferChannel     com.tapman104.mpvplayer              D  [c2.mtk.avc.decoder#906] flushed work not feedInput.
2026-06-28 21:18:39.546 18971-19772 Codec2Client            com.tapman104.mpvplayer              W  query -- param skipped: index = 1342179345.
2026-06-28 21:18:39.546 18971-19772 Codec2Client            com.tapman104.mpvplayer              W  query -- param skipped: index = 2415921170.
2026-06-28 21:18:39.546 18971-19772 Codec2Client            com.tapman104.mpvplayer              W  query -- param skipped: index = 1610614798.
2026-06-28 21:18:39.547 18971-19503 mpv                     com.tapman104.mpvplayer              V  [cplayer:v] hr-seek, skipping to 275.919000
2026-06-28 21:18:39.548 18971-19503 mpv                     com.tapman104.mpvplayer              V  event: seek
2026-06-28 21:18:39.548  1624-3202  PowerHalWrapper         system_server                        I  <amsBoostResume> last:com.tapman104.mpvplayer, next:com.tapman104.mpvplayerhasATProcess:true 
2026-06-28 21:18:39.548 18971-19503 MpvEventDispatcher      com.tapman104.mpvplayer              D  Received MPV event: 20
2026-06-28 21:18:39.552 18971-19773 CCodecBufferChannel     com.tapman104.mpvplayer              D  [c2.mtk.avc.decoder#906] Discard frames from previous generation.
2026-06-28 21:18:39.552 18971-19773 Codec2-Out...ufferQueue com.tapman104.mpvplayer              D  set max dequeue count 19 from update
2026-06-28 21:18:39.555 18971-19772 CCodecBufferChannel     com.tapman104.mpvplayer              D  [c2.mtk.avc.decoder#906] send inputSlots num:8 to codec
2026-06-28 21:18:39.557 18971-19515 CCodecBufferChannel     com.tapman104.mpvplayer              D  [c2.mtk.avc.decoder#906] Ignoring stale input buffer done callback: last flush index = 2114, frameIndex = 2114
2026-06-28 21:18:39.568 18971-19503 mpv                     com.tapman104.mpvplayer              V  [vd:v] Decoder format: 1920x1080 [0:1] mediacodec bt.709/bt.709/bt.1886/limited/auto CL=unknown crop=1920x1080+0+0 A=none
2026-06-28 21:18:39.569 18971-19503 mpv                     com.tapman104.mpvplayer              V  [vd:warn] Setting video-aspect-override to -1 is deprecated.
2026-06-28 21:18:39.570 18971-19503 mpv                     com.tapman104.mpvplayer              V  [vd:warn] Use --video-aspect-override=no --video-aspect-mode=container instead.
2026-06-28 21:18:39.571 18971-19503 mpv                     com.tapman104.mpvplayer              V  [vd:v] Using container aspect ratio.
2026-06-28 21:18:39.597  1624-2325  NtMemoryManager         system_server                        D  mIsHighPressureScene: false : com.tapman104.mpvplayer
2026-06-28 21:18:39.597  1624-2325  NtProcessManager        system_server                        D  Top app: com.tapman104.mpvplayer
2026-06-28 21:18:39.598  1624-2325  WindowManager           system_server                        D  [SG_DEBUG]Set SyncGroup{id=570 name=Transition-CLOSE} on ActivityRecord{225972549 u0 com.tapman104.mpvplayer/.MainActivity t171}
2026-06-28 21:18:39.599  1624-2325  NtGameModeImpl          system_server                        V  onAppFocusChanged: pkg=com.tapman104.mpvplayer, uid=10273, category=-1, launchMode= 1
2026-06-28 21:18:39.599  1624-2325  NtPopUpViewImpl         system_server                        D  PopUpView: onAppFocusChanged: newTask=Task{1c0909a #171 type=standard A=10273:com.tapman104.mpvplayer}, showDimmer=false
2026-06-28 21:18:39.600  1624-2325  NtKafkaEventHelper      system_server                        D  onActivityRecordChanged: info com.tapman104.mpvplayer:10273:18971
2026-06-28 21:18:39.601  1624-2325  WindowManager           system_server                        W  Changing focus from Window{74264ff u0 com.tapman104.mpvplayer/com.tapman104.mpvplayer.PlayerActivity} to null displayId=0 Callers=com.android.server.wm.RootWindowContainer.updateFocusedWindowLocked:494 com.android.server.wm.WindowManagerService.updateFocusedWindowLocked:6824 com.android.server.wm.ActivityTaskManagerService.setLastResumedActivityUncheckLocked:5275 com.android.server.wm.ActivityTaskSupervisor.updateTopResumedActivityIfNeeded:2419 
2026-06-28 21:18:39.602  1624-2325  PowerHalWrapper         system_server                        I  amsBoostNotify pid:18971,activity:com.tapman104.mpvplayer.MainActivity, package:com.tapman104.mpvplayer, mProcessCreatePackcom.google.android.documentsui 
2026-06-28 21:18:39.602  1624-2325  mtkpower_client         system_server                        I  [PowerHal_Wrap_notifyAppState] com.tapman104.mpvplayer/com.tapman104.mpvplayer.MainActivity pid=18971 activityId:225972549 state:1
2026-06-28 21:18:39.602   991-991   vendor.med...e.mediatek ven...ower_applist-service.mediatek  I  packName: com.tapman104.mpvplayer actName: com.tapman104.mpvplayer.MainActivity pid: 18971 uid: 10273 state: 1
2026-06-28 21:18:39.602   991-991   MTK_APPList             ven...ower_applist-service.mediatek  I  [notifyAPPstate] com.tapman104.mpvplayer/com.tapman104.mpvplayer.MainActivity, pid=18971, uid=10273, state:RESUMED, fps:120, win:0
2026-06-28 21:18:39.602   991-991   MTK_APPList             ven...ower_applist-service.mediatek  I  [notifyAPPstate] multi_resumed_app_info[0] com.tapman104.mpvplayer/com.tapman104.mpvplayer.MainActivity, pid:18971, fps:120, isMultiWindow:0
2026-06-28 21:18:39.602   991-991   MTK_APPList             ven...ower_applist-service.mediatek  I  [notifyAPPstate] foreground:com.tapman104.mpvplayer, pid:18971, uid:10273
2026-06-28 21:18:39.603   991-991   MTK_APPList             ven...ower_applist-service.mediatek  I  [notifyAPPstate] act com.tapman104.mpvplayer.PlayerActivity => com.tapman104.mpvplayer.MainActivity
2026-06-28 21:18:39.605  1624-2325  PowerHalWrapper         system_server                        I  amsBoostNotify pid:18971,activity:com.tapman104.mpvplayer.MainActivity, package:com.tapman104.mpvplayer, mProcessCreatePackcom.google.android.documentsui 
2026-06-28 21:18:39.605  1624-2325  mtkpower_client         system_server                        I  [PowerHal_Wrap_notifyAppState] com.tapman104.mpvplayer/com.tapman104.mpvplayer.MainActivity pid=18971 activityId:225972549 state:1
2026-06-28 21:18:39.605   991-991   vendor.med...e.mediatek ven...ower_applist-service.mediatek  I  packName: com.tapman104.mpvplayer actName: com.tapman104.mpvplayer.MainActivity pid: 18971 uid: 10273 state: 1
2026-06-28 21:18:39.605   991-991   MTK_APPList             ven...ower_applist-service.mediatek  I  [notifyAPPstate] com.tapman104.mpvplayer/com.tapman104.mpvplayer.MainActivity, pid=18971, uid=10273, state:RESUMED, fps:120, win:0
2026-06-28 21:18:39.605   991-991   MTK_APPList             ven...ower_applist-service.mediatek  I  [notifyAPPstate] multi_resumed_app_info[0] com.tapman104.mpvplayer/com.tapman104.mpvplayer.MainActivity, pid:18971, fps:120, isMultiWindow:0
2026-06-28 21:18:39.605   991-991   MTK_APPList             ven...ower_applist-service.mediatek  I  [notifyAPPstate] foreground:com.tapman104.mpvplayer, pid:18971, uid:10273
2026-06-28 21:18:39.669 18971-18977 an104.mpvplayer         com.tapman104.mpvplayer              I  Background young concurrent mark compact GC freed 23MB AllocSpace bytes, 5(120KB) LOS objects, 78% free, 6595KB/29MB, paused 627us,9.487ms total 95.753ms
2026-06-28 21:18:39.682 18971-18971 ActivityThread          com.tapman104.mpvplayer              D  handleResumeActivity#3 r.window=com.android.internal.policy.PhoneWindow@5c5c7dba.mFinished = falsewillBeVisible = true
2026-06-28 21:18:39.709  1624-3202  WindowManager           system_server                        W  Changing focus from null to Window{831c23c u0 com.tapman104.mpvplayer/com.tapman104.mpvplayer.MainActivity} displayId=0 Callers=com.android.server.wm.RootWindowContainer.updateFocusedWindowLocked:494 com.android.server.wm.WindowManagerService.updateFocusedWindowLocked:6824 com.android.server.wm.WindowManagerService.relayoutWindow:2788 com.android.server.wm.Session.relayout:288 
2026-06-28 21:18:39.712  1624-3202  WindowManager           system_server                        I  Relayout Window{831c23c u0 com.tapman104.mpvplayer/com.tapman104.mpvplayer.MainActivity}: oldVis=4 newVis=0 focusMayChange = true requestedWidth = 1080 requestedHeight = 2400 outFrames = ClientWindowFrames{frame=[0,0][1080,2400] display=[0,0][1080,2400] parentFrame=[0,0][0,0]} outSurfaceControl = Surface(name=com.tapman104.mpvplayer/com.tapman104.mpvplayer.MainActivity)/@0x90b2e32
2026-06-28 21:18:39.716 18971-18971 BufferQueueConsumer     com.tapman104.mpvplayer              D  [](id:4a1b0000000e,api:0,p:-1,c:18971) connect: controlledByApp=false
2026-06-28 21:18:39.716 18971-18971 BLASTBufferQueue        com.tapman104.mpvplayer              D  [VRI[MainActivity]#13](f:0,a:0) constructor()
2026-06-28 21:18:39.716 18971-18971 BLASTBufferQueue        com.tapman104.mpvplayer              D  [VRI[MainActivity]#13](f:0,a:0) update width=1080 height=2400 format=-1 mTransformHint=0
2026-06-28 21:18:39.721  1624-1648  SurfaceComposerClient   system_server                        D  Transaction::apply InputWindowCommands.focusRequests timestamp=18714029455345, windowName=831c23c com.tapman104.mpvplayer/com.tapman104.mpvplayer.MainActivity
2026-06-28 21:18:39.735  1024-1402  SurfaceFlinger          surfaceflinger                       D  updateWinowInfo=1, setFocusedWindow timestamp=18714029455345, windowName=831c23c com.tapman104.mpvplayer/com.tapman104.mpvplayer.MainActivity
2026-06-28 21:18:39.735 18971-18990 BLASTBufferQueue        com.tapman104.mpvplayer              D  [VRI[MainActivity]#13](f:0,a:1) acquireNextBufferLocked size=1080x2400 mFrameNumber=1 applyTransaction=true mTimestamp=18714051332499(auto) mPendingTransactions.size=0 graphicBufferId=81479824575301 transform=0
2026-06-28 21:18:39.751  1624-1648  WindowManager           system_server                        D  [SG_DEBUG]Clear [finished]SyncGroup{id=570 name=Transition-CLOSE} on ActivityRecord{243212055 u0 com.tapman104.mpvplayer/.PlayerActivity t171 f}}
2026-06-28 21:18:39.752  1624-1648  WindowManager           system_server                        D  [SG_DEBUG]Clear [finished]SyncGroup{id=570 name=Transition-CLOSE} on ActivityRecord{225972549 u0 com.tapman104.mpvplayer/.MainActivity t171}
2026-06-28 21:18:39.757  1624-1644  WindowManager           system_server                        V      info={id=570 t=CLOSE f=0x0 trk=0 isSameTaskSwitch=false r=[0@Point(0, 0)] c=[
                                                                                                            {m=CLOSE f=FILLS_TASK leash=Surface(name=ActivityRecord{243212055 u0 com.tapman104.mpvplayer/.PlayerActivity t171})/@0x82c96fc sb=Rect(0, 0 - 2400, 1080) eb=Rect(0, 0 - 2400, 1080) epz=Point(2400, 1080) d=0 bc=ff141218 component=com.tapman104.mpvplayer/.PlayerActivity opt={t=FROM_STYLE mUserId=0} ntPopUpView={mIsTryEnterWindowingMode=false mIsEnterWindowingModeLandscape=false mIsChangingWindowformBounds=false mStartPos=Point(0, 0) mEndPos=Point(0, 0) mStartScale=0.0 mEndScale=0.0 mStartCornerRadius=0.0 mEndCornerRadius=0.0 mAppBounds=Rect(0, 0 - 0, 0) mWindowCrop=Rect(0, 0 - 0, 0) mStartDragOrChangingBounds=Rect(0, 0 - 0, 0) mEndDragOrChangingBounds=Rect(0, 0 - 0, 0) mBottomLeftCornerLeash=null mBottomRightCornerLeash=null mDragBarLeash=null mCornerHintSize=0x0 mDragBarSize=0x0}},
                                                                                                            {m=TO_FRONT f=NONE leash=Surface(name=Surface(name=ActivityRecord{225972549 u0 com.tapman104.mpvplayer/.MainActivity t171})/@0x7cefc7b - rotation-leash)/@0x2e01d00 sb=Rect(0, 0 - 2400, 1080) eb=Rect(0, 0 - 2400, 1080) epz=Point(2400, 1080) d=0 bc=ff141218 component=com.tapman104.mpvplayer/.MainActivity opt={t=FROM_STYLE mUserId=0} ntPopUpView={mIsTryEnterWindowingMode=false mIsEnterWindowingModeLandscape=false mIsChangingWindowformBounds=false mStartPos=Point(0, 0) mEndPos=Point(0, 0) mStartScale=0.0 mEndScale=0.0 mStartCornerRadius=0.0 mEndCornerRadius=0.0 mAppBounds=Rect(0, 0 - 0, 0) mWindowCrop=Rect(0, 0 - 0, 0) mStartDragOrChangingBounds=Rect(0, 0 - 0, 0) mEndDragOrChangingBounds=Rect(0, 0 - 0, 0) mBottomLeftCornerLeash=null mBottomRightCornerLeash=null mDragBarLeash=null mCornerHintSize=0x0 mDragBarSize=0x0}}
                                                                                                        ]}
2026-06-28 21:18:39.758  2013-2104  WindowManagerShell      com.android.systemui                 V  onTransitionReady (#570) android.os.BinderProxy@2054928: {id=570 t=CLOSE f=0x0 trk=0 isSameTaskSwitch=false r=[0@Point(0, 0)] c=[
                                                                                                            {m=CLOSE f=FILLS_TASK leash=Surface(name=ActivityRecord{243212055 u0 com.tapman104.mpvplayer/.PlayerActivity t171})/@0x57a8641 sb=Rect(0, 0 - 2400, 1080) eb=Rect(0, 0 - 2400, 1080) epz=Point(2400, 1080) d=0 bc=ff141218 component=com.tapman104.mpvplayer/.PlayerActivity opt={t=FROM_STYLE mUserId=0} ntPopUpView={mIsTryEnterWindowingMode=false mIsEnterWindowingModeLandscape=false mIsChangingWindowformBounds=false mStartPos=Point(0, 0) mEndPos=Point(0, 0) mStartScale=0.0 mEndScale=0.0 mStartCornerRadius=0.0 mEndCornerRadius=0.0 mAppBounds=Rect(0, 0 - 0, 0) mWindowCrop=Rect(0, 0 - 0, 0) mStartDragOrChangingBounds=Rect(0, 0 - 0, 0) mEndDragOrChangingBounds=Rect(0, 0 - 0, 0) mBottomLeftCornerLeash=null mBottomRightCornerLeash=null mDragBarLeash=null mCornerHintSize=0x0 mDragBarSize=0x0}},
                                                                                                            {m=TO_FRONT f=NONE leash=Surface(name=Surface(name=ActivityRecord{225972549 u0 com.tapman104.mpvplayer/.MainActivity t171})/@0x7cefc7b - rotation-leash)/@0x15927e6 sb=Rect(0, 0 - 2400, 1080) eb=Rect(0, 0 - 2400, 1080) epz=Point(2400, 1080) d=0 bc=ff141218 component=com.tapman104.mpvplayer/.MainActivity opt={t=FROM_STYLE mUserId=0} ntPopUpView={mIsTryEnterWindowingMode=false mIsEnterWindowingModeLandscape=false mIsChangingWindowformBounds=false mStartPos=Point(0, 0) mEndPos=Point(0, 0) mStartScale=0.0 mEndScale=0.0 mStartCornerRadius=0.0 mEndCornerRadius=0.0 mAppBounds=Rect(0, 0 - 0, 0) mWindowCrop=Rect(0, 0 - 0, 0) mStartDragOrChangingBounds=Rect(0, 0 - 0, 0) mEndDragOrChangingBounds=Rect(0, 0 - 0, 0) mBottomLeftCornerLeash=null mBottomRightCornerLeash=null mDragBarLeash=null mCornerHintSize=0x0 mDragBarSize=0x0}}
                                                                                                        ]}
2026-06-28 21:18:39.759  2013-2104  WindowManagerShell      com.android.systemui                 V  Transition doesn't have explicit remote, search filters for match for {id=570 t=CLOSE f=0x0 trk=0 isSameTaskSwitch=false r=[0@Point(0, 0)] c=[{m=CLOSE f=FILLS_TASK leash=Surface(name=ActivityRecord{243212055 u0 com.tapman104.mpvplayer/.PlayerActivity t171})/@0x57a8641 sb=Rect(0, 0 - 2400, 1080) eb=Rect(0, 0 - 2400, 1080) epz=Point(2400, 1080) d=0 bc=ff141218 component=com.tapman104.mpvplayer/.PlayerActivity opt={t=FROM_STYLE mUserId=0} ntPopUpView={mIsTryEnterWindowingMode=false mIsEnterWindowingModeLandscape=false mIsChangingWindowformBounds=false mStartPos=Point(0, 0) mEndPos=Point(0, 0) mStartScale=0.0 mEndScale=0.0 mStartCornerRadius=0.0 mEndCornerRadius=0.0 mAppBounds=Rect(0, 0 - 0, 0) mWindowCrop=Rect(0, 0 - 0, 0) mStartDragOrChangingBounds=Rect(0, 0 - 0, 0) mEndDragOrChangingBounds=Rect(0, 0 - 0, 0) mBottomLeftCornerLeash=null mBottomRightCornerLeash=null mDragBarLeash=null mCornerHintSize=0x0 mDragBarSize=0x0}},{m=TO_FRONT f=NONE leash=Surface(name=Surface(name=ActivityRecord{225972549 u0 com.tapman104.mpvplayer/.MainActivity t171})/@0x7cefc7b - rotation-leash)/@0x15927e6 sb=Rect(0, 0 - 2400, 1080) eb=Rect(0, 0 - 2400, 1080) epz=Point(2400, 1080) d=0 bc=ff141218 component=com.tapman104.mpvplayer/.MainActivity opt={t=FROM_STYLE mUserId=0} ntPopUpView={mIsTryEnterWindowingMode=false mIsEnterWindowingModeLandscape=false mIsChangingWindowformBounds=false mStartPos=Point(0, 0) mEndPos=Point(0, 0) mStartScale=0.0 mEndScale=0.0 mStartCornerRadius=0.0 mEndCornerRadius=0.0 mAppBounds=Rect(0, 0 - 0, 0) mWindowCrop=Rect(0, 0 - 0, 0) mStartDragOrChangingBounds=Rect(0, 0 - 0, 0) mEndDragOrChangingBounds=Rect(0, 0 - 0, 0) mBottomLeftCornerLeash=null mBottomRightCornerLeash=null mDragBarLeash=null mCornerHintSize=0x0 mDragBarSize=0x0}}]}
2026-06-28 21:18:39.760  2013-2104  WindowManagerShell      com.android.systemui                 V  start default transition animation, info = {id=570 t=CLOSE f=0x0 trk=0 isSameTaskSwitch=false r=[0@Point(0, 0)] c=[{m=CLOSE f=FILLS_TASK leash=Surface(name=ActivityRecord{243212055 u0 com.tapman104.mpvplayer/.PlayerActivity t171})/@0x57a8641 sb=Rect(0, 0 - 2400, 1080) eb=Rect(0, 0 - 2400, 1080) epz=Point(2400, 1080) d=0 bc=ff141218 component=com.tapman104.mpvplayer/.PlayerActivity opt={t=FROM_STYLE mUserId=0} ntPopUpView={mIsTryEnterWindowingMode=false mIsEnterWindowingModeLandscape=false mIsChangingWindowformBounds=false mStartPos=Point(0, 0) mEndPos=Point(0, 0) mStartScale=0.0 mEndScale=0.0 mStartCornerRadius=0.0 mEndCornerRadius=0.0 mAppBounds=Rect(0, 0 - 0, 0) mWindowCrop=Rect(0, 0 - 0, 0) mStartDragOrChangingBounds=Rect(0, 0 - 0, 0) mEndDragOrChangingBounds=Rect(0, 0 - 0, 0) mBottomLeftCornerLeash=null mBottomRightCornerLeash=null mDragBarLeash=null mCornerHintSize=0x0 mDragBarSize=0x0}},{m=TO_FRONT f=NONE leash=Surface(name=Surface(name=ActivityRecord{225972549 u0 com.tapman104.mpvplayer/.MainActivity t171})/@0x7cefc7b - rotation-leash)/@0x15927e6 sb=Rect(0, 0 - 2400, 1080) eb=Rect(0, 0 - 2400, 1080) epz=Point(2400, 1080) d=0 bc=ff141218 component=com.tapman104.mpvplayer/.MainActivity opt={t=FROM_STYLE mUserId=0} ntPopUpView={mIsTryEnterWindowingMode=false mIsEnterWindowingModeLandscape=false mIsChangingWindowformBounds=false mStartPos=Point(0, 0) mEndPos=Point(0, 0) mStartScale=0.0 mEndScale=0.0 mStartCornerRadius=0.0 mEndCornerRadius=0.0 mAppBounds=Rect(0, 0 - 0, 0) mWindowCrop=Rect(0, 0 - 0, 0) mStartDragOrChangingBounds=Rect(0, 0 - 0, 0) mEndDragOrChangingBounds=Rect(0, 0 - 0, 0) mBottomLeftCornerLeash=null mBottomRightCornerLeash=null mDragBarLeash=null mCornerHintSize=0x0 mDragBarSize=0x0}}]}
2026-06-28 21:18:39.788  1624-1647  NtPerfTraceManagerImpl  system_server                        D  packageName = com.tapman104.mpvplayer, taskId = 171
2026-06-28 21:18:39.793 18971-18971 NtViewRootImpl          com.tapman104.mpvplayer              D  mPopUpViewOffsets: offset=(0.0, 0.0), scale=(1.0, 1.0)
2026-06-28 21:18:39.796  1624-1850  ImeTracker              system_server                        I  com.tapman104.mpvplayer:72e3431c: onRequestHide at ORIGIN_SERVER reason HIDE_UNSPECIFIED_WINDOW fromUser false
2026-06-28 21:18:39.797 18971-18971 InsetsController        com.tapman104.mpvplayer              D  hide(ime(), fromIme=false)
2026-06-28 21:18:39.797 18971-18971 ImeTracker              com.tapman104.mpvplayer              I  com.tapman104.mpvplayer:72e3431c: onCancelled at PHASE_CLIENT_ALREADY_HIDDEN
2026-06-28 21:18:39.805  4334-4334  GoogleInpu...hodService com...gle.android.inputmethod.latin  I  GoogleInputMethodService.onStartInput():1454 onStartInput(EditorInfo{EditorInfo{packageName=com.tapman104.mpvplayer, inputType=0, inputTypeString=NULL, enableLearning=false, autoCorrection=false, autoComplete=false, imeOptions=0, privateImeOptions=null, actionName=UNSPECIFIED, actionLabel=null, initialSelStart=-1, initialSelEnd=-1, initialCapsMode=0, label=null, fieldId=0, fieldName=null, extras=null, hintText=null, hintLocales=[]}}, false)
2026-06-28 21:18:39.812  1624-2230  PackageConfigPersister  system_server                        W  App-specific configuration not found for packageName: com.tapman104.mpvplayer and userId: 0
2026-06-28 21:18:40.158 18971-19503 mpv                     com.tapman104.mpvplayer              V  [mkv:warn] Too many packets in the demuxer packet queues:
2026-06-28 21:18:40.161 18971-19503 mpv                     com.tapman104.mpvplayer              V  [mkv:warn]   video/0: 9456 packets, 40857104 bytes (refreshing)
2026-06-28 21:18:40.165 18971-19503 mpv                     com.tapman104.mpvplayer              V  [mkv:warn]   audio/1: 19740 packets, 14013968 bytes (refreshing)
2026-06-28 21:18:40.166 18971-19503 mpv                     com.tapman104.mpvplayer              V  [mkv:warn]   sub/2: 110 packets, 67536 bytes (lazy) (refreshing)
2026-06-28 21:18:40.171 18971-19503 mpv                     com.tapman104.mpvplayer              V  [cplayer:v] first video frame after restart shown
2026-06-28 21:18:40.173 18971-19503 mpv                     com.tapman104.mpvplayer              V  event: playback-restart
2026-06-28 21:18:40.174 18971-19503 MpvEventDispatcher      com.tapman104.mpvplayer              D  Received MPV event: 21
2026-06-28 21:18:40.175 18971-19503 mpv                     com.tapman104.mpvplayer              V  [cplayer:v] audio ready
2026-06-28 21:18:40.175 18971-19503 mpv                     com.tapman104.mpvplayer              V  [cplayer:v] starting audio playback
2026-06-28 21:18:40.176 18971-19503 mpv                     com.tapman104.mpvplayer              V  [cplayer:v] playback restart complete @ 275.949000, audio=playing, video=playing (paused)
2026-06-28 21:18:40.179  1024-1024  BufferQueueProducer     surfaceflinger                       I  [b44ccc7 SurfaceView[com.tapman104.mpvplayer/com.tapman104.mpvplayer.PlayerActivity](BLAST)#9226](this:0xb400007c873e2108,id:-1,api:0,p:-1,c:1024) queueBuffer: fps=2.89 dur=1038.01 max=652.71 min=83.64
2026-06-28 21:18:40.234 18971-18971 VRI[PlayerActivity]     com.tapman104.mpvplayer              D  visibilityChanged oldVisibility=true newVisibility=false
2026-06-28 21:18:40.236 18971-18971 MpvSurface              com.tapman104.mpvplayer              D  surfaceDestroyed
2026-06-28 21:18:40.236 18971-18971 BLASTBufferQueue        com.tapman104.mpvplayer              D  [b44ccc7 SurfaceView[com.tapman104.mpvplayer/com.tapman104.mpvplayer.PlayerActivity]#4](f:0,a:2) destructor()
2026-06-28 21:18:40.236 18971-18971 BufferQueueConsumer     com.tapman104.mpvplayer              D  [b44ccc7 SurfaceView[com.tapman104.mpvplayer/com.tapman104.mpvplayer.PlayerActivity]#4(BLAST Consumer)4](id:4a1b00000004,api:0,p:-1,c:18971) disconnect
2026-06-28 21:18:40.239  1024-1024  SurfaceFlinger          surfaceflinger                       I  onHandleDestroyed: layerId=9322, name=Transition Root: ActivityRecord{243212055 u0 com.tapman104.mpvplayer/.PlayerActivity t171 f}}#9322
2026-06-28 21:18:40.241 18971-19772 MediaCodec              com.tapman104.mpvplayer              D  [0xb4000072dc5031d0] setState: 7
2026-06-28 21:18:40.243 18971-19503 mpv                     com.tapman104.mpvplayer              V  [vo/gpu:v] Resize: 2400x1080
2026-06-28 21:18:40.244 18971-19503 mpv                     com.tapman104.mpvplayer              V  [vo/gpu:v] Window size: 2400x1080 (Borders: l=0 t=0 r=0 b=0)
2026-06-28 21:18:40.244 18971-19503 mpv                     com.tapman104.mpvplayer              V  [vo/gpu:v] Video source: 1920x1080 (1:1)
2026-06-28 21:18:40.245 18971-19503 mpv                     com.tapman104.mpvplayer              V  [vo/gpu:v] Video display: (0, 0) 1920x1080 -> (240, 0) 1920x1080
2026-06-28 21:18:40.245 18971-19503 mpv                     com.tapman104.mpvplayer              V  [vo/gpu:v] Video scale: 1.000000/1.000000
2026-06-28 21:18:40.245 18971-19503 mpv                     com.tapman104.mpvplayer              V  [vo/gpu:v] OSD borders: l=240 t=0 r=240 b=0
2026-06-28 21:18:40.245 18971-19503 mpv                     com.tapman104.mpvplayer              V  [vo/gpu:v] Video borders: l=240 t=0 r=240 b=0
2026-06-28 21:18:40.246 18971-19503 mpv                     com.tapman104.mpvplayer              V  [vo/gpu:v] Reported display depth: 8
2026-06-28 21:18:40.248 18971-19773 PipelineWatcher         com.tapman104.mpvplayer              D  onWorkDone: frameIndex not found (18446744073709551615); ignored
2026-06-28 21:18:40.248 18971-19773 PipelineWatcher         com.tapman104.mpvplayer              D  onWorkDone: frameIndex not found (18446744073709551615); ignored
2026-06-28 21:18:40.248 18971-19773 PipelineWatcher         com.tapman104.mpvplayer              D  onWorkDone: frameIndex not found (18446744073709551615); ignored
2026-06-28 21:18:40.248 18971-19773 PipelineWatcher         com.tapman104.mpvplayer              D  onWorkDone: frameIndex not found (18446744073709551615); ignored
2026-06-28 21:18:40.248 18971-19773 PipelineWatcher         com.tapman104.mpvplayer              D  onWorkDone: frameIndex not found (18446744073709551615); ignored
2026-06-28 21:18:40.248 18971-19773 PipelineWatcher         com.tapman104.mpvplayer              D  onWorkDone: frameIndex not found (18446744073709551615); ignored
2026-06-28 21:18:40.248 18971-19773 PipelineWatcher         com.tapman104.mpvplayer              D  onWorkDone: frameIndex not found (18446744073709551615); ignored
2026-06-28 21:18:40.248 18971-19773 PipelineWatcher         com.tapman104.mpvplayer              D  onWorkDone: frameIndex not found (18446744073709551615); ignored
2026-06-28 21:18:40.248 18971-19773 PipelineWatcher         com.tapman104.mpvplayer              D  onWorkDone: frameIndex not found (18446744073709551615); ignored
2026-06-28 21:18:40.248 18971-19773 CCodecBufferChannel     com.tapman104.mpvplayer              D  [c2.mtk.avc.decoder#906] flushed work; ignored.
2026-06-28 21:18:40.248 18971-19773 CCodecBufferChannel     com.tapman104.mpvplayer              D  [c2.mtk.avc.decoder#906] Discard frames from previous generation.
2026-06-28 21:18:40.249 18971-19773 PipelineWatcher         com.tapman104.mpvplayer              D  onWorkDone: frameIndex not found (18446744073709551615); ignored
2026-06-28 21:18:40.249 18971-19773 CCodecBufferChannel     com.tapman104.mpvplayer              D  [c2.mtk.avc.decoder#906] flushed work not feedInput.
2026-06-28 21:18:40.249 18971-19772 MediaCodec              com.tapman104.mpvplayer              D  [0xb4000072dc5031d0] setState: 6
2026-06-28 21:18:40.249 18971-19772 CCodecConfig            com.tapman104.mpvplayer              I  query failed after returning 19 values (BAD_INDEX)
2026-06-28 21:18:40.251 18971-19772 Codec2Client            com.tapman104.mpvplayer              W  query -- param skipped: index = 1342179345.
2026-06-28 21:18:40.251 18971-19772 Codec2Client            com.tapman104.mpvplayer              W  query -- param skipped: index = 2415921170.
2026-06-28 21:18:40.251 18971-19772 Codec2Client            com.tapman104.mpvplayer              W  query -- param skipped: index = 1610614798.
2026-06-28 21:18:40.252 18971-19493 MediaCodec              com.tapman104.mpvplayer              D  [0xb4000072dc5031d0] [c2.mtk.avc.decoder] stop
2026-06-28 21:18:40.252 18971-19772 MediaCodec              com.tapman104.mpvplayer              D  [0xb4000072dc5031d0] setState: 9
2026-06-28 21:18:40.252 18971-19772 CCodecBufferChannel     com.tapman104.mpvplayer              D  [c2.mtk.avc.decoder#906] MediaCodec discarded an unknown buffer
2026-06-28 21:18:40.252 18971-19772 CCodecBufferChannel     com.tapman104.mpvplayer              D  [c2.mtk.avc.decoder#906] MediaCodec discarded an unknown buffer
2026-06-28 21:18:40.253 18971-19772 CCodecBufferChannel     com.tapman104.mpvplayer              D  [c2.mtk.avc.decoder#906] MediaCodec discarded an unknown buffer
2026-06-28 21:18:40.253 18971-19772 CCodecBufferChannel     com.tapman104.mpvplayer              D  [c2.mtk.avc.decoder#906] MediaCodec discarded an unknown buffer
2026-06-28 21:18:40.253 18971-19772 CCodecBufferChannel     com.tapman104.mpvplayer              D  [c2.mtk.avc.decoder#906] MediaCodec discarded an unknown buffer
2026-06-28 21:18:40.253 18971-19772 CCodecBufferChannel     com.tapman104.mpvplayer              D  [c2.mtk.avc.decoder#906] MediaCodec discarded an unknown buffer
2026-06-28 21:18:40.253 18971-19772 CCodecBufferChannel     com.tapman104.mpvplayer              D  [c2.mtk.avc.decoder#906] MediaCodec discarded an unknown buffer
2026-06-28 21:18:40.254 18971-19772 CCodecBufferChannel     com.tapman104.mpvplayer              D  [c2.mtk.avc.decoder#906] MediaCodec discarded an unknown buffer
2026-06-28 21:18:40.256  1024-1024  SurfaceFlinger          surfaceflinger                       I  onHandleDestroyed: layerId=9230, name=fc80796 ActivityRecordInputSink com.tapman104.mpvplayer/.PlayerActivity#9230
2026-06-28 21:18:40.265 18971-19772 MediaCodec              com.tapman104.mpvplayer              D  [0xb4000072dc5031d0] [c2.mtk.avc.decoder] kWhatStopCompleted
2026-06-28 21:18:40.268 18971-19772 MediaCodec              com.tapman104.mpvplayer              D  [0xb4000072dc5031d0] setState: 2
2026-06-28 21:18:40.268 18971-19772 MediaCodec              com.tapman104.mpvplayer              D  [0xb4000072dc5031d0] [c2.mtk.avc.decoder] disconnectFromSurface: mSurface 0xb40000727c3b3540
2026-06-28 21:18:40.268 18971-19772 SurfaceUtils            com.tapman104.mpvplayer              D  disconnecting from surface 0xb40000727c3b3550, reason disconnectFromSurface
2026-06-28 21:18:40.269 18971-19504 MediaCodec              com.tapman104.mpvplayer              D  [0xb4000072dc5031d0] [c2.mtk.avc.decoder] releaseAsync
2026-06-28 21:18:40.269 18971-19503 mpv                     com.tapman104.mpvplayer              V  event: video-reconfig
2026-06-28 21:18:40.269 18971-19772 MediaCodec              com.tapman104.mpvplayer              D  [0xb4000072dc5031d0] setState: 10
2026-06-28 21:18:40.269 18971-19503 MpvEventDispatcher      com.tapman104.mpvplayer              D  Received MPV event: 17
2026-06-28 21:18:40.271 18971-19504 BufferQueueConsumer     com.tapman104.mpvplayer              D  [ImageReader-16x16f22u256m5-18971-0](id:4a1b00000006,api:0,p:-1,c:18971) disconnect
2026-06-28 21:18:40.277 18971-19772 MediaCodec              com.tapman104.mpvplayer              D  [0xb4000072dc5031d0] [c2.mtk.avc.decoder] kWhatReleaseCompleted
2026-06-28 21:18:40.277 18971-19772 MediaCodec              com.tapman104.mpvplayer              D  [0xb4000072dc5031d0] setState: 0
2026-06-28 21:18:40.279 18971-19773 hw-BpHwBinder           com.tapman104.mpvplayer              I  onLastStrongRef automatically unlinking death recipients
2026-06-28 21:18:40.323 18971-19503 mpv                     com.tapman104.mpvplayer              V  event: video-reconfig
2026-06-28 21:18:40.323 18971-19503 MpvEventDispatcher      com.tapman104.mpvplayer              D  Received MPV event: 17
2026-06-28 21:18:40.327  1624-1647  WindowManager           system_server                        D  [SG_DEBUG]Set SyncGroup{id=571 name=Transition-CHANGE} on Task{1c0909a #171 type=standard A=10273:com.tapman104.mpvplayer}
2026-06-28 21:18:40.328 18971-19503 mpv                     com.tapman104.mpvplayer              V  [vo/null:v] reconfig to 960x540 rgba rgb/bt.709/srgb/full/display CL=mpeg1/jpeg
2026-06-28 21:18:40.329 18971-19503 mpv                     com.tapman104.mpvplayer              V  event: video-reconfig
2026-06-28 21:18:40.330 18971-19503 MpvEventDispatcher      com.tapman104.mpvplayer              D  Received MPV event: 17
2026-06-28 21:18:40.333 18971-19503 mpv                     com.tapman104.mpvplayer              V  [vd:v] Container reported FPS: 23.976024
2026-06-28 21:18:40.333 18971-19503 mpv                     com.tapman104.mpvplayer              V  [vd:v] Codec list:
2026-06-28 21:18:40.333 18971-19503 mpv                     com.tapman104.mpvplayer              V  [vd:v]     h264 - H.264 / AVC / MPEG-4 AVC / MPEG-4 part 10
2026-06-28 21:18:40.333 18971-19503 mpv                     com.tapman104.mpvplayer              V  [vd:v]     h264_v4l2m2m (h264) - V4L2 mem2mem H.264 decoder wrapper
2026-06-28 21:18:40.334 18971-19503 mpv                     com.tapman104.mpvplayer              V  [vd:v]     h264_mediacodec (h264) - H.264 Android MediaCodec decoder
2026-06-28 21:18:40.334 18971-19503 mpv                     com.tapman104.mpvplayer              V  [vd:v] Opening decoder h264
2026-06-28 21:18:40.334 18971-19503 mpv                     com.tapman104.mpvplayer              V  [vd:v] Looking at hwdec h264_mediacodec-mediacodec...
2026-06-28 21:18:40.334 18971-19503 mpv                     com.tapman104.mpvplayer              V  [vd:v] Could not create device.
2026-06-28 21:18:40.334 18971-19503 mpv                     com.tapman104.mpvplayer              V  [vd:v] Using software decoding.
2026-06-28 21:18:40.334 18971-19503 mpv                     com.tapman104.mpvplayer              V  [vd:v] Detected 8 logical cores.
2026-06-28 21:18:40.334 18971-19503 mpv                     com.tapman104.mpvplayer              V  [vd:v] Requesting 9 threads for decoding.
2026-06-28 21:18:40.341 18971-19503 mpv                     com.tapman104.mpvplayer              V  [vd:v] DR failed - disabling.
2026-06-28 21:18:40.374 18971-19503 mpv                     com.tapman104.mpvplayer              V  [vd:v] Selected decoder: h264 - H.264 / AVC / MPEG-4 AVC / MPEG-4 part 10
2026-06-28 21:18:40.374 18971-19503 mpv                     com.tapman104.mpvplayer              V  [vf:v] User filter list:
2026-06-28 21:18:40.374 18971-19503 mpv                     com.tapman104.mpvplayer              V  [vf:v]   (empty)
2026-06-28 21:18:40.375 18971-19503 mpv                     com.tapman104.mpvplayer              V  [cplayer:v] Set property: vo="null" -> 1
2026-06-28 21:18:40.375 18971-19503 mpv                     com.tapman104.mpvplayer              V  [cplayer:v] Set property: force-window="no" -> 1
2026-06-28 21:18:40.375 18971-19493 MpvCommandExecutor      com.tapman104.mpvplayer              D  detachSurface gen=1
2026-06-28 21:18:40.383 18971-19503 mpv                     com.tapman104.mpvplayer              V  [ffmpeg/video:error] h264: co located POCs unavailable
2026-06-28 21:18:40.388 18971-19503 mpv                     com.tapman104.mpvplayer              V  [ffmpeg/video:error] h264: co located POCs unavailable
2026-06-28 21:18:40.393 18971-19503 mpv                     com.tapman104.mpvplayer              V  [ffmpeg/video:error] h264: co located POCs unavailable
2026-06-28 21:18:40.418 18971-19503 mpv                     com.tapman104.mpvplayer              V  [ffmpeg/video:error] h264: mmco: unref short failure
2026-06-28 21:18:40.460  1624-1647  WindowManager           system_server                        D  [SG_DEBUG]Clear [finished]SyncGroup{id=571 name=Transition-CHANGE} on Task{1c0909a #171 type=standard A=10273:com.tapman104.mpvplayer}
2026-06-28 21:18:40.467  1624-1644  WindowManager           system_server                        V      info={id=571 t=CHANGE f=0x0 trk=0 isSameTaskSwitch=false r=[0@Point(0, 0)] c=[
                                                                                                            {WCT{RemoteToken{3da0a36 Task{1c0909a #171 type=standard A=10273:com.tapman104.mpvplayer}}} m=CHANGE f=FLAG_NT_EXIT_POP_UP_VIEW_DISPLAY_ROTATION p=WCT{RemoteToken{226170a DefaultTaskDisplayArea@256804564}} leash=Surface(name=Task=171)/@0xebdaef8 sb=Rect(0, 0 - 2400, 1080) eb=Rect(0, 0 - 1080, 2400) epz=Point(1080, 2400) d=0 r=3->0:0 taskParent=-1 ntPopUpView={mIsTryEnterWindowingMode=false mIsEnterWindowingModeLandscape=false mIsChangingWindowformBounds=false mStartPos=Point(0, 0) mEndPos=Point(0, 0) mStartScale=0.0 mEndScale=0.0 mStartCornerRadius=0.0 mEndCornerRadius=0.0 mAppBounds=Rect(0, 0 - 0, 0) mWindowCrop=Rect(0, 0 - 0, 0) mStartDragOrChangingBounds=Rect(0, 0 - 0, 0) mEndDragOrChangingBounds=Rect(0, 0 - 0, 0) mBottomLeftCornerLeash=null mBottomRightCornerLeash=null mDragBarLeash=null mCornerHintSize=60x60 mDragBarSize=189x42}},
                                                                                                            {WCT{RemoteToken{226170a DefaultTaskDisplayArea@256804564}} m=CHANGE f=FLAG_IS_TASK_DISPLAY_AREA|FLAG_NT_EXIT_POP_UP_VIEW_DISPLAY_ROTATION p=WCT{RemoteToken{b721d3c Display{#0 state=ON size=1080x2400 ROTATION_0}}} leash=Surface(name=DefaultTaskDisplayArea)/@0x97b1d62 sb=Rect(0, 0 - 2400, 1080) eb=Rect(0, 0 - 1080, 2400) epz=Point(1080, 2400) d=0 r=3->0:-1 ntPopUpView={mIsTryEnterWindowingMode=false mIsEnterWindowingModeLandscape=false mIsChangingWindowformBounds=false mStartPos=Point(0, 0) mEndPos=Point(0, 0) mStartScale=0.0 mEndScale=0.0 mStartCornerRadius=0.0 mEndCornerRadius=0.0 mAppBounds=Rect(0, 0 - 0, 0) mWindowCrop=Rect(0, 0 - 0, 0) mStartDragOrChangingBounds=Rect(0, 0 - 0, 0) mEndDragOrChangingBounds=Rect(0, 0 - 0, 0) mBottomLeftCornerLeash=null mBottomRightCornerLeash=null mDragBarLeash=null mCornerHintSize=0x0 mDragBarSize=0x0}},
                                                                                                            {WCT{RemoteToken{b721d3c Display{#0 state=ON size=1080x2400 ROTATION_0}}} m=CHANGE f=IS_DISPLAY|FLAG_NT_EXIT_POP_UP_VIEW_DISPLAY_ROTATION leash=Surface(name=WindowedMagnification:0:31)/@0xf328e09 sb=Rect(0, 0 - 2400, 1080) eb=Rect(0, 0 - 1080, 2400) epz=Point(1080, 2400) d=0 r=3->0:3 ntPopUpView={mIsTryEnterWindowingMode=false mIsEnterWindowingModeLandscape=false mIsChangingWindowformBounds=false mStartPos=Point(0, 0) mEndPos=Point(0, 0) mStartScale=0.0 mEndScale=0.0 mStartCornerRadius=0.0 mEndCornerRadius=0.0 mAppBounds=Rect(0, 0 - 0, 0) mWindowCrop=Rect(0, 0 - 0, 0) mStartDragOrChangingBounds=Rect(0, 0 - 0, 0) mEndDragOrChangingBounds=Rect(0, 0 - 0, 0) mBottomLeftCornerLeash=null mBottomRightCornerLeash=null mDragBarLeash=null mCornerHintSize=0x0 mDragBarSize=0x0}}
                                                                                                        ]}
2026-06-28 21:18:40.511  1024-2830  SurfaceFlinger          surfaceflinger                       I  onHandleDestroyed: layerId=9224, name=Bounds for - com.tapman104.mpvplayer/com.tapman104.mpvplayer.PlayerActivity#9224
2026-06-28 21:18:40.511 18971-18971 BLASTBufferQueue        com.tapman104.mpvplayer              D  [VRI[PlayerActivity]#3](f:0,a:1) destructor()
2026-06-28 21:18:40.511 18971-18971 BufferQueueConsumer     com.tapman104.mpvplayer              D  [VRI[PlayerActivity]#3(BLAST Consumer)3](id:4a1b00000003,api:0,p:-1,c:18971) disconnect
2026-06-28 21:18:40.524  1024-2830  SurfaceFlinger          surfaceflinger                       I  onHandleDestroyed: layerId=9225, name=b44ccc7 SurfaceView[com.tapman104.mpvplayer/com.tapman104.mpvplayer.PlayerActivity]#9225
2026-06-28 21:18:40.525  1024-1103  SurfaceFlinger          surfaceflinger                       I  onHandleDestroyed: layerId=9226, name=b44ccc7 SurfaceView[com.tapman104.mpvplayer/com.tapman104.mpvplayer.PlayerActivity](BLAST)#9226
2026-06-28 21:18:40.529  1024-2830  SurfaceFlinger          surfaceflinger                       I  onHandleDestroyed: layerId=9227, name=Background for b44ccc7 SurfaceView[com.tapman104.mpvplayer/com.tapman104.mpvplayer.PlayerActivity]#9227
2026-06-28 21:18:40.566 18971-19494 AudioTrack              com.tapman104.mpvplayer              D  pause(915): 0xb40000727c3e4d10, prior state:STATE_FLUSHED, packageName: com.tapman104.mpvplayer
2026-06-28 21:18:40.567 18971-19494 AudioTrack              com.tapman104.mpvplayer              D  flush(915): 0xb40000727c3e4d10, prior state:STATE_FLUSHED, packageName: com.tapman104.mpvplayer
2026-06-28 21:18:40.568 18971-19503 mpv                     com.tapman104.mpvplayer              V  [mkv:v] queuing seek to 275.949000
2026-06-28 21:18:40.568 18971-19494 AudioTrack              com.tapman104.mpvplayer              D  updateStateToService: AudioTrackStatus state:4
2026-06-28 21:18:40.576 18971-19503 mpv                     com.tapman104.mpvplayer              V  [mkv:v] cached range 0: 949.247000 <-> 968.516000 (bof=0, eof=0)
2026-06-28 21:18:40.577  1624-2097  AS.AudioService         system_server                        D  AudioTrackStatus: pid = 18971; uid = 10273; sessionId = 1113; streamType = 3; state = 4; pkgName = com.tapman104.mpvplayer
2026-06-28 21:18:40.580 18971-19503 mpv                     com.tapman104.mpvplayer              V  [mkv:v] cached range 1: 189.196000 <-> 668.425000 (bof=0, eof=0)
2026-06-28 21:18:40.594 18971-19503 mpv                     com.tapman104.mpvplayer              V  event: seek
2026-06-28 21:18:40.595 18971-19503 MpvEventDispatcher      com.tapman104.mpvplayer              D  Received MPV event: 20
2026-06-28 21:18:40.614 18971-19503 mpv                     com.tapman104.mpvplayer              V  [mkv:v] ...using this range for in-cache seek.
2026-06-28 21:18:40.615 18971-19503 mpv                     com.tapman104.mpvplayer              V  [mkv:v] seeking stream 0 (video) to packet 270.861000/-9223372036854775808.000000
2026-06-28 21:18:40.618 18971-19503 mpv                     com.tapman104.mpvplayer              V  [mkv:v] seeking stream 1 (audio) to packet 275.933500/-9223372036854775808.000000
2026-06-28 21:18:40.622 18971-19503 mpv                     com.tapman104.mpvplayer              V  [mkv:v] seeking stream 2 (sub) to packet 274.387000/-9223372036854775808.000000
2026-06-28 21:18:40.623 18971-19503 mpv                     com.tapman104.mpvplayer              V  [cplayer:v] hr-seek, skipping to 275.949000
2026-06-28 21:18:40.673 18971-19503 mpv                     com.tapman104.mpvplayer              V  event: video-reconfig
2026-06-28 21:18:40.673 18971-19503 MpvEventDispatcher      com.tapman104.mpvplayer              D  Received MPV event: 17
2026-06-28 21:18:40.674 18971-19503 mpv                     com.tapman104.mpvplayer              V  event: video-reconfig
2026-06-28 21:18:40.674 18971-19503 MpvEventDispatcher      com.tapman104.mpvplayer              D  Received MPV event: 17
2026-06-28 21:18:40.676 18971-19503 mpv                     com.tapman104.mpvplayer              V  [vd:v] Container reported FPS: 23.976024
2026-06-28 21:18:40.678 18971-19503 mpv                     com.tapman104.mpvplayer              V  [vd:v] Codec list:
2026-06-28 21:18:40.681 18971-19503 mpv                     com.tapman104.mpvplayer              V  [vd:v]     h264 - H.264 / AVC / MPEG-4 AVC / MPEG-4 part 10
2026-06-28 21:18:40.681 18971-19503 mpv                     com.tapman104.mpvplayer              V  [vd:v]     h264_v4l2m2m (h264) - V4L2 mem2mem H.264 decoder wrapper
2026-06-28 21:18:40.685 18971-19503 mpv                     com.tapman104.mpvplayer              V  [vd:v]     h264_mediacodec (h264) - H.264 Android MediaCodec decoder
2026-06-28 21:18:40.687 18971-19503 mpv                     com.tapman104.mpvplayer              V  [vd:v] Opening decoder h264
2026-06-28 21:18:40.688 18971-19503 mpv                     com.tapman104.mpvplayer              V  [vd:v] Looking at hwdec h264_mediacodec-mediacodec...
2026-06-28 21:18:40.688 18971-19503 mpv                     com.tapman104.mpvplayer              V  [vd:v] Could not create device.
2026-06-28 21:18:40.691  4334-4334  GoogleInpu...hodService com...gle.android.inputmethod.latin  I  GoogleInputMethodService.onStartInput():1454 onStartInput(EditorInfo{EditorInfo{packageName=com.tapman104.mpvplayer, inputType=0, inputTypeString=NULL, enableLearning=false, autoCorrection=false, autoComplete=false, imeOptions=0, privateImeOptions=null, actionName=UNSPECIFIED, actionLabel=null, initialSelStart=-1, initialSelEnd=-1, initialCapsMode=0, label=null, fieldId=0, fieldName=null, extras=null, hintText=null, hintLocales=[]}}, true)
2026-06-28 21:18:40.691 18971-19503 mpv                     com.tapman104.mpvplayer              V  [vd:v] Using software decoding.
2026-06-28 21:18:40.695 18971-19503 mpv                     com.tapman104.mpvplayer              V  [vd:v] Detected 8 logical cores.
2026-06-28 21:18:40.696  1624-1640  PackageConfigPersister  system_server                        W  App-specific configuration not found for packageName: com.tapman104.mpvplayer and userId: 0
2026-06-28 21:18:40.697 18971-19503 mpv                     com.tapman104.mpvplayer              V  [vd:v] Requesting 9 threads for decoding.
2026-06-28 21:18:40.702 18971-19503 mpv                     com.tapman104.mpvplayer              V  [vd:v] DR failed - disabling.
2026-06-28 21:18:40.702 18971-19503 mpv                     com.tapman104.mpvplayer              V  [vd:v] Selected decoder: h264 - H.264 / AVC / MPEG-4 AVC / MPEG-4 part 10
2026-06-28 21:18:40.703 18971-19503 mpv                     com.tapman104.mpvplayer              V  [vf:v] User filter list:
2026-06-28 21:18:40.703 18971-19503 mpv                     com.tapman104.mpvplayer              V  [vf:v]   (empty)
2026-06-28 21:18:40.714  1624-1647  PowerHalWrapper         system_server                        I  amsBoostNotify pid:18971,activity:com.tapman104.mpvplayer.PlayerActivity, package:com.tapman104.mpvplayer, mProcessCreatePackcom.google.android.documentsui 
2026-06-28 21:18:40.714  1624-1647  mtkpower_client         system_server                        I  [PowerHal_Wrap_notifyAppState] com.tapman104.mpvplayer/com.tapman104.mpvplayer.PlayerActivity pid=18971 activityId:243212055 state:0
2026-06-28 21:18:40.715   991-991   vendor.med...e.mediatek ven...ower_applist-service.mediatek  I  packName: com.tapman104.mpvplayer actName: com.tapman104.mpvplayer.PlayerActivity pid: 18971 uid: 10273 state: 0
2026-06-28 21:18:40.715   991-991   MTK_APPList             ven...ower_applist-service.mediatek  I  [notifyAPPstate] com.tapman104.mpvplayer/com.tapman104.mpvplayer.PlayerActivity, pid=18971, uid=10273, state:PAUSED, fps:120, win:0
2026-06-28 21:18:40.715   991-991   MTK_APPList             ven...ower_applist-service.mediatek  I  [notifyAPPstate] multi_resumed_app_info[0] com.tapman104.mpvplayer/com.tapman104.mpvplayer.MainActivity, pid:18971, fps:120, isMultiWindow:0
2026-06-28 21:18:40.745 18971-18971 MpvController           com.tapman104.mpvplayer              D  Destroying MPV engine
2026-06-28 21:18:40.745 18971-19493 MpvCommandExecutor      com.tapman104.mpvplayer              D  detachSurface gen=1
2026-06-28 21:18:40.750 18971-18971 WindowOnBackDispatcher  com.tapman104.mpvplayer              W  sendCancelIfRunning: isInProgress=false callback=android.view.ViewRootImpl$$ExternalSyntheticLambda12@4b475b7
2026-06-28 21:18:40.756 18971-18971 ViewRootImpl            com.tapman104.mpvplayer              D  Skipping stats log for color mode
2026-06-28 21:18:40.756 18971-18971 View                    com.tapman104.mpvplayer              D  [Warning] assignParent to null: this = DecorView@a54db16[PlayerActivity]
2026-06-28 21:18:40.762  1624-3554  WindowManager           system_server                        D  setParent old=ActivityRecord{243212055 u0 com.tapman104.mpvplayer/.PlayerActivity t171 f}},new=null,this window=Window{74264ff u0 com.tapman104.mpvplayer/com.tapman104.mpvplayer.PlayerActivity},callers=com.android.server.wm.WindowContainer.removeChild:896 com.android.server.wm.ActivityRecord.removeChild:4597 com.android.server.wm.ActivityRecord.removeChild:403 com.android.server.wm.WindowContainer.removeImmediately:949 com.android.server.wm.WindowState.removeImmediately:2255 com.android.server.wm.WindowState.removeIfPossible:2444 
